Archive member included to satisfy reference by file (symbol)

../Middlewares/ST/ARM/DSP/Lib\libarm_cortexM4lf_math.a(arm_sin_f32.o)
                              ./Core/Hardware/FOC.o (arm_sin_f32)
../Middlewares/ST/ARM/DSP/Lib\libarm_cortexM4lf_math.a(arm_cos_f32.o)
                              ./Core/Hardware/FOC.o (arm_cos_f32)
../Middlewares/ST/ARM/DSP/Lib\libarm_cortexM4lf_math.a(arm_common_tables.o)
                              ../Middlewares/ST/ARM/DSP/Lib\libarm_cortexM4lf_math.a(arm_sin_f32.o) (sinTable_f32)
E:/stm32cubeide_cdh/STM32CubeIDE_1.13.1/STM32CubeIDE/plugins/com.st.stm32cube.ide.mcu.externaltools.gnu-tools-for-stm32.11.3.rel1.win32_1.1.0.202305231506/tools/bin/../lib/gcc/arm-none-eabi/11.3.1/../../../../arm-none-eabi/lib/thumb/v7e-m+fp/hard\libc_nano.a(libc_a-exit.o)
                              E:/stm32cubeide_cdh/STM32CubeIDE_1.13.1/STM32CubeIDE/plugins/com.st.stm32cube.ide.mcu.externaltools.gnu-tools-for-stm32.11.3.rel1.win32_1.1.0.202305231506/tools/bin/../lib/gcc/arm-none-eabi/11.3.1/../../../../arm-none-eabi/lib/thumb/v7e-m+fp/hard/crt0.o (exit)
E:/stm32cubeide_cdh/STM32CubeIDE_1.13.1/STM32CubeIDE/plugins/com.st.stm32cube.ide.mcu.externaltools.gnu-tools-for-stm32.11.3.rel1.win32_1.1.0.202305231506/tools/bin/../lib/gcc/arm-none-eabi/11.3.1/../../../../arm-none-eabi/lib/thumb/v7e-m+fp/hard\libc_nano.a(libc_a-rand.o)
                              ./Core/Hardware/oled.o (rand)
E:/stm32cubeide_cdh/STM32CubeIDE_1.13.1/STM32CubeIDE/plugins/com.st.stm32cube.ide.mcu.externaltools.gnu-tools-for-stm32.11.3.rel1.win32_1.1.0.202305231506/tools/bin/../lib/gcc/arm-none-eabi/11.3.1/../../../../arm-none-eabi/lib/thumb/v7e-m+fp/hard\libc_nano.a(libc_a-nano-vfprintf_float.o)
                              (_printf_float)
E:/stm32cubeide_cdh/STM32CubeIDE_1.13.1/STM32CubeIDE/plugins/com.st.stm32cube.ide.mcu.externaltools.gnu-tools-for-stm32.11.3.rel1.win32_1.1.0.202305231506/tools/bin/../lib/gcc/arm-none-eabi/11.3.1/../../../../arm-none-eabi/lib/thumb/v7e-m+fp/hard\libc_nano.a(libc_a-nano-vfprintf_i.o)
                              E:/stm32cubeide_cdh/STM32CubeIDE_1.13.1/STM32CubeIDE/plugins/com.st.stm32cube.ide.mcu.externaltools.gnu-tools-for-stm32.11.3.rel1.win32_1.1.0.202305231506/tools/bin/../lib/gcc/arm-none-eabi/11.3.1/../../../../arm-none-eabi/lib/thumb/v7e-m+fp/hard\libc_nano.a(libc_a-nano-vfprintf_float.o) (_printf_common)
E:/stm32cubeide_cdh/STM32CubeIDE_1.13.1/STM32CubeIDE/plugins/com.st.stm32cube.ide.mcu.externaltools.gnu-tools-for-stm32.11.3.rel1.win32_1.1.0.202305231506/tools/bin/../lib/gcc/arm-none-eabi/11.3.1/../../../../arm-none-eabi/lib/thumb/v7e-m+fp/hard\libc_nano.a(libc_a-nano-vfscanf_float.o)
                              (_scanf_float)
E:/stm32cubeide_cdh/STM32CubeIDE_1.13.1/STM32CubeIDE/plugins/com.st.stm32cube.ide.mcu.externaltools.gnu-tools-for-stm32.11.3.rel1.win32_1.1.0.202305231506/tools/bin/../lib/gcc/arm-none-eabi/11.3.1/../../../../arm-none-eabi/lib/thumb/v7e-m+fp/hard\libc_nano.a(libc_a-findfp.o)
                              E:/stm32cubeide_cdh/STM32CubeIDE_1.13.1/STM32CubeIDE/plugins/com.st.stm32cube.ide.mcu.externaltools.gnu-tools-for-stm32.11.3.rel1.win32_1.1.0.202305231506/tools/bin/../lib/gcc/arm-none-eabi/11.3.1/../../../../arm-none-eabi/lib/thumb/v7e-m+fp/hard\libc_nano.a(libc_a-exit.o) (__stdio_exit_handler)
E:/stm32cubeide_cdh/STM32CubeIDE_1.13.1/STM32CubeIDE/plugins/com.st.stm32cube.ide.mcu.externaltools.gnu-tools-for-stm32.11.3.rel1.win32_1.1.0.202305231506/tools/bin/../lib/gcc/arm-none-eabi/11.3.1/../../../../arm-none-eabi/lib/thumb/v7e-m+fp/hard\libc_nano.a(libc_a-fwalk.o)
                              E:/stm32cubeide_cdh/STM32CubeIDE_1.13.1/STM32CubeIDE/plugins/com.st.stm32cube.ide.mcu.externaltools.gnu-tools-for-stm32.11.3.rel1.win32_1.1.0.202305231506/tools/bin/../lib/gcc/arm-none-eabi/11.3.1/../../../../arm-none-eabi/lib/thumb/v7e-m+fp/hard\libc_nano.a(libc_a-findfp.o) (_fwalk_sglue)
E:/stm32cubeide_cdh/STM32CubeIDE_1.13.1/STM32CubeIDE/plugins/com.st.stm32cube.ide.mcu.externaltools.gnu-tools-for-stm32.11.3.rel1.win32_1.1.0.202305231506/tools/bin/../lib/gcc/arm-none-eabi/11.3.1/../../../../arm-none-eabi/lib/thumb/v7e-m+fp/hard\libc_nano.a(libc_a-printf.o)
                              ./Core/Hardware/DRV8301.o (printf)
E:/stm32cubeide_cdh/STM32CubeIDE_1.13.1/STM32CubeIDE/plugins/com.st.stm32cube.ide.mcu.externaltools.gnu-tools-for-stm32.11.3.rel1.win32_1.1.0.202305231506/tools/bin/../lib/gcc/arm-none-eabi/11.3.1/../../../../arm-none-eabi/lib/thumb/v7e-m+fp/hard\libc_nano.a(libc_a-puts.o)
                              ./Core/Hardware/DRV8301.o (puts)
E:/stm32cubeide_cdh/STM32CubeIDE_1.13.1/STM32CubeIDE/plugins/com.st.stm32cube.ide.mcu.externaltools.gnu-tools-for-stm32.11.3.rel1.win32_1.1.0.202305231506/tools/bin/../lib/gcc/arm-none-eabi/11.3.1/../../../../arm-none-eabi/lib/thumb/v7e-m+fp/hard\libc_nano.a(libc_a-sprintf.o)
[...]
Memory Configuration

Name             Origin             Length             Attributes
CCMRAM           0x0000000010000000 0x0000000000010000 xrw
RAM              0x0000000020000000 0x0000000000020000 xrw
FLASH            0x0000000008000000 0x0000000000100000 xr
*default*        0x0000000000000000 0xffffffffffffffff

Linker script and memory map

LOAD E:/stm32cubeide_cdh/STM32CubeIDE_1.13.1/STM32CubeIDE/plugins/com.st.stm32cube.ide.mcu.externaltools.gnu-tools-for-stm32.11.3.rel1.win32_1.1.0.202305231506/tools/bin/../lib/gcc/arm-none-eabi/11.3.1/thumb/v7e-m+fp/hard/crti.o
LOAD E:/stm32cubeide_cdh/STM32CubeIDE_1.13.1/STM32CubeIDE/plugins/com.st.stm32cube.ide.mcu.externaltools.gnu-tools-for-stm32.11.3.rel1.win32_1.1.0.202305231506/tools/bin/../lib/gcc/arm-none-eabi/11.3.1/thumb/v7e-m+fp/hard/crtbegin.o
LOAD E:/stm32cubeide_cdh/STM32CubeIDE_1.13.1/STM32CubeIDE/plugins/com.st.stm32cube.ide.mcu.externaltools.gnu-tools-for-stm32.11.3.rel1.win32_1.1.0.202305231506/tools/bin/../lib/gcc/arm-none-eabi/11.3.1/../../../../arm-none-eabi/lib/thumb/v7e-m+fp/hard/crt0.o
LOAD ./Core/Hardware/DRV8301.o
LOAD ./Core/Hardware/FOC.o
LOAD ./Core/Hardware/MT6701.o
LOAD ./Core/Hardware/NTC.o
LOAD ./Core/Hardware/connect.o
LOAD ./Core/Hardware/flash.o
LOAD ./Core/Hardware/oled.o
LOAD ./Core/Src/adc.o
LOAD ./Core/Src/can.o
LOAD ./Core/Src/dma.o
LOAD ./Core/Src/gpio.o
LOAD ./Core/Src/main.o
LOAD ./Core/Src/stm32f4xx_hal_msp.o
LOAD ./Core/Src/stm32f4xx_it.o
LOAD ./Core/Src/syscalls.o
LOAD ./Core/Src/sysmem.o
LOAD ./Core/Src/system_stm32f4xx.o
LOAD ./Core/Src/tim.o
LOAD ./Core/Src/usart.o
LOAD ./Core/Startup/startup_stm32f405rgtx.o
LOAD ./Drivers/STM32F4xx_HAL_Driver/Src/stm32f4xx_hal.o
LOAD ./Drivers/STM32F4xx_HAL_Driver/Src/stm32f4xx_hal_adc.o
LOAD ./Drivers/STM32F4xx_HAL_Driver/Src/stm32f4xx_hal_adc_ex.o
LOAD ./Drivers/STM32F4xx_HAL_Driver/Src/stm32f4xx_hal_can.o
LOAD ./Drivers/STM32F4xx_HAL_Driver/Src/stm32f4xx_hal_cortex.o
LOAD ./Drivers/STM32F4xx_HAL_Driver/Src/stm32f4xx_hal_dma.o
LOAD ./Drivers/STM32F4xx_HAL_Driver/Src/stm32f4xx_hal_dma_ex.o
LOAD ./Drivers/STM32F4xx_HAL_Driver/Src/stm32f4xx_hal_exti.o
LOAD ./Drivers/STM32F4xx_HAL_Driver/Src/stm32f4xx_hal_flash.o
LOAD ./Drivers/STM32F4xx_HAL_Driver/Src/stm32f4xx_hal_flash_ex.o
LOAD ./Drivers/STM32F4xx_HAL_Driver/Src/stm32f4xx_hal_flash_ramfunc.o
LOAD ./Drivers/STM32F4xx_HAL_Driver/Src/stm32f4xx_hal_gpio.o
LOAD ./Drivers/STM32F4xx_HAL_Driver/Src/stm32f4xx_hal_pwr.o
LOAD ./Drivers/STM32F4xx_HAL_Driver/Src/stm32f4xx_hal_pwr_ex.o
LOAD ./Drivers/STM32F4xx_HAL_Driver/Src/stm32f4xx_hal_rcc.o
LOAD ./Drivers/STM32F4xx_HAL_Driver/Src/stm32f4xx_hal_rcc_ex.o
LOAD ./Drivers/STM32F4xx_HAL_Driver/Src/stm32f4xx_hal_tim.o
LOAD ./Drivers/STM32F4xx_HAL_Driver/Src/stm32f4xx_hal_tim_ex.o
LOAD ./Drivers/STM32F4xx_HAL_Driver/Src/stm32f4xx_hal_uart.o
LOAD ./Drivers/STM32F4xx_HAL_Driver/Src/stm32f4xx_ll_adc.o
LOAD ../Middlewares/ST/ARM/DSP/Lib\libarm_cortexM4lf_math.a
START GROUP
LOAD E:/stm32cubeide_cdh/STM32CubeIDE_1.13.1/STM32CubeIDE/plugins/com.st.stm32cube.ide.mcu.externaltools.gnu-tools-for-stm32.11.3.rel1.win32_1.1.0.202305231506/tools/bin/../lib/gcc/arm-none-eabi/11.3.1/../../../../arm-none-eabi/lib/thumb/v7e-m+fp/hard\libc_nano.a
LOAD E:/stm32cubeide_cdh/STM32CubeIDE_1.13.1/STM32CubeIDE/plugins/com.st.stm32cube.ide.mcu.externaltools.gnu-tools-for-stm32.11.3.rel1.win32_1.1.0.202305231506/tools/bin/../lib/gcc/arm-none-eabi/11.3.1/../../../../arm-none-eabi/lib/thumb/v7e-m+fp/hard\libm.a
END GROUP
START GROUP
LOAD E:/stm32cubeide_cdh/STM32CubeIDE_1.13.1/STM32CubeIDE/plugins/com.st.stm32cube.ide.mcu.externaltools.gnu-tools-for-stm32.11.3.rel1.win32_1.1.0.202305231506/tools/bin/../lib/gcc/arm-none-eabi/11.3.1/thumb/v7e-m+fp/hard\libgcc.a
LOAD E:/stm32cubeide_cdh/STM32CubeIDE_1.13.1/STM32CubeIDE/plugins/com.st.stm32cube.ide.mcu.externaltools.gnu-tools-for-stm32.11.3.rel1.win32_1.1.0.202305231506/tools/bin/../lib/gcc/arm-none-eabi/11.3.1/../../../../arm-none-eabi/lib/thumb/v7e-m+fp/hard\libc_nano.a
END GROUP
START GROUP
LOAD E:/stm32cubeide_cdh/STM32CubeIDE_1.13.1/STM32CubeIDE/plugins/com.st.stm32cube.ide.mcu.externaltools.gnu-tools-for-stm32.11.3.rel1.win32_1.1.0.202305231506/tools/bin/../lib/gcc/arm-none-eabi/11.3.1/thumb/v7e-m+fp/hard\libgcc.a
LOAD E:/stm32cubeide_cdh/STM32CubeIDE_1.13.1/STM32CubeIDE/plugins/com.st.stm32cube.ide.mcu.externaltools.gnu-tools-for-stm32.11.3.rel1.win32_1.1.0.202305231506/tools/bin/../lib/gcc/arm-none-eabi/11.3.1/../../../../arm-none-eabi/lib/thumb/v7e-m+fp/hard\libc_nano.a
LOAD E:/stm32cubeide_cdh/STM32CubeIDE_1.13.1/STM32CubeIDE/plugins/com.st.stm32cube.ide.mcu.externaltools.gnu-tools-for-stm32.11.3.rel1.win32_1.1.0.202305231506/tools/bin/../lib/gcc/arm-none-eabi/11.3.1/../../../../arm-none-eabi/lib/thumb/v7e-m+fp/hard\libnosys.a
END GROUP
START GROUP
LOAD E:/stm32cubeide_cdh/STM32CubeIDE_1.13.1/STM32CubeIDE/plugins/com.st.stm32cube.ide.mcu.externaltools.gnu-tools-for-stm32.11.3.rel1.win32_1.1.0.202305231506/tools/bin/../lib/gcc/arm-none-eabi/11.3.1/thumb/v7e-m+fp/hard\libgcc.a
LOAD E:/stm32cubeide_cdh/STM32CubeIDE_1.13.1/STM32CubeIDE/plugins/com.st.stm32cube.ide.mcu.externaltools.gnu-tools-for-stm32.11.3.rel1.win32_1.1.0.202305231506/tools/bin/../lib/gcc/arm-none-eabi/11.3.1/../../../../arm-none-eabi/lib/thumb/v7e-m+fp/hard\libc_nano.a
LOAD E:/stm32cubeide_cdh/STM32CubeIDE_1.13.1/STM32CubeIDE/plugins/com.st.stm32cube.ide.mcu.externaltools.gnu-tools-for-stm32.11.3.rel1.win32_1.1.0.202305231506/tools/bin/../lib/gcc/arm-none-eabi/11.3.1/../../../../arm-none-eabi/lib/thumb/v7e-m+fp/hard\libnosys.a
END GROUP
LOAD E:/stm32cubeide_cdh/STM32CubeIDE_1.13.1/STM32CubeIDE/plugins/com.st.stm32cube.ide.mcu.externaltools.gnu-tools-for-stm32.11.3.rel1.win32_1.1.0.202305231506/tools/bin/../lib/gcc/arm-none-eabi/11.3.1/thumb/v7e-m+fp/hard/crtend.o
LOAD E:/stm32cubeide_cdh/STM32CubeIDE_1.13.1/STM32CubeIDE/plugins/com.st.stm32cube.ide.mcu.externaltools.gnu-tools-for-stm32.11.3.rel1.win32_1.1.0.202305231506/tools/bin/../lib/gcc/arm-none-eabi/11.3.1/thumb/v7e-m+fp/hard/crtn.o
                0x0000000020020000                _estack = (ORIGIN (RAM) + LENGTH (RAM))
                0x0000000000000200                _Min_Heap_Size = 0x200
                0x0000000000000400                _Min_Stack_Size = 0x400

.isr_vector     0x0000000008000000      0x188
                0x0000000008000000                . = ALIGN (0x4)
 *(.isr_vector)
 .isr_vector    0x0000000008000000      0x188 ./Core/Startup/startup_stm32f405rgtx.o
                0x0000000008000000                g_pfnVectors
                0x0000000008000188                . = ALIGN (0x4)

.text           0x0000000008000190    0x10364
                0x0000000008000190                . = ALIGN (0x4)
 *(.text)
 .text          0x0000000008000190       0x40 E:/stm32cubeide_cdh/STM32CubeIDE_1.13.1/STM32CubeIDE/plugins/com.st.stm32cube.ide.mcu.externaltools.gnu-tools-for-stm32.11.3.rel1.win32_1.1.0.202305231506/tools/bin/../lib/gcc/arm-none-eabi/11.3.1/thumb/v7e-m+fp/hard/crtbegin.o
 .text          0x00000000080001d0       0xa0 E:/stm32cubeide_cdh/STM32CubeIDE_1.13.1/STM32CubeIDE/plugins/com.st.stm32cube.ide.mcu.externaltools.gnu-tools-for-stm32.11.3.rel1.win32_1.1.0.202305231506/tools/bin/../lib/gcc/arm-none-eabi/11.3.1/../../../../arm-none-eabi/lib/thumb/v7e-m+fp/hard\libc_nano.a(libc_a-memchr.o)
                0x00000000080001d0                memchr
 .text          0x0000000008000270       0x10 E:/stm32cubeide_cdh/STM32CubeIDE_1.13.1/STM32CubeIDE/plugins/com.st.stm32cube.ide.mcu.externaltools.gnu-tools-for-stm32.11.3.rel1.win32_1.1.0.202305231506/tools/bin/../lib/gcc/arm-none-eabi/11.3.1/../../../../arm-none-eabi/lib/thumb/v7e-m+fp/hard\libc_nano.a(libc_a-strlen.o)
                0x0000000008000270                strlen
 .text          0x0000000008000280      0x378 E:/stm32cubeide_cdh/STM32CubeIDE_1.13.1/STM32CubeIDE/plugins/com.st.stm32cube.ide.mcu.externaltools.gnu-tools-for-stm32.11.3.rel1.win32_1.1.0.202305231506/tools/bin/../lib/gcc/arm-none-eabi/11.3.1/thumb/v7e-m+fp/hard\libgcc.a(_arm_addsubdf3.o)
                0x0000000008000280                __aeabi_drsub
                0x0000000008000288                __aeabi_dsub
                0x0000000008000288                __subdf3
                0x000000000800028c                __aeabi_dadd
                0x000000000800028c                __adddf3
                0x0000000008000504                __floatunsidf
                0x0000000008000504                __aeabi_ui2d
                0x0000000008000524                __floatsidf
                0x0000000008000524                __aeabi_i2d
                0x0000000008000548                __aeabi_f2d
                0x0000000008000548                __extendsfdf2
                0x000000000800058c                __floatundidf
                0x000000000800058c                __aeabi_ul2d
                0x000000000800059c                __floatdidf
                0x000000000800059c                __aeabi_l2d
 .text          0x00000000080005f8      0x424 E:/stm32cubeide_cdh/STM32CubeIDE_1.13.1/STM32CubeIDE/plugins/com.st.stm32cube.ide.mcu.externaltools.gnu-tools-for-stm32.11.3.rel1.win32_1.1.0.202305231506/tools/bin/../lib/gcc/arm-none-eabi/11.3.1/thumb/v7e-m+fp/hard\libgcc.a(_arm_muldivdf3.o)
                0x00000000080005f8                __aeabi_dmul
                0x00000000080005f8                __muldf3
                0x000000000800084c                __divdf3
                0x000000000800084c                __aeabi_ddiv
 .text          0x0000000008000a1c      0x110 E:/stm32cubeide_cdh/STM32CubeIDE_1.13.1/STM32CubeIDE/plugins/com.st.stm32cube.ide.mcu.externaltools.gnu-tools-for-stm32.11.3.rel1.win32_1.1.0.202305231506/tools/bin/../lib/gcc/arm-none-eabi/11.3.1/thumb/v7e-m+fp/hard\libgcc.a(_arm_cmpdf2.o)
                0x0000000008000a1c                __gtdf2
                0x0000000008000a1c                __gedf2
                0x0000000008000a24                __ltdf2
                0x0000000008000a24                __ledf2
                0x0000000008000a2c                __nedf2
                0x0000000008000a2c                __eqdf2
                0x0000000008000a2c                __cmpdf2
                0x0000000008000aa8                __aeabi_cdrcmple
                0x0000000008000ab8                __aeabi_cdcmpeq
                0x0000000008000ab8                __aeabi_cdcmple
                0x0000000008000ac8                __aeabi_dcmpeq
                0x0000000008000adc                __aeabi_dcmplt
                0x0000000008000af0                __aeabi_dcmple
                0x0000000008000b04                __aeabi_dcmpge
                0x0000000008000b18                __aeabi_dcmpgt
 .text          0x0000000008000b2c       0x2c E:/stm32cubeide_cdh/STM32CubeIDE_1.13.1/STM32CubeIDE/plugins/com.st.stm32cube.ide.mcu.externaltools.gnu-tools-for-stm32.11.3.rel1.win32_1.1.0.202305231506/tools/bin/../lib/gcc/arm-none-eabi/11.3.1/thumb/v7e-m+fp/hard\libgcc.a(_arm_unorddf2.o)
                0x0000000008000b2c                __unorddf2
                0x0000000008000b2c                __aeabi_dcmpun
 .text          0x0000000008000b58       0x50 E:/stm32cubeide_cdh/STM32CubeIDE_1.13.1/STM32CubeIDE/plugins/com.st.stm32cube.ide.mcu.externaltools.gnu-tools-for-stm32.11.3.rel1.win32_1.1.0.202305231506/tools/bin/../lib/gcc/arm-none-eabi/11.3.1/thumb/v7e-m+fp/hard\libgcc.a(_arm_fixdfsi.o)
                0x0000000008000b58                __aeabi_d2iz
                0x0000000008000b58                __fixdfsi
 .text          0x0000000008000ba8       0x40 E:/stm32cubeide_cdh/STM32CubeIDE_1.13.1/STM32CubeIDE/plugins/com.st.stm32cube.ide.mcu.externaltools.gnu-tools-for-stm32.11.3.rel1.win32_1.1.0.202305231506/tools/bin/../lib/gcc/arm-none-eabi/11.3.1/thumb/v7e-m+fp/hard\libgcc.a(_arm_fixunsdfsi.o)
                0x0000000008000ba8                __aeabi_d2uiz
                0x0000000008000ba8                __fixunsdfsi
 .text          0x0000000008000be8       0xa0 E:/stm32cubeide_cdh/STM32CubeIDE_1.13.1/STM32CubeIDE/plugins/com.st.stm32cube.ide.mcu.externaltools.gnu-tools-for-stm32.11.3.rel1.win32_1.1.0.202305231506/tools/bin/../lib/gcc/arm-none-eabi/11.3.1/thumb/v7e-m+fp/hard\libgcc.a(_arm_truncdfsf2.o)
                0x0000000008000be8                __truncdfsf2
                0x0000000008000be8                __aeabi_d2f
 .text          0x0000000008000c88       0x30 E:/stm32cubeide_cdh/STM32CubeIDE_1.13.1/STM32CubeIDE/plugins/com.st.stm32cube.ide.mcu.externaltools.gnu-tools-for-stm32.11.3.rel1.win32_1.1.0.202305231506/tools/bin/../lib/gcc/arm-none-eabi/11.3.1/thumb/v7e-m+fp/hard\libgcc.a(_aeabi_uldivmod.o)
                0x0000000008000c88                __aeabi_uldivmod
 .text          0x0000000008000cb8       0x30 E:/stm32cubeide_cdh/STM32CubeIDE_1.13.1/STM32CubeIDE/plugins/com.st.stm32cube.ide.mcu.externaltools.gnu-tools-for-stm32.11.3.rel1.win32_1.1.0.202305231506/tools/bin/../lib/gcc/arm-none-eabi/11.3.1/thumb/v7e-m+fp/hard\libgcc.a(_fixdfdi.o)
                0x0000000008000cb8                __fixdfdi
                0x0000000008000cb8                __aeabi_d2lz
 .text          0x0000000008000ce8       0x3c E:/stm32cubeide_cdh/STM32CubeIDE_1.13.1/STM32CubeIDE/plugins/com.st.stm32cube.ide.mcu.externaltools.gnu-tools-for-stm32.11.3.rel1.win32_1.1.0.202305231506/tools/bin/../lib/gcc/arm-none-eabi/11.3.1/thumb/v7e-m+fp/hard\libgcc.a(_fixunsdfdi.o)
                0x0000000008000ce8                __fixunsdfdi
                0x0000000008000ce8                __aeabi_d2ulz
 .text          0x0000000008000d24      0x2c8 E:/stm32cubeide_cdh/STM32CubeIDE_1.13.1/STM32CubeIDE/plugins/com.st.stm32cube.ide.mcu.externaltools.gnu-tools-for-stm32.11.3.rel1.win32_1.1.0.202305231506/tools/bin/../lib/gcc/arm-none-eabi/11.3.1/thumb/v7e-m+fp/hard\libgcc.a(_udivmoddi4.o)
                0x0000000008000d24                __udivmoddi4
 .text          0x0000000008000fec        0x4 E:/stm32cubeide_cdh/STM32CubeIDE_1.13.1/STM32CubeIDE/plugins/com.st.stm32cube.ide.mcu.externaltools.gnu-tools-for-stm32.11.3.rel1.win32_1.1.0.202305231506/tools/bin/../lib/gcc/arm-none-eabi/11.3.1/thumb/v7e-m+fp/hard\libgcc.a(_dvmd_tls.o)
                0x0000000008000fec                __aeabi_idiv0
                0x0000000008000fec                __aeabi_ldiv0
 *(.text*)
 .text.HAL_GPIO_EXTI_Callback
                0x0000000008000ff0       0x44 ./Core/Hardware/DRV8301.o
                0x0000000008000ff0                HAL_GPIO_EXTI_Callback
 .text.DRV8301_Init
                0x0000000008001034       0x60 ./Core/Hardware/DRV8301.o
                0x0000000008001034                DRV8301_Init
 .text.DRV8301_Check_Fault
                0x0000000008001094       0x2a ./Core/Hardware/DRV8301.o
                0x0000000008001094                DRV8301_Check_Fault
 *fill*         0x00000000080010be        0x2 
 .text.DRV8301_Read_Protect
                0x00000000080010c0      0x314 ./Core/Hardware/DRV8301.o
                0x00000000080010c0                DRV8301_Read_Protect
 .text.DRV8301_SPI_ReadWrite
                0x00000000080013d4      0x308 ./Core/Hardware/DRV8301.o
                0x00000000080013d4                DRV8301_SPI_ReadWrite
 .text.DRV8301_EN
                0x00000000080016dc       0x50 ./Core/Hardware/DRV8301.o
                0x00000000080016dc                DRV8301_EN
 .text.DRV8301_GATE_RESET
                0x000000000800172c       0x4c ./Core/Hardware/DRV8301.o
                0x000000000800172c                DRV8301_GATE_RESET
 .text.DRV8301_Set_OC
                0x0000000008001778       0x44 ./Core/Hardware/DRV8301.o
                0x0000000008001778                DRV8301_Set_OC
 .text.DRV8301_Set_Gain
                0x00000000080017bc       0x98 ./Core/Hardware/DRV8301.o
                0x00000000080017bc                DRV8301_Set_Gain
 .text.DRV8301_GATE_CURRENT
                0x0000000008001854       0x4e ./Core/Hardware/DRV8301.o
                0x0000000008001854                DRV8301_GATE_CURRENT
 .text.DRV8301_PWM_Mode
                0x00000000080018a2       0x4e ./Core/Hardware/DRV8301.o
                0x00000000080018a2                DRV8301_PWM_Mode
 .text.TIM_US_COUNT
                0x00000000080018f0       0x96 ./Core/Hardware/FOC.o
 *fill*         0x0000000008001986        0x2 
 .text.HAL_IncTick
                0x0000000008001988       0x84 ./Core/Hardware/FOC.o
                0x0000000008001988                HAL_IncTick
 .text.HAL_ADCEx_InjectedConvCpltCallback
                0x0000000008001a0c       0x50 ./Core/Hardware/FOC.o
                0x0000000008001a0c                HAL_ADCEx_InjectedConvCpltCallback
 .text.FOC_Current_Init
                0x0000000008001a5c      0x138 ./Core/Hardware/FOC.o
                0x0000000008001a5c                FOC_Current_Init
 .text.FOC_Init
                0x0000000008001b94      0x284 ./Core/Hardware/FOC.o
                0x0000000008001b94                FOC_Init
 .text.FOC_Regular_ADC_INIT
                0x0000000008001e18      0x164 ./Core/Hardware/FOC.o
                0x0000000008001e18                FOC_Regular_ADC_INIT
 .text.FOC_Regular_ADC
                0x0000000008001f7c      0x1e4 ./Core/Hardware/FOC.o
                0x0000000008001f7c                FOC_Regular_ADC
 .text.FOC_Run  0x0000000008002160       0x7c ./Core/Hardware/FOC.o
                0x0000000008002160                FOC_Run
 .text.pidUpdateFloat
                0x00000000080021dc       0xdc ./Core/Hardware/FOC.o
                0x00000000080021dc                pidUpdateFloat
 .text.FOC_CLOSED_Iq
                0x00000000080022b8      0x178 ./Core/Hardware/FOC.o
                0x00000000080022b8                FOC_CLOSED_Iq
 .text.FOC_CLOSED_Vel
                0x0000000008002430       0x32 ./Core/Hardware/FOC.o
                0x0000000008002430                FOC_CLOSED_Vel
 .text.FOC_EN   0x0000000008002462       0x22 ./Core/Hardware/FOC.o
                0x0000000008002462                FOC_EN
 .text.FOC_Start
                0x0000000008002484       0x1a ./Core/Hardware/FOC.o
                0x0000000008002484                FOC_Start
 *fill*         0x000000000800249e        0x2 
 .text.Motor_Parameter_Identification
                0x00000000080024a0      0x298 ./Core/Hardware/FOC.o
                0x00000000080024a0                Motor_Parameter_Identification
 .text._electricalAngle
                0x0000000008002738       0x4a ./Core/Hardware/FOC.o
                0x0000000008002738                _electricalAngle
 *fill*         0x0000000008002782        0x6 
 .text._normalizeAngle
                0x0000000008002788       0x6c ./Core/Hardware/FOC.o
                0x0000000008002788                _normalizeAngle
 .text._sqrtApprox
                0x00000000080027f4       0x48 ./Core/Hardware/FOC.o
 .text.fastAtan2
                0x000000000800283c      0x13c ./Core/Hardware/FOC.o
 .text.FOC_SVPWM
                0x0000000008002978      0x414 ./Core/Hardware/FOC.o
                0x0000000008002978                FOC_SVPWM
 .text.getTimerARR
                0x0000000008002d8c       0x26 ./Core/Hardware/FOC.o
                0x0000000008002d8c                getTimerARR
 .text.calculateInterruptFrequency
                0x0000000008002db2       0x5c ./Core/Hardware/FOC.o
                0x0000000008002db2                calculateInterruptFrequency
 *fill*         0x0000000008002e0e        0x2 
 .text.FOC_Get_Ia_Ib_Ic
                0x0000000008002e10       0x98 ./Core/Hardware/FOC.o
                0x0000000008002e10                FOC_Get_Ia_Ib_Ic
 .text.FOC_clarke_park_Transform
                0x0000000008002ea8       0xa8 ./Core/Hardware/FOC.o
                0x0000000008002ea8                FOC_clarke_park_Transform
 .text.FOC_Get_electricalAngle_speed
                0x0000000008002f50       0xb4 ./Core/Hardware/FOC.o
                0x0000000008002f50                FOC_Get_electricalAngle_speed
 .text.MT6701_Init
                0x0000000008003004       0x56 ./Core/Hardware/MT6701.o
                0x0000000008003004                MT6701_Init
 *fill*         0x000000000800305a        0x2 
 .text.MT6701_GetAngle_ALL
                0x000000000800305c       0xf8 ./Core/Hardware/MT6701.o
                0x000000000800305c                MT6701_GetAngle_ALL
 .text.MT6701_ReadDataSSI
                0x0000000008003154       0xf4 ./Core/Hardware/MT6701.o
                0x0000000008003154                MT6701_ReadDataSSI
 .text.getTemperatureFromTable
                0x0000000008003248      0x124 ./Core/Hardware/NTC.o
                0x0000000008003248                getTemperatureFromTable
 .text.__NVIC_SystemReset
                0x000000000800336c       0x2c ./Core/Hardware/connect.o
 .text.Connect_Init
                0x0000000008003398       0x28 ./Core/Hardware/connect.o
                0x0000000008003398                Connect_Init
 .text.restartDMA
                0x00000000080033c0       0x2c ./Core/Hardware/connect.o
                0x00000000080033c0                restartDMA
 .text.HAL_UARTEx_RxEventCallback
                0x00000000080033ec       0x54 ./Core/Hardware/connect.o
                0x00000000080033ec                HAL_UARTEx_RxEventCallback
 .text.processSerialData
                0x0000000008003440      0x278 ./Core/Hardware/connect.o
                0x0000000008003440                processSerialData
 .text.vofa_JustFloat_output
                0x00000000080036b8       0x3c ./Core/Hardware/connect.o
                0x00000000080036b8                vofa_JustFloat_output
 .text.__io_putchar
                0x00000000080036f4       0x24 ./Core/Hardware/connect.o
                0x00000000080036f4                __io_putchar
 .text.calculateSectorNumber
                0x0000000008003718       0x24 ./Core/Hardware/flash.o
                0x0000000008003718                calculateSectorNumber
 .text.clear_Data
                0x000000000800373c       0x24 ./Core/Hardware/flash.o
                0x000000000800373c                clear_Data
 .text.writeMultipleDataToFlash
                0x0000000008003760       0x9c ./Core/Hardware/flash.o
                0x0000000008003760                writeMultipleDataToFlash
 .text.readMultipleDataFromFlash
                0x00000000080037fc       0x60 ./Core/Hardware/flash.o
                0x00000000080037fc                readMultipleDataFromFlash
 .text.isDataStoredInFlash
                0x000000000800385c       0x6c ./Core/Hardware/flash.o
                0x000000000800385c                isDataStoredInFlash
 .text.OLED_Printf
                0x00000000080038c8       0x9e ./Core/Hardware/oled.o
                0x00000000080038c8                OLED_Printf
 *fill*         0x0000000008003966        0x2 
 .text.OLED_ShowChar
                0x0000000008003968      0x320 ./Core/Hardware/oled.o
                0x0000000008003968                OLED_ShowChar
 .text.OLED_Reflash
                0x0000000008003c88       0xec ./Core/Hardware/oled.o
                0x0000000008003c88                OLED_Reflash
 .text.OLED_GRAM_CLR
                0x0000000008003d74       0x54 ./Core/Hardware/oled.o
                0x0000000008003d74                OLED_GRAM_CLR
 .text.OLED_Set_Pos
                0x0000000008003dc8       0x44 ./Core/Hardware/oled.o
                0x0000000008003dc8                OLED_Set_Pos
 .text.OLED_Init
                0x0000000008003e0c       0xe0 ./Core/Hardware/oled.o
                0x0000000008003e0c                OLED_Init
 .text.OLED_WriteCmd
                0x0000000008003eec       0x44 ./Core/Hardware/oled.o
                0x0000000008003eec                OLED_WriteCmd
 .text.OLED_WriteData
                0x0000000008003f30       0x44 ./Core/Hardware/oled.o
                0x0000000008003f30                OLED_WriteData
 .text.Software_SPI_Write
                0x0000000008003f74       0x6c ./Core/Hardware/oled.o
                0x0000000008003f74                Software_SPI_Write
 .text.MX_ADC1_Init
                0x0000000008003fe0      0x128 ./Core/Src/adc.o
                0x0000000008003fe0                MX_ADC1_Init
 .text.MX_ADC2_Init
                0x0000000008004108       0xdc ./Core/Src/adc.o
                0x0000000008004108                MX_ADC2_Init
 .text.MX_ADC3_Init
                0x00000000080041e4      0x12c ./Core/Src/adc.o
                0x00000000080041e4                MX_ADC3_Init
 .text.HAL_ADC_MspInit
                0x0000000008004310      0x218 ./Core/Src/adc.o
                0x0000000008004310                HAL_ADC_MspInit
 .text.MX_CAN1_Init
                0x0000000008004528       0x68 ./Core/Src/can.o
                0x0000000008004528                MX_CAN1_Init
 .text.HAL_CAN_MspInit
                0x0000000008004590       0x90 ./Core/Src/can.o
                0x0000000008004590                HAL_CAN_MspInit
 .text.MX_DMA_Init
                0x0000000008004620       0x6c ./Core/Src/dma.o
                0x0000000008004620                MX_DMA_Init
 .text.MX_GPIO_Init
                0x000000000800468c      0x1f8 ./Core/Src/gpio.o
                0x000000000800468c                MX_GPIO_Init
 .text.HAL_TIM_PeriodElapsedCallback
                0x0000000008004884       0x54 ./Core/Src/main.o
                0x0000000008004884                HAL_TIM_PeriodElapsedCallback
 .text.main     0x00000000080048d8      0x140 ./Core/Src/main.o
                0x00000000080048d8                main
 .text.SystemClock_Config
                0x0000000008004a18       0xd4 ./Core/Src/main.o
                0x0000000008004a18                SystemClock_Config
 .text.Error_Handler
                0x0000000008004aec        0xa ./Core/Src/main.o
                0x0000000008004aec                Error_Handler
 *fill*         0x0000000008004af6        0x2 
 .text.HAL_MspInit
                0x0000000008004af8       0x50 ./Core/Src/stm32f4xx_hal_msp.o
                0x0000000008004af8                HAL_MspInit
 .text.NMI_Handler
                0x0000000008004b48        0x6 ./Core/Src/stm32f4xx_it.o
                0x0000000008004b48                NMI_Handler
 .text.HardFault_Handler
                0x0000000008004b4e        0x6 ./Core/Src/stm32f4xx_it.o
                0x0000000008004b4e                HardFault_Handler
 .text.MemManage_Handler
                0x0000000008004b54        0x6 ./Core/Src/stm32f4xx_it.o
                0x0000000008004b54                MemManage_Handler
 .text.BusFault_Handler
                0x0000000008004b5a        0x6 ./Core/Src/stm32f4xx_it.o
                0x0000000008004b5a                BusFault_Handler
 .text.UsageFault_Handler
                0x0000000008004b60        0x6 ./Core/Src/stm32f4xx_it.o
                0x0000000008004b60                UsageFault_Handler
 .text.SVC_Handler
                0x0000000008004b66        0xe ./Core/Src/stm32f4xx_it.o
                0x0000000008004b66                SVC_Handler
 .text.DebugMon_Handler
                0x0000000008004b74        0xe ./Core/Src/stm32f4xx_it.o
                0x0000000008004b74                DebugMon_Handler
 .text.PendSV_Handler
                0x0000000008004b82        0xe ./Core/Src/stm32f4xx_it.o
                0x0000000008004b82                PendSV_Handler
 .text.SysTick_Handler
                0x0000000008004b90        0xc ./Core/Src/stm32f4xx_it.o
                0x0000000008004b90                SysTick_Handler
 .text.EXTI2_IRQHandler
                0x0000000008004b9c        0xe ./Core/Src/stm32f4xx_it.o
                0x0000000008004b9c                EXTI2_IRQHandler
 .text.EXTI3_IRQHandler
                0x0000000008004baa        0xe ./Core/Src/stm32f4xx_it.o
                0x0000000008004baa                EXTI3_IRQHandler
 .text.DMA1_Stream2_IRQHandler
                0x0000000008004bb8       0x14 ./Core/Src/stm32f4xx_it.o
                0x0000000008004bb8                DMA1_Stream2_IRQHandler
 .text.ADC_IRQHandler
                0x0000000008004bcc       0x28 ./Core/Src/stm32f4xx_it.o
                0x0000000008004bcc                ADC_IRQHandler
 .text.TIM4_IRQHandler
                0x0000000008004bf4       0x14 ./Core/Src/stm32f4xx_it.o
                0x0000000008004bf4                TIM4_IRQHandler
 .text.UART4_IRQHandler
                0x0000000008004c08       0x14 ./Core/Src/stm32f4xx_it.o
                0x0000000008004c08                UART4_IRQHandler
 .text.DMA2_Stream2_IRQHandler
                0x0000000008004c1c       0x14 ./Core/Src/stm32f4xx_it.o
                0x0000000008004c1c                DMA2_Stream2_IRQHandler
 .text._getpid  0x0000000008004c30       0x10 ./Core/Src/syscalls.o
                0x0000000008004c30                _getpid
 .text._kill    0x0000000008004c40       0x20 ./Core/Src/syscalls.o
                0x0000000008004c40                _kill
 .text._exit    0x0000000008004c60       0x14 ./Core/Src/syscalls.o
                0x0000000008004c60                _exit
 .text._read    0x0000000008004c74       0x3a ./Core/Src/syscalls.o
                0x0000000008004c74                _read
 .text._write   0x0000000008004cae       0x38 ./Core/Src/syscalls.o
                0x0000000008004cae                _write
 .text._close   0x0000000008004ce6       0x18 ./Core/Src/syscalls.o
                0x0000000008004ce6                _close
 .text._fstat   0x0000000008004cfe       0x20 ./Core/Src/syscalls.o
                0x0000000008004cfe                _fstat
 .text._isatty  0x0000000008004d1e       0x16 ./Core/Src/syscalls.o
                0x0000000008004d1e                _isatty
 .text._lseek   0x0000000008004d34       0x1a ./Core/Src/syscalls.o
                0x0000000008004d34                _lseek
 *fill*         0x0000000008004d4e        0x2 
 .text._sbrk    0x0000000008004d50       0x6c ./Core/Src/sysmem.o
                0x0000000008004d50                _sbrk
 .text.SystemInit
                0x0000000008004dbc       0x24 ./Core/Src/system_stm32f4xx.o
                0x0000000008004dbc                SystemInit
 .text.MX_TIM1_Init
                0x0000000008004de0      0x18c ./Core/Src/tim.o
                0x0000000008004de0                MX_TIM1_Init
 .text.MX_TIM2_Init
                0x0000000008004f6c       0x98 ./Core/Src/tim.o
                0x0000000008004f6c                MX_TIM2_Init
 .text.MX_TIM4_Init
                0x0000000008005004       0x9c ./Core/Src/tim.o
                0x0000000008005004                MX_TIM4_Init
 .text.MX_TIM5_Init
                0x00000000080050a0       0x9c ./Core/Src/tim.o
                0x00000000080050a0                MX_TIM5_Init
 .text.MX_TIM8_Init
                0x000000000800513c      0x18c ./Core/Src/tim.o
                0x000000000800513c                MX_TIM8_Init
 .text.HAL_TIM_Base_MspInit
                0x00000000080052c8       0xfc ./Core/Src/tim.o
                0x00000000080052c8                HAL_TIM_Base_MspInit
 .text.HAL_TIM_MspPostInit
                0x00000000080053c4      0x180 ./Core/Src/tim.o
                0x00000000080053c4                HAL_TIM_MspPostInit
 .text.MX_UART4_Init
                0x0000000008005544       0x54 ./Core/Src/usart.o
                0x0000000008005544                MX_UART4_Init
 .text.HAL_UART_MspInit
                0x0000000008005598      0x104 ./Core/Src/usart.o
                0x0000000008005598                HAL_UART_MspInit
 .text.Reset_Handler
                0x000000000800569c       0x50 ./Core/Startup/startup_stm32f405rgtx.o
                0x000000000800569c                Reset_Handler
 .text.Default_Handler
                0x00000000080056ec        0x2 ./Core/Startup/startup_stm32f405rgtx.o
                0x00000000080056ec                RTC_Alarm_IRQHandler
                0x00000000080056ec                HASH_RNG_IRQHandler
                0x00000000080056ec                TIM8_CC_IRQHandler
                0x00000000080056ec                TIM1_CC_IRQHandler
                0x00000000080056ec                DMA2_Stream5_IRQHandler
                0x00000000080056ec                DMA1_Stream5_IRQHandler
                0x00000000080056ec                PVD_IRQHandler
                0x00000000080056ec                SDIO_IRQHandler
                0x00000000080056ec                TAMP_STAMP_IRQHandler
                0x00000000080056ec                CAN2_RX1_IRQHandler
                0x00000000080056ec                TIM8_TRG_COM_TIM14_IRQHandler
                0x00000000080056ec                TIM1_UP_TIM10_IRQHandler
                0x00000000080056ec                TIM8_UP_TIM13_IRQHandler
                0x00000000080056ec                I2C3_ER_IRQHandler
                0x00000000080056ec                EXTI0_IRQHandler
                0x00000000080056ec                I2C2_EV_IRQHandler
                0x00000000080056ec                CAN1_RX0_IRQHandler
                0x00000000080056ec                FPU_IRQHandler
                0x00000000080056ec                OTG_HS_WKUP_IRQHandler
                0x00000000080056ec                CAN2_SCE_IRQHandler
                0x00000000080056ec                SPI1_IRQHandler
                0x00000000080056ec                TIM6_DAC_IRQHandler
                0x00000000080056ec                TIM1_BRK_TIM9_IRQHandler
                0x00000000080056ec                CAN2_RX0_IRQHandler
                0x00000000080056ec                DMA2_Stream3_IRQHandler
                0x00000000080056ec                USART6_IRQHandler
                0x00000000080056ec                USART3_IRQHandler
                0x00000000080056ec                CAN1_RX1_IRQHandler
                0x00000000080056ec                UART5_IRQHandler
                0x00000000080056ec                DMA2_Stream0_IRQHandler
                0x00000000080056ec                I2C1_EV_IRQHandler
                0x00000000080056ec                DMA1_Stream6_IRQHandler
                0x00000000080056ec                DMA1_Stream1_IRQHandler
                0x00000000080056ec                TIM3_IRQHandler
                0x00000000080056ec                RCC_IRQHandler
                0x00000000080056ec                TIM8_BRK_TIM12_IRQHandler
                0x00000000080056ec                Default_Handler
                0x00000000080056ec                EXTI15_10_IRQHandler
                0x00000000080056ec                DMA1_Stream7_IRQHandler
                0x00000000080056ec                TIM7_IRQHandler
                0x00000000080056ec                CAN2_TX_IRQHandler
                0x00000000080056ec                TIM5_IRQHandler
                0x00000000080056ec                DMA2_Stream7_IRQHandler
                0x00000000080056ec                I2C3_EV_IRQHandler
                0x00000000080056ec                EXTI9_5_IRQHandler
                0x00000000080056ec                RTC_WKUP_IRQHandler
                0x00000000080056ec                SPI2_IRQHandler
                0x00000000080056ec                OTG_HS_EP1_IN_IRQHandler
                0x00000000080056ec                DMA1_Stream0_IRQHandler
                0x00000000080056ec                CAN1_TX_IRQHandler
                0x00000000080056ec                EXTI4_IRQHandler
                0x00000000080056ec                FSMC_IRQHandler
                0x00000000080056ec                OTG_HS_EP1_OUT_IRQHandler
                0x00000000080056ec                WWDG_IRQHandler
                0x00000000080056ec                TIM2_IRQHandler
                0x00000000080056ec                OTG_FS_WKUP_IRQHandler
                0x00000000080056ec                TIM1_TRG_COM_TIM11_IRQHandler
                0x00000000080056ec                OTG_HS_IRQHandler
                0x00000000080056ec                EXTI1_IRQHandler
                0x00000000080056ec                USART2_IRQHandler
                0x00000000080056ec                I2C2_ER_IRQHandler
                0x00000000080056ec                DMA2_Stream1_IRQHandler
                0x00000000080056ec                CAN1_SCE_IRQHandler
                0x00000000080056ec                FLASH_IRQHandler
                0x00000000080056ec                DMA2_Stream4_IRQHandler
                0x00000000080056ec                USART1_IRQHandler
                0x00000000080056ec                OTG_FS_IRQHandler
                0x00000000080056ec                SPI3_IRQHandler
                0x00000000080056ec                DMA1_Stream4_IRQHandler
                0x00000000080056ec                I2C1_ER_IRQHandler
                0x00000000080056ec                DMA2_Stream6_IRQHandler
                0x00000000080056ec                DMA1_Stream3_IRQHandler
 *fill*         0x00000000080056ee        0x2 
 .text.HAL_Init
                0x00000000080056f0       0x44 ./Drivers/STM32F4xx_HAL_Driver/Src/stm32f4xx_hal.o
                0x00000000080056f0                HAL_Init
 .text.HAL_InitTick
                0x0000000008005734       0x60 ./Drivers/STM32F4xx_HAL_Driver/Src/stm32f4xx_hal.o
                0x0000000008005734                HAL_InitTick
 .text.HAL_GetTick
                0x0000000008005794       0x18 ./Drivers/STM32F4xx_HAL_Driver/Src/stm32f4xx_hal.o
                0x0000000008005794                HAL_GetTick
 .text.HAL_Delay
                0x00000000080057ac       0x48 ./Drivers/STM32F4xx_HAL_Driver/Src/stm32f4xx_hal.o
                0x00000000080057ac                HAL_Delay
 .text.HAL_ADC_Init
                0x00000000080057f4       0x86 ./Drivers/STM32F4xx_HAL_Driver/Src/stm32f4xx_hal_adc.o
                0x00000000080057f4                HAL_ADC_Init
 *fill*         0x000000000800587a        0x2 
 .text.HAL_ADC_Start
                0x000000000800587c      0x1a4 ./Drivers/STM32F4xx_HAL_Driver/Src/stm32f4xx_hal_adc.o
                0x000000000800587c                HAL_ADC_Start
 .text.HAL_ADC_PollForConversion
                0x0000000008005a20      0x116 ./Drivers/STM32F4xx_HAL_Driver/Src/stm32f4xx_hal_adc.o
                0x0000000008005a20                HAL_ADC_PollForConversion
 .text.HAL_ADC_IRQHandler
                0x0000000008005b36      0x220 ./Drivers/STM32F4xx_HAL_Driver/Src/stm32f4xx_hal_adc.o
                0x0000000008005b36                HAL_ADC_IRQHandler
 *fill*         0x0000000008005d56        0x2 
 .text.HAL_ADC_Start_DMA
                0x0000000008005d58      0x220 ./Drivers/STM32F4xx_HAL_Driver/Src/stm32f4xx_hal_adc.o
                0x0000000008005d58                HAL_ADC_Start_DMA
 .text.HAL_ADC_GetValue
                0x0000000008005f78       0x1a ./Drivers/STM32F4xx_HAL_Driver/Src/stm32f4xx_hal_adc.o
                0x0000000008005f78                HAL_ADC_GetValue
 .text.HAL_ADC_ConvCpltCallback
                0x0000000008005f92       0x14 ./Drivers/STM32F4xx_HAL_Driver/Src/stm32f4xx_hal_adc.o
                0x0000000008005f92                HAL_ADC_ConvCpltCallback
 .text.HAL_ADC_ConvHalfCpltCallback
                0x0000000008005fa6       0x14 ./Drivers/STM32F4xx_HAL_Driver/Src/stm32f4xx_hal_adc.o
                0x0000000008005fa6                HAL_ADC_ConvHalfCpltCallback
 .text.HAL_ADC_LevelOutOfWindowCallback
                0x0000000008005fba       0x14 ./Drivers/STM32F4xx_HAL_Driver/Src/stm32f4xx_hal_adc.o
                0x0000000008005fba                HAL_ADC_LevelOutOfWindowCallback
 .text.HAL_ADC_ErrorCallback
                0x0000000008005fce       0x14 ./Drivers/STM32F4xx_HAL_Driver/Src/stm32f4xx_hal_adc.o
                0x0000000008005fce                HAL_ADC_ErrorCallback
 *fill*         0x0000000008005fe2        0x2 
 .text.HAL_ADC_ConfigChannel
                0x0000000008005fe4      0x244 ./Drivers/STM32F4xx_HAL_Driver/Src/stm32f4xx_hal_adc.o
                0x0000000008005fe4                HAL_ADC_ConfigChannel
 .text.ADC_Init
                0x0000000008006228      0x1f8 ./Drivers/STM32F4xx_HAL_Driver/Src/stm32f4xx_hal_adc.o
 .text.ADC_DMAConvCplt
                0x0000000008006420       0xba ./Drivers/STM32F4xx_HAL_Driver/Src/stm32f4xx_hal_adc.o
 .text.ADC_DMAHalfConvCplt
                0x00000000080064da       0x1c ./Drivers/STM32F4xx_HAL_Driver/Src/stm32f4xx_hal_adc.o
 .text.ADC_DMAError
                0x00000000080064f6       0x2e ./Drivers/STM32F4xx_HAL_Driver/Src/stm32f4xx_hal_adc.o
 .text.HAL_ADCEx_InjectedStart_IT
                0x0000000008006524      0x1a4 ./Drivers/STM32F4xx_HAL_Driver/Src/stm32f4xx_hal_adc_ex.o
                0x0000000008006524                HAL_ADCEx_InjectedStart_IT
 .text.HAL_ADCEx_InjectedConfigChannel
                0x00000000080066c8      0x32c ./Drivers/STM32F4xx_HAL_Driver/Src/stm32f4xx_hal_adc_ex.o
                0x00000000080066c8                HAL_ADCEx_InjectedConfigChannel
 .text.HAL_CAN_Init
                0x00000000080069f4      0x1f6 ./Drivers/STM32F4xx_HAL_Driver/Src/stm32f4xx_hal_can.o
                0x00000000080069f4                HAL_CAN_Init
 *fill*         0x0000000008006bea        0x2 
 .text.__NVIC_SetPriorityGrouping
                0x0000000008006bec       0x48 ./Drivers/STM32F4xx_HAL_Driver/Src/stm32f4xx_hal_cortex.o
 .text.__NVIC_GetPriorityGrouping
                0x0000000008006c34       0x1c ./Drivers/STM32F4xx_HAL_Driver/Src/stm32f4xx_hal_cortex.o
 .text.__NVIC_EnableIRQ
                0x0000000008006c50       0x3c ./Drivers/STM32F4xx_HAL_Driver/Src/stm32f4xx_hal_cortex.o
 .text.__NVIC_SetPriority
                0x0000000008006c8c       0x54 ./Drivers/STM32F4xx_HAL_Driver/Src/stm32f4xx_hal_cortex.o
 .text.NVIC_EncodePriority
                0x0000000008006ce0       0x66 ./Drivers/STM32F4xx_HAL_Driver/Src/stm32f4xx_hal_cortex.o
 *fill*         0x0000000008006d46        0x2 
 .text.SysTick_Config
                0x0000000008006d48       0x44 ./Drivers/STM32F4xx_HAL_Driver/Src/stm32f4xx_hal_cortex.o
 .text.HAL_NVIC_SetPriorityGrouping
                0x0000000008006d8c       0x16 ./Drivers/STM32F4xx_HAL_Driver/Src/stm32f4xx_hal_cortex.o
                0x0000000008006d8c                HAL_NVIC_SetPriorityGrouping
 .text.HAL_NVIC_SetPriority
                0x0000000008006da2       0x38 ./Drivers/STM32F4xx_HAL_Driver/Src/stm32f4xx_hal_cortex.o
                0x0000000008006da2                HAL_NVIC_SetPriority
 .text.HAL_NVIC_EnableIRQ
                0x0000000008006dda       0x1c ./Drivers/STM32F4xx_HAL_Driver/Src/stm32f4xx_hal_cortex.o
                0x0000000008006dda                HAL_NVIC_EnableIRQ
 .text.HAL_SYSTICK_Config
                0x0000000008006df6       0x18 ./Drivers/STM32F4xx_HAL_Driver/Src/stm32f4xx_hal_cortex.o
                0x0000000008006df6                HAL_SYSTICK_Config
 *fill*         0x0000000008006e0e        0x2 
 .text.HAL_DMA_Init
                0x0000000008006e10      0x15c ./Drivers/STM32F4xx_HAL_Driver/Src/stm32f4xx_hal_dma.o
                0x0000000008006e10                HAL_DMA_Init
 .text.HAL_DMA_Start_IT
                0x0000000008006f6c       0xb0 ./Drivers/STM32F4xx_HAL_Driver/Src/stm32f4xx_hal_dma.o
                0x0000000008006f6c                HAL_DMA_Start_IT
 .text.HAL_DMA_Abort
                0x000000000800701c       0xe0 ./Drivers/STM32F4xx_HAL_Driver/Src/stm32f4xx_hal_dma.o
                0x000000000800701c                HAL_DMA_Abort
 .text.HAL_DMA_Abort_IT
                0x00000000080070fc       0x44 ./Drivers/STM32F4xx_HAL_Driver/Src/stm32f4xx_hal_dma.o
                0x00000000080070fc                HAL_DMA_Abort_IT
 .text.HAL_DMA_IRQHandler
                0x0000000008007140      0x314 ./Drivers/STM32F4xx_HAL_Driver/Src/stm32f4xx_hal_dma.o
                0x0000000008007140                HAL_DMA_IRQHandler
 .text.DMA_SetConfig
                0x0000000008007454       0x5c ./Drivers/STM32F4xx_HAL_Driver/Src/stm32f4xx_hal_dma.o
 .text.DMA_CalcBaseAndBitshift
                0x00000000080074b0       0x6c ./Drivers/STM32F4xx_HAL_Driver/Src/stm32f4xx_hal_dma.o
 .text.DMA_CheckFifoParam
                0x000000000800751c       0xf8 ./Drivers/STM32F4xx_HAL_Driver/Src/stm32f4xx_hal_dma.o
 .text.HAL_FLASH_Program
                0x0000000008007614       0xa8 ./Drivers/STM32F4xx_HAL_Driver/Src/stm32f4xx_hal_flash.o
                0x0000000008007614                HAL_FLASH_Program
 .text.HAL_FLASH_Unlock
                0x00000000080076bc       0x44 ./Drivers/STM32F4xx_HAL_Driver/Src/stm32f4xx_hal_flash.o
                0x00000000080076bc                HAL_FLASH_Unlock
 .text.HAL_FLASH_Lock
                0x0000000008007700       0x20 ./Drivers/STM32F4xx_HAL_Driver/Src/stm32f4xx_hal_flash.o
                0x0000000008007700                HAL_FLASH_Lock
 .text.FLASH_WaitForLastOperation
                0x0000000008007720       0x80 ./Drivers/STM32F4xx_HAL_Driver/Src/stm32f4xx_hal_flash.o
                0x0000000008007720                FLASH_WaitForLastOperation
 .text.FLASH_Program_DoubleWord
                0x00000000080077a0       0x64 ./Drivers/STM32F4xx_HAL_Driver/Src/stm32f4xx_hal_flash.o
 .text.FLASH_Program_Word
                0x0000000008007804       0x44 ./Drivers/STM32F4xx_HAL_Driver/Src/stm32f4xx_hal_flash.o
 .text.FLASH_Program_HalfWord
                0x0000000008007848       0x48 ./Drivers/STM32F4xx_HAL_Driver/Src/stm32f4xx_hal_flash.o
 .text.FLASH_Program_Byte
                0x0000000008007890       0x44 ./Drivers/STM32F4xx_HAL_Driver/Src/stm32f4xx_hal_flash.o
 .text.FLASH_SetErrorCode
                0x00000000080078d4       0xac ./Drivers/STM32F4xx_HAL_Driver/Src/stm32f4xx_hal_flash.o
 .text.HAL_FLASHEx_Erase
                0x0000000008007980       0xe0 ./Drivers/STM32F4xx_HAL_Driver/Src/stm32f4xx_hal_flash_ex.o
                0x0000000008007980                HAL_FLASHEx_Erase
 .text.FLASH_MassErase
                0x0000000008007a60       0x48 ./Drivers/STM32F4xx_HAL_Driver/Src/stm32f4xx_hal_flash_ex.o
 .text.FLASH_Erase_Sector
                0x0000000008007aa8       0x90 ./Drivers/STM32F4xx_HAL_Driver/Src/stm32f4xx_hal_flash_ex.o
                0x0000000008007aa8                FLASH_Erase_Sector
 .text.FLASH_FlushCaches
                0x0000000008007b38       0x8c ./Drivers/STM32F4xx_HAL_Driver/Src/stm32f4xx_hal_flash_ex.o
                0x0000000008007b38                FLASH_FlushCaches
 .text.HAL_GPIO_Init
                0x0000000008007bc4      0x338 ./Drivers/STM32F4xx_HAL_Driver/Src/stm32f4xx_hal_gpio.o
                0x0000000008007bc4                HAL_GPIO_Init
 .text.HAL_GPIO_ReadPin
                0x0000000008007efc       0x30 ./Drivers/STM32F4xx_HAL_Driver/Src/stm32f4xx_hal_gpio.o
                0x0000000008007efc                HAL_GPIO_ReadPin
 .text.HAL_GPIO_WritePin
                0x0000000008007f2c       0x32 ./Drivers/STM32F4xx_HAL_Driver/Src/stm32f4xx_hal_gpio.o
                0x0000000008007f2c                HAL_GPIO_WritePin
 *fill*         0x0000000008007f5e        0x2 
 .text.HAL_GPIO_EXTI_IRQHandler
                0x0000000008007f60       0x30 ./Drivers/STM32F4xx_HAL_Driver/Src/stm32f4xx_hal_gpio.o
                0x0000000008007f60                HAL_GPIO_EXTI_IRQHandler
 .text.HAL_RCC_OscConfig
                0x0000000008007f90      0x4f0 ./Drivers/STM32F4xx_HAL_Driver/Src/stm32f4xx_hal_rcc.o
                0x0000000008007f90                HAL_RCC_OscConfig
 .text.HAL_RCC_ClockConfig
                0x0000000008008480      0x1cc ./Drivers/STM32F4xx_HAL_Driver/Src/stm32f4xx_hal_rcc.o
                0x0000000008008480                HAL_RCC_ClockConfig
 .text.HAL_RCC_GetSysClockFreq
                0x000000000800864c      0x20c ./Drivers/STM32F4xx_HAL_Driver/Src/stm32f4xx_hal_rcc.o
                0x000000000800864c                HAL_RCC_GetSysClockFreq
 .text.HAL_RCC_GetHCLKFreq
                0x0000000008008858       0x18 ./Drivers/STM32F4xx_HAL_Driver/Src/stm32f4xx_hal_rcc.o
                0x0000000008008858                HAL_RCC_GetHCLKFreq
 .text.HAL_RCC_GetPCLK1Freq
                0x0000000008008870       0x28 ./Drivers/STM32F4xx_HAL_Driver/Src/stm32f4xx_hal_rcc.o
                0x0000000008008870                HAL_RCC_GetPCLK1Freq
 .text.HAL_RCC_GetPCLK2Freq
                0x0000000008008898       0x28 ./Drivers/STM32F4xx_HAL_Driver/Src/stm32f4xx_hal_rcc.o
                0x0000000008008898                HAL_RCC_GetPCLK2Freq
 .text.HAL_TIM_Base_Init
                0x00000000080088c0       0x9e ./Drivers/STM32F4xx_HAL_Driver/Src/stm32f4xx_hal_tim.o
                0x00000000080088c0                HAL_TIM_Base_Init
 *fill*         0x000000000800895e        0x2 
 .text.HAL_TIM_Base_Start_IT
                0x0000000008008960       0xe0 ./Drivers/STM32F4xx_HAL_Driver/Src/stm32f4xx_hal_tim.o
                0x0000000008008960                HAL_TIM_Base_Start_IT
 .text.HAL_TIM_PWM_Init
                0x0000000008008a40       0x9e ./Drivers/STM32F4xx_HAL_Driver/Src/stm32f4xx_hal_tim.o
                0x0000000008008a40                HAL_TIM_PWM_Init
 .text.HAL_TIM_PWM_MspInit
                0x0000000008008ade       0x14 ./Drivers/STM32F4xx_HAL_Driver/Src/stm32f4xx_hal_tim.o
                0x0000000008008ade                HAL_TIM_PWM_MspInit
 *fill*         0x0000000008008af2        0x2 
 .text.HAL_TIM_PWM_Start
                0x0000000008008af4      0x190 ./Drivers/STM32F4xx_HAL_Driver/Src/stm32f4xx_hal_tim.o
                0x0000000008008af4                HAL_TIM_PWM_Start
 .text.HAL_TIM_IRQHandler
                0x0000000008008c84      0x210 ./Drivers/STM32F4xx_HAL_Driver/Src/stm32f4xx_hal_tim.o
                0x0000000008008c84                HAL_TIM_IRQHandler
 .text.HAL_TIM_PWM_ConfigChannel
                0x0000000008008e94      0x184 ./Drivers/STM32F4xx_HAL_Driver/Src/stm32f4xx_hal_tim.o
                0x0000000008008e94                HAL_TIM_PWM_ConfigChannel
 .text.HAL_TIM_ConfigClockSource
                0x0000000008009018      0x18e ./Drivers/STM32F4xx_HAL_Driver/Src/stm32f4xx_hal_tim.o
                0x0000000008009018                HAL_TIM_ConfigClockSource
 .text.HAL_TIM_OC_DelayElapsedCallback
                0x00000000080091a6       0x14 ./Drivers/STM32F4xx_HAL_Driver/Src/stm32f4xx_hal_tim.o
                0x00000000080091a6                HAL_TIM_OC_DelayElapsedCallback
 .text.HAL_TIM_IC_CaptureCallback
                0x00000000080091ba       0x14 ./Drivers/STM32F4xx_HAL_Driver/Src/stm32f4xx_hal_tim.o
                0x00000000080091ba                HAL_TIM_IC_CaptureCallback
 .text.HAL_TIM_PWM_PulseFinishedCallback
                0x00000000080091ce       0x14 ./Drivers/STM32F4xx_HAL_Driver/Src/stm32f4xx_hal_tim.o
                0x00000000080091ce                HAL_TIM_PWM_PulseFinishedCallback
 .text.HAL_TIM_TriggerCallback
                0x00000000080091e2       0x14 ./Drivers/STM32F4xx_HAL_Driver/Src/stm32f4xx_hal_tim.o
                0x00000000080091e2                HAL_TIM_TriggerCallback
 *fill*         0x00000000080091f6        0x2 
 .text.TIM_Base_SetConfig
                0x00000000080091f8      0x140 ./Drivers/STM32F4xx_HAL_Driver/Src/stm32f4xx_hal_tim.o
                0x00000000080091f8                TIM_Base_SetConfig
 .text.TIM_OC1_SetConfig
                0x0000000008009338       0xe0 ./Drivers/STM32F4xx_HAL_Driver/Src/stm32f4xx_hal_tim.o
 .text.TIM_OC2_SetConfig
                0x0000000008009418       0xec ./Drivers/STM32F4xx_HAL_Driver/Src/stm32f4xx_hal_tim.o
                0x0000000008009418                TIM_OC2_SetConfig
 .text.TIM_OC3_SetConfig
                0x0000000008009504       0xe8 ./Drivers/STM32F4xx_HAL_Driver/Src/stm32f4xx_hal_tim.o
 .text.TIM_OC4_SetConfig
                0x00000000080095ec       0xac ./Drivers/STM32F4xx_HAL_Driver/Src/stm32f4xx_hal_tim.o
 .text.TIM_TI1_ConfigInputStage
                0x0000000008009698       0x5e ./Drivers/STM32F4xx_HAL_Driver/Src/stm32f4xx_hal_tim.o
 .text.TIM_TI2_ConfigInputStage
                0x00000000080096f6       0x60 ./Drivers/STM32F4xx_HAL_Driver/Src/stm32f4xx_hal_tim.o
 .text.TIM_ITRx_SetConfig
                0x0000000008009756       0x36 ./Drivers/STM32F4xx_HAL_Driver/Src/stm32f4xx_hal_tim.o
 .text.TIM_ETR_SetConfig
                0x000000000800978c       0x40 ./Drivers/STM32F4xx_HAL_Driver/Src/stm32f4xx_hal_tim.o
                0x000000000800978c                TIM_ETR_SetConfig
 .text.TIM_CCxChannelCmd
                0x00000000080097cc       0x4a ./Drivers/STM32F4xx_HAL_Driver/Src/stm32f4xx_hal_tim.o
                0x00000000080097cc                TIM_CCxChannelCmd
 *fill*         0x0000000008009816        0x2 
 .text.HAL_TIMEx_PWMN_Start
                0x0000000008009818      0x174 ./Drivers/STM32F4xx_HAL_Driver/Src/stm32f4xx_hal_tim_ex.o
                0x0000000008009818                HAL_TIMEx_PWMN_Start
 .text.HAL_TIMEx_MasterConfigSynchronization
                0x000000000800998c       0xf8 ./Drivers/STM32F4xx_HAL_Driver/Src/stm32f4xx_hal_tim_ex.o
                0x000000000800998c                HAL_TIMEx_MasterConfigSynchronization
 .text.HAL_TIMEx_ConfigBreakDeadTime
                0x0000000008009a84       0xa4 ./Drivers/STM32F4xx_HAL_Driver/Src/stm32f4xx_hal_tim_ex.o
                0x0000000008009a84                HAL_TIMEx_ConfigBreakDeadTime
 .text.HAL_TIMEx_CommutCallback
                0x0000000008009b28       0x14 ./Drivers/STM32F4xx_HAL_Driver/Src/stm32f4xx_hal_tim_ex.o
                0x0000000008009b28                HAL_TIMEx_CommutCallback
 .text.HAL_TIMEx_BreakCallback
                0x0000000008009b3c       0x14 ./Drivers/STM32F4xx_HAL_Driver/Src/stm32f4xx_hal_tim_ex.o
                0x0000000008009b3c                HAL_TIMEx_BreakCallback
 .text.TIM_CCxNChannelCmd
                0x0000000008009b50       0x4a ./Drivers/STM32F4xx_HAL_Driver/Src/stm32f4xx_hal_tim_ex.o
 .text.HAL_UART_Init
                0x0000000008009b9a       0x9a ./Drivers/STM32F4xx_HAL_Driver/Src/stm32f4xx_hal_uart.o
                0x0000000008009b9a                HAL_UART_Init
 .text.HAL_UART_Transmit
                0x0000000008009c34      0x124 ./Drivers/STM32F4xx_HAL_Driver/Src/stm32f4xx_hal_uart.o
                0x0000000008009c34                HAL_UART_Transmit
 .text.HAL_UARTEx_ReceiveToIdle_DMA
                0x0000000008009d58       0xca ./Drivers/STM32F4xx_HAL_Driver/Src/stm32f4xx_hal_uart.o
                0x0000000008009d58                HAL_UARTEx_ReceiveToIdle_DMA
 *fill*         0x0000000008009e22        0x2 
 .text.HAL_UART_IRQHandler
                0x0000000008009e24      0x51c ./Drivers/STM32F4xx_HAL_Driver/Src/stm32f4xx_hal_uart.o
                0x0000000008009e24                HAL_UART_IRQHandler
 .text.HAL_UART_TxCpltCallback
                0x000000000800a340       0x14 ./Drivers/STM32F4xx_HAL_Driver/Src/stm32f4xx_hal_uart.o
                0x000000000800a340                HAL_UART_TxCpltCallback
 .text.HAL_UART_RxCpltCallback
                0x000000000800a354       0x14 ./Drivers/STM32F4xx_HAL_Driver/Src/stm32f4xx_hal_uart.o
                0x000000000800a354                HAL_UART_RxCpltCallback
 .text.HAL_UART_RxHalfCpltCallback
                0x000000000800a368       0x14 ./Drivers/STM32F4xx_HAL_Driver/Src/stm32f4xx_hal_uart.o
                0x000000000800a368                HAL_UART_RxHalfCpltCallback
 .text.HAL_UART_ErrorCallback
                0x000000000800a37c       0x14 ./Drivers/STM32F4xx_HAL_Driver/Src/stm32f4xx_hal_uart.o
                0x000000000800a37c                HAL_UART_ErrorCallback
 .text.UART_DMAReceiveCplt
                0x000000000800a390      0x126 ./Drivers/STM32F4xx_HAL_Driver/Src/stm32f4xx_hal_uart.o
 .text.UART_DMARxHalfCplt
                0x000000000800a4b6       0x36 ./Drivers/STM32F4xx_HAL_Driver/Src/stm32f4xx_hal_uart.o
 .text.UART_DMAError
                0x000000000800a4ec       0x94 ./Drivers/STM32F4xx_HAL_Driver/Src/stm32f4xx_hal_uart.o
 .text.UART_WaitOnFlagUntilTimeout
                0x000000000800a580       0xdc ./Drivers/STM32F4xx_HAL_Driver/Src/stm32f4xx_hal_uart.o
 .text.UART_Start_Receive_DMA
                0x000000000800a65c      0x13c ./Drivers/STM32F4xx_HAL_Driver/Src/stm32f4xx_hal_uart.o
                0x000000000800a65c                UART_Start_Receive_DMA
 .text.UART_EndTxTransfer
                0x000000000800a798       0x50 ./Drivers/STM32F4xx_HAL_Driver/Src/stm32f4xx_hal_uart.o
 .text.UART_EndRxTransfer
                0x000000000800a7e8       0xc6 ./Drivers/STM32F4xx_HAL_Driver/Src/stm32f4xx_hal_uart.o
 .text.UART_DMAAbortOnError
                0x000000000800a8ae       0x28 ./Drivers/STM32F4xx_HAL_Driver/Src/stm32f4xx_hal_uart.o
 .text.UART_Transmit_IT
                0x000000000800a8d6       0xa0 ./Drivers/STM32F4xx_HAL_Driver/Src/stm32f4xx_hal_uart.o
 .text.UART_EndTransmit_IT
                0x000000000800a976       0x30 ./Drivers/STM32F4xx_HAL_Driver/Src/stm32f4xx_hal_uart.o
 .text.UART_Receive_IT
                0x000000000800a9a6      0x176 ./Drivers/STM32F4xx_HAL_Driver/Src/stm32f4xx_hal_uart.o
 .text.UART_SetConfig
                0x000000000800ab1c      0x4e8 ./Drivers/STM32F4xx_HAL_Driver/Src/stm32f4xx_hal_uart.o
 .text.arm_sin_f32
                0x000000000800b004       0x8c ../Middlewares/ST/ARM/DSP/Lib\libarm_cortexM4lf_math.a(arm_sin_f32.o)
                0x000000000800b004                arm_sin_f32
 .text.arm_cos_f32
                0x000000000800b090       0x94 ../Middlewares/ST/ARM/DSP/Lib\libarm_cortexM4lf_math.a(arm_cos_f32.o)
                0x000000000800b090                arm_cos_f32
 .text.__cvt    0x000000000800b124       0xc4 E:/stm32cubeide_cdh/STM32CubeIDE_1.13.1/STM32CubeIDE/plugins/com.st.stm32cube.ide.mcu.externaltools.gnu-tools-for-stm32.11.3.rel1.win32_1.1.0.202305231506/tools/bin/../lib/gcc/arm-none-eabi/11.3.1/../../../../arm-none-eabi/lib/thumb/v7e-m+fp/hard\libc_nano.a(libc_a-nano-vfprintf_float.o)
                0x000000000800b124                __cvt
 .text.__exponent
                0x000000000800b1e8       0x7c E:/stm32cubeide_cdh/STM32CubeIDE_1.13.1/STM32CubeIDE/plugins/com.st.stm32cube.ide.mcu.externaltools.gnu-tools-for-stm32.11.3.rel1.win32_1.1.0.202305231506/tools/bin/../lib/gcc/arm-none-eabi/11.3.1/../../../../arm-none-eabi/lib/thumb/v7e-m+fp/hard\libc_nano.a(libc_a-nano-vfprintf_float.o)
                0x000000000800b1e8                __exponent
 .text._printf_float
                0x000000000800b264      0x46c E:/stm32cubeide_cdh/STM32CubeIDE_1.13.1/STM32CubeIDE/plugins/com.st.stm32cube.ide.mcu.externaltools.gnu-tools-for-stm32.11.3.rel1.win32_1.1.0.202305231506/tools/bin/../lib/gcc/arm-none-eabi/11.3.1/../../../../arm-none-eabi/lib/thumb/v7e-m+fp/hard\libc_nano.a(libc_a-nano-vfprintf_float.o)
                0x000000000800b264                _printf_float
 .text._printf_common
                0x000000000800b6d0       0xda E:/stm32cubeide_cdh/STM32CubeIDE_1.13.1/STM32CubeIDE/plugins/com.st.stm32cube.ide.mcu.externaltools.gnu-tools-for-stm32.11.3.rel1.win32_1.1.0.202305231506/tools/bin/../lib/gcc/arm-none-eabi/11.3.1/../../../../arm-none-eabi/lib/thumb/v7e-m+fp/hard\libc_nano.a(libc_a-nano-vfprintf_i.o)
                0x000000000800b6d0                _printf_common
 *fill*         0x000000000800b7aa        0x2 
 .text._printf_i
                0x000000000800b7ac      0x244 E:/stm32cubeide_cdh/STM32CubeIDE_1.13.1/STM32CubeIDE/plugins/com.st.stm32cube.ide.mcu.externaltools.gnu-tools-for-stm32.11.3.rel1.win32_1.1.0.202305231506/tools/bin/../lib/gcc/arm-none-eabi/11.3.1/../../../../arm-none-eabi/lib/thumb/v7e-m+fp/hard\libc_nano.a(libc_a-nano-vfprintf_i.o)
                0x000000000800b7ac                _printf_i
 .text._scanf_float
                0x000000000800b9f0      0x420 E:/stm32cubeide_cdh/STM32CubeIDE_1.13.1/STM32CubeIDE/plugins/com.st.stm32cube.ide.mcu.externaltools.gnu-tools-for-stm32.11.3.rel1.win32_1.1.0.202305231506/tools/bin/../lib/gcc/arm-none-eabi/11.3.1/../../../../arm-none-eabi/lib/thumb/v7e-m+fp/hard\libc_nano.a(libc_a-nano-vfscanf_float.o)
                0x000000000800b9f0                _scanf_float
 .text.std      0x000000000800be10       0x48 E:/stm32cubeide_cdh/STM32CubeIDE_1.13.1/STM32CubeIDE/plugins/com.st.stm32cube.ide.mcu.externaltools.gnu-tools-for-stm32.11.3.rel1.win32_1.1.0.202305231506/tools/bin/../lib/gcc/arm-none-eabi/11.3.1/../../../../arm-none-eabi/lib/thumb/v7e-m+fp/hard\libc_nano.a(libc_a-findfp.o)
 .text.stdio_exit_handler
                0x000000000800be58       0x18 E:/stm32cubeide_cdh/STM32CubeIDE_1.13.1/STM32CubeIDE/plugins/com.st.stm32cube.ide.mcu.externaltools.gnu-tools-for-stm32.11.3.rel1.win32_1.1.0.202305231506/tools/bin/../lib/gcc/arm-none-eabi/11.3.1/../../../../arm-none-eabi/lib/thumb/v7e-m+fp/hard\libc_nano.a(libc_a-findfp.o)
 .text.cleanup_stdio
                0x000000000800be70       0x40 E:/stm32cubeide_cdh/STM32CubeIDE_1.13.1/STM32CubeIDE/plugins/com.st.stm32cube.ide.mcu.externaltools.gnu-tools-for-stm32.11.3.rel1.win32_1.1.0.202305231506/tools/bin/../lib/gcc/arm-none-eabi/11.3.1/../../../../arm-none-eabi/lib/thumb/v7e-m+fp/hard\libc_nano.a(libc_a-findfp.o)
 .text.global_stdio_init.part.0
                0x000000000800beb0       0x3c E:/stm32cubeide_cdh/STM32CubeIDE_1.13.1/STM32CubeIDE/plugins/com.st.stm32cube.ide.mcu.externaltools.gnu-tools-for-stm32.11.3.rel1.win32_1.1.0.202305231506/tools/bin/../lib/gcc/arm-none-eabi/11.3.1/../../../../arm-none-eabi/lib/thumb/v7e-m+fp/hard\libc_nano.a(libc_a-findfp.o)
 .text.__sfp_lock_acquire
                0x000000000800beec        0xc E:/stm32cubeide_cdh/STM32CubeIDE_1.13.1/STM32CubeIDE/plugins/com.st.stm32cube.ide.mcu.externaltools.gnu-tools-for-stm32.11.3.rel1.win32_1.1.0.202305231506/tools/bin/../lib/gcc/arm-none-eabi/11.3.1/../../../../arm-none-eabi/lib/thumb/v7e-m+fp/hard\libc_nano.a(libc_a-findfp.o)
                0x000000000800beec                __sfp_lock_acquire
 .text.__sfp_lock_release
                0x000000000800bef8        0xc E:/stm32cubeide_cdh/STM32CubeIDE_1.13.1/STM32CubeIDE/plugins/com.st.stm32cube.ide.mcu.externaltools.gnu-tools-for-stm32.11.3.rel1.win32_1.1.0.202305231506/tools/bin/../lib/gcc/arm-none-eabi/11.3.1/../../../../arm-none-eabi/lib/thumb/v7e-m+fp/hard\libc_nano.a(libc_a-findfp.o)
                0x000000000800bef8                __sfp_lock_release
 .text.__sinit  0x000000000800bf04       0x30 E:/stm32cubeide_cdh/STM32CubeIDE_1.13.1/STM32CubeIDE/plugins/com.st.stm32cube.ide.mcu.externaltools.gnu-tools-for-stm32.11.3.rel1.win32_1.1.0.202305231506/tools/bin/../lib/gcc/arm-none-eabi/11.3.1/../../../../arm-none-eabi/lib/thumb/v7e-m+fp/hard\libc_nano.a(libc_a-findfp.o)
                0x000000000800bf04                __sinit
 .text._fwalk_sglue
                0x000000000800bf34       0x3c E:/stm32cubeide_cdh/STM32CubeIDE_1.13.1/STM32CubeIDE/plugins/com.st.stm32cube.ide.mcu.externaltools.gnu-tools-for-stm32.11.3.rel1.win32_1.1.0.202305231506/tools/bin/../lib/gcc/arm-none-eabi/11.3.1/../../../../arm-none-eabi/lib/thumb/v7e-m+fp/hard\libc_nano.a(libc_a-fwalk.o)
                0x000000000800bf34                _fwalk_sglue
 .text.printf   0x000000000800bf70       0x24 E:/stm32cubeide_cdh/STM32CubeIDE_1.13.1/STM32CubeIDE/plugins/com.st.stm32cube.ide.mcu.externaltools.gnu-tools-for-stm32.11.3.rel1.win32_1.1.0.202305231506/tools/bin/../lib/gcc/arm-none-eabi/11.3.1/../../../../arm-none-eabi/lib/thumb/v7e-m+fp/hard\libc_nano.a(libc_a-printf.o)
                0x000000000800bf70                iprintf
                0x000000000800bf70                printf
 .text._puts_r  0x000000000800bf94       0xa8 E:/stm32cubeide_cdh/STM32CubeIDE_1.13.1/STM32CubeIDE/plugins/com.st.stm32cube.ide.mcu.externaltools.gnu-tools-for-stm32.11.3.rel1.win32_1.1.0.202305231506/tools/bin/../lib/gcc/arm-none-eabi/11.3.1/../../../../arm-none-eabi/lib/thumb/v7e-m+fp/hard\libc_nano.a(libc_a-puts.o)
                0x000000000800bf94                _puts_r
 .text.puts     0x000000000800c03c       0x10 E:/stm32cubeide_cdh/STM32CubeIDE_1.13.1/STM32CubeIDE/plugins/com.st.stm32cube.ide.mcu.externaltools.gnu-tools-for-stm32.11.3.rel1.win32_1.1.0.202305231506/tools/bin/../lib/gcc/arm-none-eabi/11.3.1/../../../../arm-none-eabi/lib/thumb/v7e-m+fp/hard\libc_nano.a(libc_a-puts.o)
                0x000000000800c03c                puts
 .text.sprintf  0x000000000800c04c       0x40 E:/stm32cubeide_cdh/STM32CubeIDE_1.13.1/STM32CubeIDE/plugins/com.st.stm32cube.ide.mcu.externaltools.gnu-tools-for-stm32.11.3.rel1.win32_1.1.0.202305231506/tools/bin/../lib/gcc/arm-none-eabi/11.3.1/../../../../arm-none-eabi/lib/thumb/v7e-m+fp/hard\libc_nano.a(libc_a-sprintf.o)
                0x000000000800c04c                siprintf
                0x000000000800c04c                sprintf
 .text.sscanf   0x000000000800c08c       0x58 E:/stm32cubeide_cdh/STM32CubeIDE_1.13.1/STM32CubeIDE/plugins/com.st.stm32cube.ide.mcu.externaltools.gnu-tools-for-stm32.11.3.rel1.win32_1.1.0.202305231506/tools/bin/../lib/gcc/arm-none-eabi/11.3.1/../../../../arm-none-eabi/lib/thumb/v7e-m+fp/hard\libc_nano.a(libc_a-sscanf.o)
                0x000000000800c08c                siscanf
                0x000000000800c08c                sscanf
 .text.__sread  0x000000000800c0e4       0x22 E:/stm32cubeide_cdh/STM32CubeIDE_1.13.1/STM32CubeIDE/plugins/com.st.stm32cube.ide.mcu.externaltools.gnu-tools-for-stm32.11.3.rel1.win32_1.1.0.202305231506/tools/bin/../lib/gcc/arm-none-eabi/11.3.1/../../../../arm-none-eabi/lib/thumb/v7e-m+fp/hard\libc_nano.a(libc_a-stdio.o)
                0x000000000800c0e4                __sread
 .text.__seofread
                0x000000000800c106        0x4 E:/stm32cubeide_cdh/STM32CubeIDE_1.13.1/STM32CubeIDE/plugins/com.st.stm32cube.ide.mcu.externaltools.gnu-tools-for-stm32.11.3.rel1.win32_1.1.0.202305231506/tools/bin/../lib/gcc/arm-none-eabi/11.3.1/../../../../arm-none-eabi/lib/thumb/v7e-m+fp/hard\libc_nano.a(libc_a-stdio.o)
                0x000000000800c106                __seofread
 .text.__swrite
                0x000000000800c10a       0x38 E:/stm32cubeide_cdh/STM32CubeIDE_1.13.1/STM32CubeIDE/plugins/com.st.stm32cube.ide.mcu.externaltools.gnu-tools-for-stm32.11.3.rel1.win32_1.1.0.202305231506/tools/bin/../lib/gcc/arm-none-eabi/11.3.1/../../../../arm-none-eabi/lib/thumb/v7e-m+fp/hard\libc_nano.a(libc_a-stdio.o)
                0x000000000800c10a                __swrite
 .text.__sseek  0x000000000800c142       0x24 E:/stm32cubeide_cdh/STM32CubeIDE_1.13.1/STM32CubeIDE/plugins/com.st.stm32cube.ide.mcu.externaltools.gnu-tools-for-stm32.11.3.rel1.win32_1.1.0.202305231506/tools/bin/../lib/gcc/arm-none-eabi/11.3.1/../../../../arm-none-eabi/lib/thumb/v7e-m+fp/hard\libc_nano.a(libc_a-stdio.o)
                0x000000000800c142                __sseek
 .text.__sclose
                0x000000000800c166        0x8 E:/stm32cubeide_cdh/STM32CubeIDE_1.13.1/STM32CubeIDE/plugins/com.st.stm32cube.ide.mcu.externaltools.gnu-tools-for-stm32.11.3.rel1.win32_1.1.0.202305231506/tools/bin/../lib/gcc/arm-none-eabi/11.3.1/../../../../arm-none-eabi/lib/thumb/v7e-m+fp/hard\libc_nano.a(libc_a-stdio.o)
                0x000000000800c166                __sclose
 .text._vsnprintf_r
                0x000000000800c16e       0x56 E:/stm32cubeide_cdh/STM32CubeIDE_1.13.1/STM32CubeIDE/plugins/com.st.stm32cube.ide.mcu.externaltools.gnu-tools-for-stm32.11.3.rel1.win32_1.1.0.202305231506/tools/bin/../lib/gcc/arm-none-eabi/11.3.1/../../../../arm-none-eabi/lib/thumb/v7e-m+fp/hard\libc_nano.a(libc_a-vsnprintf.o)
                0x000000000800c16e                _vsniprintf_r
                0x000000000800c16e                _vsnprintf_r
 .text.vsnprintf
                0x000000000800c1c4       0x1c E:/stm32cubeide_cdh/STM32CubeIDE_1.13.1/STM32CubeIDE/plugins/com.st.stm32cube.ide.mcu.externaltools.gnu-tools-for-stm32.11.3.rel1.win32_1.1.0.202305231506/tools/bin/../lib/gcc/arm-none-eabi/11.3.1/../../../../arm-none-eabi/lib/thumb/v7e-m+fp/hard\libc_nano.a(libc_a-vsnprintf.o)
                0x000000000800c1c4                vsniprintf
                0x000000000800c1c4                vsnprintf
 .text.__swbuf_r
                0x000000000800c1e0       0x7a E:/stm32cubeide_cdh/STM32CubeIDE_1.13.1/STM32CubeIDE/plugins/com.st.stm32cube.ide.mcu.externaltools.gnu-tools-for-stm32.11.3.rel1.win32_1.1.0.202305231506/tools/bin/../lib/gcc/arm-none-eabi/11.3.1/../../../../arm-none-eabi/lib/thumb/v7e-m+fp/hard\libc_nano.a(libc_a-wbuf.o)
                0x000000000800c1e0                __swbuf_r
 *fill*         0x000000000800c25a        0x2 
 .text.__swsetup_r
                0x000000000800c25c       0xb0 E:/stm32cubeide_cdh/STM32CubeIDE_1.13.1/STM32CubeIDE/plugins/com.st.stm32cube.ide.mcu.externaltools.gnu-tools-for-stm32.11.3.rel1.win32_1.1.0.202305231506/tools/bin/../lib/gcc/arm-none-eabi/11.3.1/../../../../arm-none-eabi/lib/thumb/v7e-m+fp/hard\libc_nano.a(libc_a-wsetup.o)
                0x000000000800c25c                __swsetup_r
 .text.memset   0x000000000800c30c       0x10 E:/stm32cubeide_cdh/STM32CubeIDE_1.13.1/STM32CubeIDE/plugins/com.st.stm32cube.ide.mcu.externaltools.gnu-tools-for-stm32.11.3.rel1.win32_1.1.0.202305231506/tools/bin/../lib/gcc/arm-none-eabi/11.3.1/../../../../arm-none-eabi/lib/thumb/v7e-m+fp/hard\libc_nano.a(libc_a-memset.o)
                0x000000000800c30c                memset
 .text._localeconv_r
                0x000000000800c31c        0x8 E:/stm32cubeide_cdh/STM32CubeIDE_1.13.1/STM32CubeIDE/plugins/com.st.stm32cube.ide.mcu.externaltools.gnu-tools-for-stm32.11.3.rel1.win32_1.1.0.202305231506/tools/bin/../lib/gcc/arm-none-eabi/11.3.1/../../../../arm-none-eabi/lib/thumb/v7e-m+fp/hard\libc_nano.a(libc_a-localeconv.o)
                0x000000000800c31c                _localeconv_r
 .text._close_r
                0x000000000800c324       0x20 E:/stm32cubeide_cdh/STM32CubeIDE_1.13.1/STM32CubeIDE/plugins/com.st.stm32cube.ide.mcu.externaltools.gnu-tools-for-stm32.11.3.rel1.win32_1.1.0.202305231506/tools/bin/../lib/gcc/arm-none-eabi/11.3.1/../../../../arm-none-eabi/lib/thumb/v7e-m+fp/hard\libc_nano.a(libc_a-closer.o)
                0x000000000800c324                _close_r
 .text._lseek_r
                0x000000000800c344       0x24 E:/stm32cubeide_cdh/STM32CubeIDE_1.13.1/STM32CubeIDE/plugins/com.st.stm32cube.ide.mcu.externaltools.gnu-tools-for-stm32.11.3.rel1.win32_1.1.0.202305231506/tools/bin/../lib/gcc/arm-none-eabi/11.3.1/../../../../arm-none-eabi/lib/thumb/v7e-m+fp/hard\libc_nano.a(libc_a-lseekr.o)
                0x000000000800c344                _lseek_r
 .text._read_r  0x000000000800c368       0x24 E:/stm32cubeide_cdh/STM32CubeIDE_1.13.1/STM32CubeIDE/plugins/com.st.stm32cube.ide.mcu.externaltools.gnu-tools-for-stm32.11.3.rel1.win32_1.1.0.202305231506/tools/bin/../lib/gcc/arm-none-eabi/11.3.1/../../../../arm-none-eabi/lib/thumb/v7e-m+fp/hard\libc_nano.a(libc_a-readr.o)
                0x000000000800c368                _read_r
 .text._write_r
                0x000000000800c38c       0x24 E:/stm32cubeide_cdh/STM32CubeIDE_1.13.1/STM32CubeIDE/plugins/com.st.stm32cube.ide.mcu.externaltools.gnu-tools-for-stm32.11.3.rel1.win32_1.1.0.202305231506/tools/bin/../lib/gcc/arm-none-eabi/11.3.1/../../../../arm-none-eabi/lib/thumb/v7e-m+fp/hard\libc_nano.a(libc_a-writer.o)
                0x000000000800c38c                _write_r
 .text.__errno  0x000000000800c3b0        0xc E:/stm32cubeide_cdh/STM32CubeIDE_1.13.1/STM32CubeIDE/plugins/com.st.stm32cube.ide.mcu.externaltools.gnu-tools-for-stm32.11.3.rel1.win32_1.1.0.202305231506/tools/bin/../lib/gcc/arm-none-eabi/11.3.1/../../../../arm-none-eabi/lib/thumb/v7e-m+fp/hard\libc_nano.a(libc_a-errno.o)
                0x000000000800c3b0                __errno
 .text.__libc_init_array
                0x000000000800c3bc       0x48 E:/stm32cubeide_cdh/STM32CubeIDE_1.13.1/STM32CubeIDE/plugins/com.st.stm32cube.ide.mcu.externaltools.gnu-tools-for-stm32.11.3.rel1.win32_1.1.0.202305231506/tools/bin/../lib/gcc/arm-none-eabi/11.3.1/../../../../arm-none-eabi/lib/thumb/v7e-m+fp/hard\libc_nano.a(libc_a-init.o)
                0x000000000800c3bc                __libc_init_array
 .text.__retarget_lock_acquire_recursive
                0x000000000800c404        0x2 E:/stm32cubeide_cdh/STM32CubeIDE_1.13.1/STM32CubeIDE/plugins/com.st.stm32cube.ide.mcu.externaltools.gnu-tools-for-stm32.11.3.rel1.win32_1.1.0.202305231506/tools/bin/../lib/gcc/arm-none-eabi/11.3.1/../../../../arm-none-eabi/lib/thumb/v7e-m+fp/hard\libc_nano.a(libc_a-lock.o)
                0x000000000800c404                __retarget_lock_acquire_recursive
 .text.__retarget_lock_release_recursive
                0x000000000800c406        0x2 E:/stm32cubeide_cdh/STM32CubeIDE_1.13.1/STM32CubeIDE/plugins/com.st.stm32cube.ide.mcu.externaltools.gnu-tools-for-stm32.11.3.rel1.win32_1.1.0.202305231506/tools/bin/../lib/gcc/arm-none-eabi/11.3.1/../../../../arm-none-eabi/lib/thumb/v7e-m+fp/hard\libc_nano.a(libc_a-lock.o)
                0x000000000800c406                __retarget_lock_release_recursive
 .text.memcpy   0x000000000800c408       0x1c E:/stm32cubeide_cdh/STM32CubeIDE_1.13.1/STM32CubeIDE/plugins/com.st.stm32cube.ide.mcu.externaltools.gnu-tools-for-stm32.11.3.rel1.win32_1.1.0.202305231506/tools/bin/../lib/gcc/arm-none-eabi/11.3.1/../../../../arm-none-eabi/lib/thumb/v7e-m+fp/hard\libc_nano.a(libc_a-memcpy-stub.o)
                0x000000000800c408                memcpy
 .text.nanf     0x000000000800c424        0xc E:/stm32cubeide_cdh/STM32CubeIDE_1.13.1/STM32CubeIDE/plugins/com.st.stm32cube.ide.mcu.externaltools.gnu-tools-for-stm32.11.3.rel1.win32_1.1.0.202305231506/tools/bin/../lib/gcc/arm-none-eabi/11.3.1/../../../../arm-none-eabi/lib/thumb/v7e-m+fp/hard\libc_nano.a(libm_a-sf_nan.o)
                0x000000000800c424                nanf
 .text.__assert_func
                0x000000000800c430       0x3c E:/stm32cubeide_cdh/STM32CubeIDE_1.13.1/STM32CubeIDE/plugins/com.st.stm32cube.ide.mcu.externaltools.gnu-tools-for-stm32.11.3.rel1.win32_1.1.0.202305231506/tools/bin/../lib/gcc/arm-none-eabi/11.3.1/../../../../arm-none-eabi/lib/thumb/v7e-m+fp/hard\libc_nano.a(libc_a-assert.o)
                0x000000000800c430                __assert_func
 .text.quorem   0x000000000800c46c      0x110 E:/stm32cubeide_cdh/STM32CubeIDE_1.13.1/STM32CubeIDE/plugins/com.st.stm32cube.ide.mcu.externaltools.gnu-tools-for-stm32.11.3.rel1.win32_1.1.0.202305231506/tools/bin/../lib/gcc/arm-none-eabi/11.3.1/../../../../arm-none-eabi/lib/thumb/v7e-m+fp/hard\libc_nano.a(libc_a-dtoa.o)
 *fill*         0x000000000800c57c        0x4 
 .text._dtoa_r  0x000000000800c580      0xbe4 E:/stm32cubeide_cdh/STM32CubeIDE_1.13.1/STM32CubeIDE/plugins/com.st.stm32cube.ide.mcu.externaltools.gnu-tools-for-stm32.11.3.rel1.win32_1.1.0.202305231506/tools/bin/../lib/gcc/arm-none-eabi/11.3.1/../../../../arm-none-eabi/lib/thumb/v7e-m+fp/hard\libc_nano.a(libc_a-dtoa.o)
                0x000000000800c580                _dtoa_r
 .text._free_r  0x000000000800d164       0x98 E:/stm32cubeide_cdh/STM32CubeIDE_1.13.1/STM32CubeIDE/plugins/com.st.stm32cube.ide.mcu.externaltools.gnu-tools-for-stm32.11.3.rel1.win32_1.1.0.202305231506/tools/bin/../lib/gcc/arm-none-eabi/11.3.1/../../../../arm-none-eabi/lib/thumb/v7e-m+fp/hard\libc_nano.a(libc_a-freer.o)
                0x000000000800d164                _free_r
 .text.malloc   0x000000000800d1fc       0x10 E:/stm32cubeide_cdh/STM32CubeIDE_1.13.1/STM32CubeIDE/plugins/com.st.stm32cube.ide.mcu.externaltools.gnu-tools-for-stm32.11.3.rel1.win32_1.1.0.202305231506/tools/bin/../lib/gcc/arm-none-eabi/11.3.1/../../../../arm-none-eabi/lib/thumb/v7e-m+fp/hard\libc_nano.a(libc_a-malloc.o)
                0x000000000800d1fc                malloc
 .text.sbrk_aligned
                0x000000000800d20c       0x40 E:/stm32cubeide_cdh/STM32CubeIDE_1.13.1/STM32CubeIDE/plugins/com.st.stm32cube.ide.mcu.externaltools.gnu-tools-for-stm32.11.3.rel1.win32_1.1.0.202305231506/tools/bin/../lib/gcc/arm-none-eabi/11.3.1/../../../../arm-none-eabi/lib/thumb/v7e-m+fp/hard\libc_nano.a(libc_a-mallocr.o)
 .text._malloc_r
                0x000000000800d24c      0x100 E:/stm32cubeide_cdh/STM32CubeIDE_1.13.1/STM32CubeIDE/plugins/com.st.stm32cube.ide.mcu.externaltools.gnu-tools-for-stm32.11.3.rel1.win32_1.1.0.202305231506/tools/bin/../lib/gcc/arm-none-eabi/11.3.1/../../../../arm-none-eabi/lib/thumb/v7e-m+fp/hard\libc_nano.a(libc_a-mallocr.o)
                0x000000000800d24c                _malloc_r
 .text.__malloc_lock
                0x000000000800d34c        0xc E:/stm32cubeide_cdh/STM32CubeIDE_1.13.1/STM32CubeIDE/plugins/com.st.stm32cube.ide.mcu.externaltools.gnu-tools-for-stm32.11.3.rel1.win32_1.1.0.202305231506/tools/bin/../lib/gcc/arm-none-eabi/11.3.1/../../../../arm-none-eabi/lib/thumb/v7e-m+fp/hard\libc_nano.a(libc_a-mlock.o)
                0x000000000800d34c                __malloc_lock
 .text.__malloc_unlock
                0x000000000800d358        0xc E:/stm32cubeide_cdh/STM32CubeIDE_1.13.1/STM32CubeIDE/plugins/com.st.stm32cube.ide.mcu.externaltools.gnu-tools-for-stm32.11.3.rel1.win32_1.1.0.202305231506/tools/bin/../lib/gcc/arm-none-eabi/11.3.1/../../../../arm-none-eabi/lib/thumb/v7e-m+fp/hard\libc_nano.a(libc_a-mlock.o)
                0x000000000800d358                __malloc_unlock
 .text._Balloc  0x000000000800d364       0x80 E:/stm32cubeide_cdh/STM32CubeIDE_1.13.1/STM32CubeIDE/plugins/com.st.stm32cube.ide.mcu.externaltools.gnu-tools-for-stm32.11.3.rel1.win32_1.1.0.202305231506/tools/bin/../lib/gcc/arm-none-eabi/11.3.1/../../../../arm-none-eabi/lib/thumb/v7e-m+fp/hard\libc_nano.a(libc_a-mprec.o)
                0x000000000800d364                _Balloc
 .text._Bfree   0x000000000800d3e4       0x44 E:/stm32cubeide_cdh/STM32CubeIDE_1.13.1/STM32CubeIDE/plugins/com.st.stm32cube.ide.mcu.externaltools.gnu-tools-for-stm32.11.3.rel1.win32_1.1.0.202305231506/tools/bin/../lib/gcc/arm-none-eabi/11.3.1/../../../../arm-none-eabi/lib/thumb/v7e-m+fp/hard\libc_nano.a(libc_a-mprec.o)
                0x000000000800d3e4                _Bfree
 .text.__multadd
                0x000000000800d428       0x8c E:/stm32cubeide_cdh/STM32CubeIDE_1.13.1/STM32CubeIDE/plugins/com.st.stm32cube.ide.mcu.externaltools.gnu-tools-for-stm32.11.3.rel1.win32_1.1.0.202305231506/tools/bin/../lib/gcc/arm-none-eabi/11.3.1/../../../../arm-none-eabi/lib/thumb/v7e-m+fp/hard\libc_nano.a(libc_a-mprec.o)
                0x000000000800d428                __multadd
 .text.__s2b    0x000000000800d4b4       0x94 E:/stm32cubeide_cdh/STM32CubeIDE_1.13.1/STM32CubeIDE/plugins/com.st.stm32cube.ide.mcu.externaltools.gnu-tools-for-stm32.11.3.rel1.win32_1.1.0.202305231506/tools/bin/../lib/gcc/arm-none-eabi/11.3.1/../../../../arm-none-eabi/lib/thumb/v7e-m+fp/hard\libc_nano.a(libc_a-mprec.o)
                0x000000000800d4b4                __s2b
 .text.__hi0bits
                0x000000000800d548       0x40 E:/stm32cubeide_cdh/STM32CubeIDE_1.13.1/STM32CubeIDE/plugins/com.st.stm32cube.ide.mcu.externaltools.gnu-tools-for-stm32.11.3.rel1.win32_1.1.0.202305231506/tools/bin/../lib/gcc/arm-none-eabi/11.3.1/../../../../arm-none-eabi/lib/thumb/v7e-m+fp/hard\libc_nano.a(libc_a-mprec.o)
                0x000000000800d548                __hi0bits
 .text.__lo0bits
                0x000000000800d588       0x5a E:/stm32cubeide_cdh/STM32CubeIDE_1.13.1/STM32CubeIDE/plugins/com.st.stm32cube.ide.mcu.externaltools.gnu-tools-for-stm32.11.3.rel1.win32_1.1.0.202305231506/tools/bin/../lib/gcc/arm-none-eabi/11.3.1/../../../../arm-none-eabi/lib/thumb/v7e-m+fp/hard\libc_nano.a(libc_a-mprec.o)
                0x000000000800d588                __lo0bits
 *fill*         0x000000000800d5e2        0x2 
 .text.__i2b    0x000000000800d5e4       0x2c E:/stm32cubeide_cdh/STM32CubeIDE_1.13.1/STM32CubeIDE/plugins/com.st.stm32cube.ide.mcu.externaltools.gnu-tools-for-stm32.11.3.rel1.win32_1.1.0.202305231506/tools/bin/../lib/gcc/arm-none-eabi/11.3.1/../../../../arm-none-eabi/lib/thumb/v7e-m+fp/hard\libc_nano.a(libc_a-mprec.o)
                0x000000000800d5e4                __i2b
 .text.__multiply
                0x000000000800d610      0x154 E:/stm32cubeide_cdh/STM32CubeIDE_1.13.1/STM32CubeIDE/plugins/com.st.stm32cube.ide.mcu.externaltools.gnu-tools-for-stm32.11.3.rel1.win32_1.1.0.202305231506/tools/bin/../lib/gcc/arm-none-eabi/11.3.1/../../../../arm-none-eabi/lib/thumb/v7e-m+fp/hard\libc_nano.a(libc_a-mprec.o)
                0x000000000800d610                __multiply
 .text.__pow5mult
                0x000000000800d764       0xb4 E:/stm32cubeide_cdh/STM32CubeIDE_1.13.1/STM32CubeIDE/plugins/com.st.stm32cube.ide.mcu.externaltools.gnu-tools-for-stm32.11.3.rel1.win32_1.1.0.202305231506/tools/bin/../lib/gcc/arm-none-eabi/11.3.1/../../../../arm-none-eabi/lib/thumb/v7e-m+fp/hard\libc_nano.a(libc_a-mprec.o)
                0x000000000800d764                __pow5mult
 .text.__lshift
                0x000000000800d818       0xd8 E:/stm32cubeide_cdh/STM32CubeIDE_1.13.1/STM32CubeIDE/plugins/com.st.stm32cube.ide.mcu.externaltools.gnu-tools-for-stm32.11.3.rel1.win32_1.1.0.202305231506/tools/bin/../lib/gcc/arm-none-eabi/11.3.1/../../../../arm-none-eabi/lib/thumb/v7e-m+fp/hard\libc_nano.a(libc_a-mprec.o)
                0x000000000800d818                __lshift
 .text.__mcmp   0x000000000800d8f0       0x38 E:/stm32cubeide_cdh/STM32CubeIDE_1.13.1/STM32CubeIDE/plugins/com.st.stm32cube.ide.mcu.externaltools.gnu-tools-for-stm32.11.3.rel1.win32_1.1.0.202305231506/tools/bin/../lib/gcc/arm-none-eabi/11.3.1/../../../../arm-none-eabi/lib/thumb/v7e-m+fp/hard\libc_nano.a(libc_a-mprec.o)
                0x000000000800d8f0                __mcmp
 .text.__mdiff  0x000000000800d928      0x114 E:/stm32cubeide_cdh/STM32CubeIDE_1.13.1/STM32CubeIDE/plugins/com.st.stm32cube.ide.mcu.externaltools.gnu-tools-for-stm32.11.3.rel1.win32_1.1.0.202305231506/tools/bin/../lib/gcc/arm-none-eabi/11.3.1/../../../../arm-none-eabi/lib/thumb/v7e-m+fp/hard\libc_nano.a(libc_a-mprec.o)
                0x000000000800d928                __mdiff
 .text.__ulp    0x000000000800da3c       0x4c E:/stm32cubeide_cdh/STM32CubeIDE_1.13.1/STM32CubeIDE/plugins/com.st.stm32cube.ide.mcu.externaltools.gnu-tools-for-stm32.11.3.rel1.win32_1.1.0.202305231506/tools/bin/../lib/gcc/arm-none-eabi/11.3.1/../../../../arm-none-eabi/lib/thumb/v7e-m+fp/hard\libc_nano.a(libc_a-mprec.o)
                0x000000000800da3c                __ulp
 .text.__b2d    0x000000000800da88       0x94 E:/stm32cubeide_cdh/STM32CubeIDE_1.13.1/STM32CubeIDE/plugins/com.st.stm32cube.ide.mcu.externaltools.gnu-tools-for-stm32.11.3.rel1.win32_1.1.0.202305231506/tools/bin/../lib/gcc/arm-none-eabi/11.3.1/../../../../arm-none-eabi/lib/thumb/v7e-m+fp/hard\libc_nano.a(libc_a-mprec.o)
                0x000000000800da88                __b2d
 .text.__d2b    0x000000000800db1c       0xb4 E:/stm32cubeide_cdh/STM32CubeIDE_1.13.1/STM32CubeIDE/plugins/com.st.stm32cube.ide.mcu.externaltools.gnu-tools-for-stm32.11.3.rel1.win32_1.1.0.202305231506/tools/bin/../lib/gcc/arm-none-eabi/11.3.1/../../../../arm-none-eabi/lib/thumb/v7e-m+fp/hard\libc_nano.a(libc_a-mprec.o)
                0x000000000800db1c                __d2b
 .text.__ratio  0x000000000800dbd0       0x66 E:/stm32cubeide_cdh/STM32CubeIDE_1.13.1/STM32CubeIDE/plugins/com.st.stm32cube.ide.mcu.externaltools.gnu-tools-for-stm32.11.3.rel1.win32_1.1.0.202305231506/tools/bin/../lib/gcc/arm-none-eabi/11.3.1/../../../../arm-none-eabi/lib/thumb/v7e-m+fp/hard\libc_nano.a(libc_a-mprec.o)
                0x000000000800dbd0                __ratio
 .text.__copybits
                0x000000000800dc36       0x46 E:/stm32cubeide_cdh/STM32CubeIDE_1.13.1/STM32CubeIDE/plugins/com.st.stm32cube.ide.mcu.externaltools.gnu-tools-for-stm32.11.3.rel1.win32_1.1.0.202305231506/tools/bin/../lib/gcc/arm-none-eabi/11.3.1/../../../../arm-none-eabi/lib/thumb/v7e-m+fp/hard\libc_nano.a(libc_a-mprec.o)
                0x000000000800dc36                __copybits
 .text.__any_on
                0x000000000800dc7c       0x42 E:/stm32cubeide_cdh/STM32CubeIDE_1.13.1/STM32CubeIDE/plugins/com.st.stm32cube.ide.mcu.externaltools.gnu-tools-for-stm32.11.3.rel1.win32_1.1.0.202305231506/tools/bin/../lib/gcc/arm-none-eabi/11.3.1/../../../../arm-none-eabi/lib/thumb/v7e-m+fp/hard\libc_nano.a(libc_a-mprec.o)
                0x000000000800dc7c                __any_on
 .text.sulp     0x000000000800dcbe       0x38 E:/stm32cubeide_cdh/STM32CubeIDE_1.13.1/STM32CubeIDE/plugins/com.st.stm32cube.ide.mcu.externaltools.gnu-tools-for-stm32.11.3.rel1.win32_1.1.0.202305231506/tools/bin/../lib/gcc/arm-none-eabi/11.3.1/../../../../arm-none-eabi/lib/thumb/v7e-m+fp/hard\libc_nano.a(libc_a-strtod.o)
 *fill*         0x000000000800dcf6        0x2 
 .text._strtod_l
                0x000000000800dcf8      0xbe0 E:/stm32cubeide_cdh/STM32CubeIDE_1.13.1/STM32CubeIDE/plugins/com.st.stm32cube.ide.mcu.externaltools.gnu-tools-for-stm32.11.3.rel1.win32_1.1.0.202305231506/tools/bin/../lib/gcc/arm-none-eabi/11.3.1/../../../../arm-none-eabi/lib/thumb/v7e-m+fp/hard\libc_nano.a(libc_a-strtod.o)
                0x000000000800dcf8                _strtod_l
 .text._strtod_r
                0x000000000800e8d8        0xc E:/stm32cubeide_cdh/STM32CubeIDE_1.13.1/STM32CubeIDE/plugins/com.st.stm32cube.ide.mcu.externaltools.gnu-tools-for-stm32.11.3.rel1.win32_1.1.0.202305231506/tools/bin/../lib/gcc/arm-none-eabi/11.3.1/../../../../arm-none-eabi/lib/thumb/v7e-m+fp/hard\libc_nano.a(libc_a-strtod.o)
                0x000000000800e8d8                _strtod_r
 .text._strtol_l.constprop.0
                0x000000000800e8e4      0x104 E:/stm32cubeide_cdh/STM32CubeIDE_1.13.1/STM32CubeIDE/plugins/com.st.stm32cube.ide.mcu.externaltools.gnu-tools-for-stm32.11.3.rel1.win32_1.1.0.202305231506/tools/bin/../lib/gcc/arm-none-eabi/11.3.1/../../../../arm-none-eabi/lib/thumb/v7e-m+fp/hard\libc_nano.a(libc_a-strtol.o)
 .text._strtol_r
                0x000000000800e9e8        0x4 E:/stm32cubeide_cdh/STM32CubeIDE_1.13.1/STM32CubeIDE/plugins/com.st.stm32cube.ide.mcu.externaltools.gnu-tools-for-stm32.11.3.rel1.win32_1.1.0.202305231506/tools/bin/../lib/gcc/arm-none-eabi/11.3.1/../../../../arm-none-eabi/lib/thumb/v7e-m+fp/hard\libc_nano.a(libc_a-strtol.o)
                0x000000000800e9e8                _strtol_r
 .text.__ssputs_r
                0x000000000800e9ec       0xb4 E:/stm32cubeide_cdh/STM32CubeIDE_1.13.1/STM32CubeIDE/plugins/com.st.stm32cube.ide.mcu.externaltools.gnu-tools-for-stm32.11.3.rel1.win32_1.1.0.202305231506/tools/bin/../lib/gcc/arm-none-eabi/11.3.1/../../../../arm-none-eabi/lib/thumb/v7e-m+fp/hard\libc_nano.a(libc_a-nano-svfprintf.o)
                0x000000000800e9ec                __ssputs_r
 .text._svfprintf_r
                0x000000000800eaa0      0x1fc E:/stm32cubeide_cdh/STM32CubeIDE_1.13.1/STM32CubeIDE/plugins/com.st.stm32cube.ide.mcu.externaltools.gnu-tools-for-stm32.11.3.rel1.win32_1.1.0.202305231506/tools/bin/../lib/gcc/arm-none-eabi/11.3.1/../../../../arm-none-eabi/lib/thumb/v7e-m+fp/hard\libc_nano.a(libc_a-nano-svfprintf.o)
                0x000000000800eaa0                _svfiprintf_r
                0x000000000800eaa0                _svfprintf_r
 .text._sungetc_r
                0x000000000800ec9c       0x7a E:/stm32cubeide_cdh/STM32CubeIDE_1.13.1/STM32CubeIDE/plugins/com.st.stm32cube.ide.mcu.externaltools.gnu-tools-for-stm32.11.3.rel1.win32_1.1.0.202305231506/tools/bin/../lib/gcc/arm-none-eabi/11.3.1/../../../../arm-none-eabi/lib/thumb/v7e-m+fp/hard\libc_nano.a(libc_a-nano-svfscanf.o)
                0x000000000800ec9c                _sungetc_r
 .text.__ssrefill_r
                0x000000000800ed16       0x3a E:/stm32cubeide_cdh/STM32CubeIDE_1.13.1/STM32CubeIDE/plugins/com.st.stm32cube.ide.mcu.externaltools.gnu-tools-for-stm32.11.3.rel1.win32_1.1.0.202305231506/tools/bin/../lib/gcc/arm-none-eabi/11.3.1/../../../../arm-none-eabi/lib/thumb/v7e-m+fp/hard\libc_nano.a(libc_a-nano-svfscanf.o)
                0x000000000800ed16                __ssrefill_r
 .text.__ssvfscanf_r
                0x000000000800ed50      0x2f0 E:/stm32cubeide_cdh/STM32CubeIDE_1.13.1/STM32CubeIDE/plugins/com.st.stm32cube.ide.mcu.externaltools.gnu-tools-for-stm32.11.3.rel1.win32_1.1.0.202305231506/tools/bin/../lib/gcc/arm-none-eabi/11.3.1/../../../../arm-none-eabi/lib/thumb/v7e-m+fp/hard\libc_nano.a(libc_a-nano-svfscanf.o)
                0x000000000800ed50                __ssvfiscanf_r
                0x000000000800ed50                __ssvfscanf_r
 .text.__sfputc_r
                0x000000000800f040       0x2e E:/stm32cubeide_cdh/STM32CubeIDE_1.13.1/STM32CubeIDE/plugins/com.st.stm32cube.ide.mcu.externaltools.gnu-tools-for-stm32.11.3.rel1.win32_1.1.0.202305231506/tools/bin/../lib/gcc/arm-none-eabi/11.3.1/../../../../arm-none-eabi/lib/thumb/v7e-m+fp/hard\libc_nano.a(libc_a-nano-vfprintf.o)
 .text.__sfputs_r
                0x000000000800f06e       0x24 E:/stm32cubeide_cdh/STM32CubeIDE_1.13.1/STM32CubeIDE/plugins/com.st.stm32cube.ide.mcu.externaltools.gnu-tools-for-stm32.11.3.rel1.win32_1.1.0.202305231506/tools/bin/../lib/gcc/arm-none-eabi/11.3.1/../../../../arm-none-eabi/lib/thumb/v7e-m+fp/hard\libc_nano.a(libc_a-nano-vfprintf.o)
                0x000000000800f06e                __sfputs_r
 *fill*         0x000000000800f092        0x2 
 .text._vfprintf_r
                0x000000000800f094      0x234 E:/stm32cubeide_cdh/STM32CubeIDE_1.13.1/STM32CubeIDE/plugins/com.st.stm32cube.ide.mcu.externaltools.gnu-tools-for-stm32.11.3.rel1.win32_1.1.0.202305231506/tools/bin/../lib/gcc/arm-none-eabi/11.3.1/../../../../arm-none-eabi/lib/thumb/v7e-m+fp/hard\libc_nano.a(libc_a-nano-vfprintf.o)
                0x000000000800f094                _vfprintf_r
                0x000000000800f094                _vfiprintf_r
 .text._scanf_chars
                0x000000000800f2c8       0xb4 E:/stm32cubeide_cdh/STM32CubeIDE_1.13.1/STM32CubeIDE/plugins/com.st.stm32cube.ide.mcu.externaltools.gnu-tools-for-stm32.11.3.rel1.win32_1.1.0.202305231506/tools/bin/../lib/gcc/arm-none-eabi/11.3.1/../../../../arm-none-eabi/lib/thumb/v7e-m+fp/hard\libc_nano.a(libc_a-nano-vfscanf_i.o)
                0x000000000800f2c8                _scanf_chars
 .text._scanf_i
                0x000000000800f37c      0x1e8 E:/stm32cubeide_cdh/STM32CubeIDE_1.13.1/STM32CubeIDE/plugins/com.st.stm32cube.ide.mcu.externaltools.gnu-tools-for-stm32.11.3.rel1.win32_1.1.0.202305231506/tools/bin/../lib/gcc/arm-none-eabi/11.3.1/../../../../arm-none-eabi/lib/thumb/v7e-m+fp/hard\libc_nano.a(libc_a-nano-vfscanf_i.o)
                0x000000000800f37c                _scanf_i
 .text.__sflush_r
                0x000000000800f564      0x10c E:/stm32cubeide_cdh/STM32CubeIDE_1.13.1/STM32CubeIDE/plugins/com.st.stm32cube.ide.mcu.externaltools.gnu-tools-for-stm32.11.3.rel1.win32_1.1.0.202305231506/tools/bin/../lib/gcc/arm-none-eabi/11.3.1/../../../../arm-none-eabi/lib/thumb/v7e-m+fp/hard\libc_nano.a(libc_a-fflush.o)
                0x000000000800f564                __sflush_r
 .text._fflush_r
                0x000000000800f670       0x50 E:/stm32cubeide_cdh/STM32CubeIDE_1.13.1/STM32CubeIDE/plugins/com.st.stm32cube.ide.mcu.externaltools.gnu-tools-for-stm32.11.3.rel1.win32_1.1.0.202305231506/tools/bin/../lib/gcc/arm-none-eabi/11.3.1/../../../../arm-none-eabi/lib/thumb/v7e-m+fp/hard\libc_nano.a(libc_a-fflush.o)
                0x000000000800f670                _fflush_r
 .text.fprintf  0x000000000800f6c0       0x24 E:/stm32cubeide_cdh/STM32CubeIDE_1.13.1/STM32CubeIDE/plugins/com.st.stm32cube.ide.mcu.externaltools.gnu-tools-for-stm32.11.3.rel1.win32_1.1.0.202305231506/tools/bin/../lib/gcc/arm-none-eabi/11.3.1/../../../../arm-none-eabi/lib/thumb/v7e-m+fp/hard\libc_nano.a(libc_a-fprintf.o)
                0x000000000800f6c0                fiprintf
                0x000000000800f6c0                fprintf
 .text.__swhatbuf_r
                0x000000000800f6e4       0x4c E:/stm32cubeide_cdh/STM32CubeIDE_1.13.1/STM32CubeIDE/plugins/com.st.stm32cube.ide.mcu.externaltools.gnu-tools-for-stm32.11.3.rel1.win32_1.1.0.202305231506/tools/bin/../lib/gcc/arm-none-eabi/11.3.1/../../../../arm-none-eabi/lib/thumb/v7e-m+fp/hard\libc_nano.a(libc_a-makebuf.o)
                0x000000000800f6e4                __swhatbuf_r
 .text.__smakebuf_r
                0x000000000800f730       0x78 E:/stm32cubeide_cdh/STM32CubeIDE_1.13.1/STM32CubeIDE/plugins/com.st.stm32cube.ide.mcu.externaltools.gnu-tools-for-stm32.11.3.rel1.win32_1.1.0.202305231506/tools/bin/../lib/gcc/arm-none-eabi/11.3.1/../../../../arm-none-eabi/lib/thumb/v7e-m+fp/hard\libc_nano.a(libc_a-makebuf.o)
                0x000000000800f730                __smakebuf_r
 .text.__sccl   0x000000000800f7a8       0x72 E:/stm32cubeide_cdh/STM32CubeIDE_1.13.1/STM32CubeIDE/plugins/com.st.stm32cube.ide.mcu.externaltools.gnu-tools-for-stm32.11.3.rel1.win32_1.1.0.202305231506/tools/bin/../lib/gcc/arm-none-eabi/11.3.1/../../../../arm-none-eabi/lib/thumb/v7e-m+fp/hard\libc_nano.a(libc_a-sccl.o)
                0x000000000800f7a8                __sccl
 .text.__submore
                0x000000000800f81a       0x74 E:/stm32cubeide_cdh/STM32CubeIDE_1.13.1/STM32CubeIDE/plugins/com.st.stm32cube.ide.mcu.externaltools.gnu-tools-for-stm32.11.3.rel1.win32_1.1.0.202305231506/tools/bin/../lib/gcc/arm-none-eabi/11.3.1/../../../../arm-none-eabi/lib/thumb/v7e-m+fp/hard\libc_nano.a(libc_a-ungetc.o)
                0x000000000800f81a                __submore
 .text.memmove  0x000000000800f88e       0x34 E:/stm32cubeide_cdh/STM32CubeIDE_1.13.1/STM32CubeIDE/plugins/com.st.stm32cube.ide.mcu.externaltools.gnu-tools-for-stm32.11.3.rel1.win32_1.1.0.202305231506/tools/bin/../lib/gcc/arm-none-eabi/11.3.1/../../../../arm-none-eabi/lib/thumb/v7e-m+fp/hard\libc_nano.a(libc_a-memmove.o)
                0x000000000800f88e                memmove
 .text.strncmp  0x000000000800f8c2       0x24 E:/stm32cubeide_cdh/STM32CubeIDE_1.13.1/STM32CubeIDE/plugins/com.st.stm32cube.ide.mcu.externaltools.gnu-tools-for-stm32.11.3.rel1.win32_1.1.0.202305231506/tools/bin/../lib/gcc/arm-none-eabi/11.3.1/../../../../arm-none-eabi/lib/thumb/v7e-m+fp/hard\libc_nano.a(libc_a-strncmp.o)
                0x000000000800f8c2                strncmp
 *fill*         0x000000000800f8e6        0x2 
 .text._fstat_r
                0x000000000800f8e8       0x24 E:/stm32cubeide_cdh/STM32CubeIDE_1.13.1/STM32CubeIDE/plugins/com.st.stm32cube.ide.mcu.externaltools.gnu-tools-for-stm32.11.3.rel1.win32_1.1.0.202305231506/tools/bin/../lib/gcc/arm-none-eabi/11.3.1/../../../../arm-none-eabi/lib/thumb/v7e-m+fp/hard\libc_nano.a(libc_a-fstatr.o)
                0x000000000800f8e8                _fstat_r
 .text._isatty_r
                0x000000000800f90c       0x20 E:/stm32cubeide_cdh/STM32CubeIDE_1.13.1/STM32CubeIDE/plugins/com.st.stm32cube.ide.mcu.externaltools.gnu-tools-for-stm32.11.3.rel1.win32_1.1.0.202305231506/tools/bin/../lib/gcc/arm-none-eabi/11.3.1/../../../../arm-none-eabi/lib/thumb/v7e-m+fp/hard\libc_nano.a(libc_a-isattyr.o)
                0x000000000800f90c                _isatty_r
 .text._sbrk_r  0x000000000800f92c       0x20 E:/stm32cubeide_cdh/STM32CubeIDE_1.13.1/STM32CubeIDE/plugins/com.st.stm32cube.ide.mcu.externaltools.gnu-tools-for-stm32.11.3.rel1.win32_1.1.0.202305231506/tools/bin/../lib/gcc/arm-none-eabi/11.3.1/../../../../arm-none-eabi/lib/thumb/v7e-m+fp/hard\libc_nano.a(libc_a-sbrkr.o)
                0x000000000800f92c                _sbrk_r