Component: ARM Compiler 5.06 update 1 (build 61) Tool: armlink [4d35a8]

==============================================================================

Section Cross References

    appmain.o(i.APPMain_Init) refers to mcudrivermain.o(i.MCUDriverMain_Init) for MCUDriverMain_Init
    appmain.o(i.APPMain_Init) refers to functionmain.o(i.FunctionMain_Init) for FunctionMain_Init
    appmain.o(i.APPMain_Init) refers to perdrivermain.o(i.PerDriverMain_Init) for PerDriverMain_Init
    appmain.o(i.APPMain_Loop) refers to mcudrivermain.o(i.MCUDriverMain_Loop) for MCUDriverMain_Loop
    appmain.o(i.APPMain_Loop) refers to functionmain.o(i.FunctionMain_Loop) for FunctionMain_Loop
    appmain.o(i.APPMain_Loop) refers to perdrivermain.o(i.PerDriverMain_Loop) for PerDriverMain_Loop
    mcudrivermain.o(i.MCUDriverMain_Init) refers to motor1tim1pwm.o(i.Motor1TIM1_Init) for Motor1TIM1_Init
    motor1adc1.o(i.GetMotor1ADC1PhaseXValue) refers to fflti.o(.text) for __aeabi_i2f
    motor1adc1.o(i.GetMotor1ADC1PhaseXValue) refers to fscalb.o(.text) for __ARM_scalbnf
    motor1adc1.o(i.GetMotor1ADC1PhaseXValue) refers to ffixi.o(.text) for __aeabi_f2iz
    motor1adc1.o(i.GetMotor1ADC1PhaseXValue) refers to IQNmpy.o(_IQ19mpy) for _IQ19mpy
    motor1adc1.o(i.GetMotor1ADC1PhaseXValue) refers to motor1adc1.o(.bss) for .bss
    motor1adc1.o(i.Motor1ADC1StartOnce) refers to stm32f1xx_hal_adc.o(i.HAL_ADC_Start_DMA) for HAL_ADC_Start_DMA
    motor1adc1.o(i.Motor1ADC1StartOnce) refers to motor1adc1.o(.bss) for .bss
    motor1adc1.o(i.Motor1ADC1StartOnce) refers to adc.o(.bss) for hadc1
    motor1adc1.o(i.Motor1ADC1ValueStorage) refers to motor1adc1.o(.bss) for .bss
    motor1gpio.o(i.Motor1SetEnable) refers to stm32f1xx_hal_gpio.o(i.HAL_GPIO_WritePin) for HAL_GPIO_WritePin
    motor1spi1.o(i.Motor1SPI1ReadData) refers to stm32f1xx_hal_spi.o(i.HAL_SPI_Receive) for HAL_SPI_Receive
    motor1spi1.o(i.Motor1SPI1ReadData) refers to spi.o(.bss) for hspi1
    motor1spi1.o(i.Motor1SPI1SetCS) refers to stm32f1xx_hal_gpio.o(i.HAL_GPIO_WritePin) for HAL_GPIO_WritePin
    motor1spi1.o(i.Motor1SPI1WriteData) refers to stm32f1xx_hal_spi.o(i.HAL_SPI_Transmit) for HAL_SPI_Transmit
    motor1spi1.o(i.Motor1SPI1WriteData) refers to spi.o(.bss) for hspi1
    motor1spi1.o(i.Motor1SPI1WriteReadData) refers to stm32f1xx_hal_spi.o(i.HAL_SPI_TransmitReceive) for HAL_SPI_TransmitReceive
    motor1spi1.o(i.Motor1SPI1WriteReadData) refers to spi.o(.bss) for hspi1
    motor1tim1pwm.o(i.Motor1TIM1_Init) refers to stm32f1xx_hal_tim.o(i.HAL_TIM_PWM_Start) for HAL_TIM_PWM_Start
    motor1tim1pwm.o(i.Motor1TIM1_Init) refers to motor1tim1pwm.o(i.SetMotor1ChannelHighLeaveTime_us) for SetMotor1ChannelHighLeaveTime_us
    motor1tim1pwm.o(i.Motor1TIM1_Init) refers to tim.o(.bss) for htim1
    motor1tim1pwm.o(i.SetMotor1ChannelHighLeaveTime_us) refers to IQNtoF.o(_IQ24toF) for _IQ24toF
    motor1tim1pwm.o(i.SetMotor1ChannelHighLeaveTime_us) refers to fmul.o(.text) for __aeabi_fmul
    motor1tim1pwm.o(i.SetMotor1ChannelHighLeaveTime_us) refers to ffixui.o(.text) for __aeabi_f2uiz
    motor1tim1pwm.o(i.SetMotor1ChannelHighLeaveTime_us) refers to tim.o(.bss) for htim1
    motor1tim1pwm.o(i.SetMotor1Channel_FreqDuty) refers to ffltui.o(.text) for __aeabi_ui2f
    motor1tim1pwm.o(i.SetMotor1Channel_FreqDuty) refers to fmul.o(.text) for __aeabi_fmul
    motor1tim1pwm.o(i.SetMotor1Channel_FreqDuty) refers to ffixui.o(.text) for __aeabi_f2uiz
    motor1tim1pwm.o(i.SetMotor1Channel_FreqDuty) refers to tim.o(.bss) for htim1
    timer.o(i.rt_hw_us_delay) refers to system_stm32f1xx.o(.data) for SystemCoreClock
    perdrivermain.o(i.Data_Output) refers to IQNtoF.o(_IQ19toF) for _IQ19toF
    perdrivermain.o(i.Data_Output) refers to fmul.o(.text) for __aeabi_fmul
    perdrivermain.o(i.Data_Output) refers to sds.o(i.SDS_OutPut_Data) for SDS_OutPut_Data
    perdrivermain.o(i.Data_Output) refers to foccontrol.o(.data) for FOC_Mod
    perdrivermain.o(i.Key_Function) refers to touchdriver.o(i.Touch_GetKey) for Touch_GetKey
    perdrivermain.o(i.Key_Function) refers to foccontrol.o(i.FocMotor_Enable) for FocMotor_Enable
    perdrivermain.o(i.PerDriverMain_Init) refers to foccontrol.o(i.FocControl_Init) for FocControl_Init
    perdrivermain.o(i.PerDriverMain_Loop) refers to foccontrol.o(i.Motor1SpeedPIDSetTar) for Motor1SpeedPIDSetTar
    perdrivermain.o(i.PerDriverMain_Loop) refers to sysmanage.o(i.SysManage_Loop) for SysManage_Loop
    perdrivermain.o(i.PerDriverMain_Loop) refers to leddriver.o(i.LedDriver_Loop) for LedDriver_Loop
    perdrivermain.o(i.PerDriverMain_Loop) refers to perdrivermain.o(i.Key_Function) for Key_Function
    perdrivermain.o(i.PerDriverMain_Loop) refers to touchdriver.o(i.TouchDriver_Loop) for TouchDriver_Loop
    perdrivermain.o(i.PerDriverMain_Loop) refers to timer.o(.data) for gMS_TimeCNT
    perdrivermain.o(i.PerDriverMain_Loop) refers to perdrivermain.o(.data) for .data
[...]
    i.HAL_CAN_TxMailbox2AbortCallback        0x08001966   Section        0  stm32f1xx_hal_can.o(i.HAL_CAN_TxMailbox2AbortCallback)
    i.HAL_CAN_TxMailbox2CompleteCallback     0x08001968   Section        0  stm32f1xx_hal_can.o(i.HAL_CAN_TxMailbox2CompleteCallback)
    i.HAL_CAN_WakeUpFromRxMsgCallback        0x0800196a   Section        0  stm32f1xx_hal_can.o(i.HAL_CAN_WakeUpFromRxMsgCallback)
    i.HAL_DMA_Abort                          0x0800196c   Section        0  stm32f1xx_hal_dma.o(i.HAL_DMA_Abort)
    i.HAL_DMA_Abort_IT                       0x080019b4   Section        0  stm32f1xx_hal_dma.o(i.HAL_DMA_Abort_IT)
    i.HAL_DMA_IRQHandler                     0x08001a4c   Section        0  stm32f1xx_hal_dma.o(i.HAL_DMA_IRQHandler)
    i.HAL_DMA_Init                           0x08001bb4   Section        0  stm32f1xx_hal_dma.o(i.HAL_DMA_Init)
    i.HAL_DMA_Start_IT                       0x08001c18   Section        0  stm32f1xx_hal_dma.o(i.HAL_DMA_Start_IT)
    i.HAL_GPIO_Init                          0x08001c8c   Section        0  stm32f1xx_hal_gpio.o(i.HAL_GPIO_Init)
    i.HAL_GPIO_ReadPin                       0x08001e7c   Section        0  stm32f1xx_hal_gpio.o(i.HAL_GPIO_ReadPin)
    i.HAL_GPIO_WritePin                      0x08001e8a   Section        0  stm32f1xx_hal_gpio.o(i.HAL_GPIO_WritePin)
    i.HAL_GetTick                            0x08001e98   Section        0  stm32f1xx_hal.o(i.HAL_GetTick)
    i.HAL_IncTick                            0x08001ea4   Section        0  stm32f1xx_hal.o(i.HAL_IncTick)
    i.HAL_Init                               0x08001eb4   Section        0  stm32f1xx_hal.o(i.HAL_Init)
    i.HAL_InitTick                           0x08001ed8   Section        0  stm32f1xx_hal.o(i.HAL_InitTick)
    i.HAL_MspInit                            0x08001f1c   Section        0  stm32f1xx_hal_msp.o(i.HAL_MspInit)
    i.HAL_NVIC_EnableIRQ                     0x08001f5c   Section        0  stm32f1xx_hal_cortex.o(i.HAL_NVIC_EnableIRQ)
    i.HAL_NVIC_SetPriority                   0x08001f78   Section        0  stm32f1xx_hal_cortex.o(i.HAL_NVIC_SetPriority)
    i.HAL_NVIC_SetPriorityGrouping           0x08001fb8   Section        0  stm32f1xx_hal_cortex.o(i.HAL_NVIC_SetPriorityGrouping)
    i.HAL_RCCEx_PeriphCLKConfig              0x08001fdc   Section        0  stm32f1xx_hal_rcc_ex.o(i.HAL_RCCEx_PeriphCLKConfig)
    i.HAL_RCC_ClockConfig                    0x080020e8   Section        0  stm32f1xx_hal_rcc.o(i.HAL_RCC_ClockConfig)
    i.HAL_RCC_GetHCLKFreq                    0x0800223c   Section        0  stm32f1xx_hal_rcc.o(i.HAL_RCC_GetHCLKFreq)
    i.HAL_RCC_GetPCLK1Freq                   0x08002248   Section        0  stm32f1xx_hal_rcc.o(i.HAL_RCC_GetPCLK1Freq)
    i.HAL_RCC_GetPCLK2Freq                   0x08002268   Section        0  stm32f1xx_hal_rcc.o(i.HAL_RCC_GetPCLK2Freq)
    i.HAL_RCC_GetSysClockFreq                0x08002288   Section        0  stm32f1xx_hal_rcc.o(i.HAL_RCC_GetSysClockFreq)
    i.HAL_RCC_OscConfig                      0x080022fc   Section        0  stm32f1xx_hal_rcc.o(i.HAL_RCC_OscConfig)
    i.HAL_SPI_Init                           0x08002680   Section        0  stm32f1xx_hal_spi.o(i.HAL_SPI_Init)
    i.HAL_SPI_MspInit                        0x08002734   Section        0  spi.o(i.HAL_SPI_MspInit)
    i.HAL_SPI_TransmitReceive                0x080027a4   Section        0  stm32f1xx_hal_spi.o(i.HAL_SPI_TransmitReceive)
    i.HAL_SYSTICK_Config                     0x08002988   Section        0  stm32f1xx_hal_cortex.o(i.HAL_SYSTICK_Config)
    i.HAL_TIMEx_BreakCallback                0x080029b0   Section        0  stm32f1xx_hal_tim_ex.o(i.HAL_TIMEx_BreakCallback)
    i.HAL_TIMEx_CommutCallback               0x080029b2   Section        0  stm32f1xx_hal_tim_ex.o(i.HAL_TIMEx_CommutCallback)
    i.HAL_TIMEx_ConfigBreakDeadTime          0x080029b4   Section        0  stm32f1xx_hal_tim_ex.o(i.HAL_TIMEx_ConfigBreakDeadTime)
    i.HAL_TIMEx_MasterConfigSynchronization  0x08002a08   Section        0  stm32f1xx_hal_tim_ex.o(i.HAL_TIMEx_MasterConfigSynchronization)
    i.HAL_TIM_Base_Init                      0x08002a70   Section        0  stm32f1xx_hal_tim.o(i.HAL_TIM_Base_Init)
    i.HAL_TIM_Base_MspInit                   0x08002abc   Section        0  tim.o(i.HAL_TIM_Base_MspInit)
    i.HAL_TIM_Base_Start_IT                  0x08002af8   Section        0  stm32f1xx_hal_tim.o(i.HAL_TIM_Base_Start_IT)
    i.HAL_TIM_ConfigClockSource              0x08002b5c   Section        0  stm32f1xx_hal_tim.o(i.HAL_TIM_ConfigClockSource)
    i.HAL_TIM_IC_CaptureCallback             0x08002c3e   Section        0  stm32f1xx_hal_tim.o(i.HAL_TIM_IC_CaptureCallback)
    i.HAL_TIM_IRQHandler                     0x08002c40   Section        0  stm32f1xx_hal_tim.o(i.HAL_TIM_IRQHandler)
    i.HAL_TIM_MspPostInit                    0x08002db0   Section        0  tim.o(i.HAL_TIM_MspPostInit)
    i.HAL_TIM_OC_DelayElapsedCallback        0x08002dfc   Section        0  stm32f1xx_hal_tim.o(i.HAL_TIM_OC_DelayElapsedCallback)
    i.HAL_TIM_PWM_ConfigChannel              0x08002dfe   Section        0  stm32f1xx_hal_tim.o(i.HAL_TIM_PWM_ConfigChannel)
    i.HAL_TIM_PWM_Init                       0x08002ed0   Section        0  stm32f1xx_hal_tim.o(i.HAL_TIM_PWM_Init)
    i.HAL_TIM_PWM_MspInit                    0x08002f1a   Section        0  stm32f1xx_hal_tim.o(i.HAL_TIM_PWM_MspInit)
    i.HAL_TIM_PWM_PulseFinishedCallback      0x08002f1c   Section        0  stm32f1xx_hal_tim.o(i.HAL_TIM_PWM_PulseFinishedCallback)
    i.HAL_TIM_PWM_Start                      0x08002f20   Section        0  stm32f1xx_hal_tim.o(i.HAL_TIM_PWM_Start)
    i.HAL_TIM_PeriodElapsedCallback          0x08002fcc   Section        0  stm32f1xx_hal_tim.o(i.HAL_TIM_PeriodElapsedCallback)
    i.HAL_TIM_TriggerCallback                0x08002fce   Section        0  stm32f1xx_hal_tim.o(i.HAL_TIM_TriggerCallback)
    i.HAL_UARTEx_RxEventCallback             0x08002fd0   Section        0  stm32f1xx_hal_uart.o(i.HAL_UARTEx_RxEventCallback)
    i.HAL_UART_DMAStop                       0x08002fd2   Section        0  stm32f1xx_hal_uart.o(i.HAL_UART_DMAStop)
    i.HAL_UART_ErrorCallback                 0x0800302a   Section        0  stm32f1xx_hal_uart.o(i.HAL_UART_ErrorCallback)
    i.HAL_UART_IRQHandler                    0x0800302c   Section        0  stm32f1xx_hal_uart.o(i.HAL_UART_IRQHandler)
    i.HAL_UART_Init                          0x080031fc   Section        0  stm32f1xx_hal_uart.o(i.HAL_UART_Init)
    i.HAL_UART_MspInit                       0x08003260   Section        0  usart.o(i.HAL_UART_MspInit)
    i.HAL_UART_Receive_DMA                   0x08003350   Section        0  stm32f1xx_hal_uart.o(i.HAL_UART_Receive_DMA)
    i.HAL_UART_RxCpltCallback                0x0800337e   Section        0  stm32f1xx_hal_uart.o(i.HAL_UART_RxCpltCallback)
    i.HAL_UART_RxHalfCpltCallback            0x08003380   Section        0  stm32f1xx_hal_uart.o(i.HAL_UART_RxHalfCpltCallback)
    i.HAL_UART_Transmit_DMA                  0x08003384   Section        0  stm32f1xx_hal_uart.o(i.HAL_UART_Transmit_DMA)
    i.HAL_UART_TxCpltCallback                0x08003410   Section        0  stm32f1xx_it.o(i.HAL_UART_TxCpltCallback)
    i.HAL_UART_TxHalfCpltCallback            0x08003412   Section        0  stm32f1xx_hal_uart.o(i.HAL_UART_TxHalfCpltCallback)
    i.HardFault_Handler                      0x08003414   Section        0  stm32f1xx_it.o(i.HardFault_Handler)
    i.Key_Function                           0x08003416   Section        0  perdrivermain.o(i.Key_Function)
    i.LedDriver_Loop                         0x0800343c   Section        0  leddriver.o(i.LedDriver_Loop)
    i.MCUDriverMain_Init                     0x08003508   Section        0  mcudrivermain.o(i.MCUDriverMain_Init)
    i.MCUDriverMain_Loop                     0x0800350c   Section        0  mcudrivermain.o(i.MCUDriverMain_Loop)
    i.MX_ADC1_Init                           0x08003510   Section        0  adc.o(i.MX_ADC1_Init)
    i.MX_CAN_Init                            0x08003588   Section        0  can.o(i.MX_CAN_Init)
    i.MX_DMA_Init                            0x080035cc   Section        0  dma.o(i.MX_DMA_Init)
    i.MX_GPIO_Init                           0x08003618   Section        0  gpio.o(i.MX_GPIO_Init)
    i.MX_SPI1_Init                           0x080036f4   Section        0  spi.o(i.MX_SPI1_Init)
    i.MX_TIM1_Init                           0x08003740   Section        0  tim.o(i.MX_TIM1_Init)
    i.MX_USART3_UART_Init                    0x0800382c   Section        0  usart.o(i.MX_USART3_UART_Init)
    i.MemManage_Handler                      0x0800386c   Section        0  stm32f1xx_it.o(i.MemManage_Handler)
    i.Motor1ADC1StartOnce                    0x08003870   Section        0  motor1adc1.o(i.Motor1ADC1StartOnce)
    i.Motor1ADC1ValueStorage                 0x08003884   Section        0  motor1adc1.o(i.Motor1ADC1ValueStorage)
    i.Motor1PosPIDSetTar                     0x080038a8   Section        0  foccontrol.o(i.Motor1PosPIDSetTar)
    i.Motor1SPI1SetCS                        0x080038b4   Section        0  motor1spi1.o(i.Motor1SPI1SetCS)
    i.Motor1SPI1WriteReadData                0x080038c4   Section        0  motor1spi1.o(i.Motor1SPI1WriteReadData)
    i.Motor1SetEnable                        0x080038e8   Section        0  motor1gpio.o(i.Motor1SetEnable)
    i.Motor1SetTarIDIQ                       0x0800390c   Section        0  foccontrol.o(i.Motor1SetTarIDIQ)
    i.Motor1SpeedPIDSetTar                   0x08003918   Section        0  foccontrol.o(i.Motor1SpeedPIDSetTar)
    i.Motor1TIM1_Init                        0x08003924   Section        0  motor1tim1pwm.o(i.Motor1TIM1_Init)
    i.NMI_Handler                            0x08003960   Section        0  stm32f1xx_it.o(i.NMI_Handler)
    i.PendSV_Handler                         0x08003962   Section        0  stm32f1xx_it.o(i.PendSV_Handler)
    i.PerDriverMain_Init                     0x08003964   Section        0  perdrivermain.o(i.PerDriverMain_Init)
    i.PerDriverMain_Loop                     0x08003968   Section        0  perdrivermain.o(i.PerDriverMain_Loop)
    i.RCC_Delay                              0x080039e8   Section        0  stm32f1xx_hal_rcc.o(i.RCC_Delay)
    RCC_Delay                                0x080039e9   Thumb Code    30  stm32f1xx_hal_rcc.o(i.RCC_Delay)
    i.RLedRun_Loop                           0x08003a0c   Section        0  leddriver.o(i.RLedRun_Loop)
    i.SPI_EndRxTxTransaction                 0x08003a64   Section        0  stm32f1xx_hal_spi.o(i.SPI_EndRxTxTransaction)
    SPI_EndRxTxTransaction                   0x08003a65   Thumb Code    36  stm32f1xx_hal_spi.o(i.SPI_EndRxTxTransaction)
    i.SPI_WaitFlagStateUntilTimeout          0x08003a88   Section        0  stm32f1xx_hal_spi.o(i.SPI_WaitFlagStateUntilTimeout)
    SPI_WaitFlagStateUntilTimeout            0x08003a89   Thumb Code   184  stm32f1xx_hal_spi.o(i.SPI_WaitFlagStateUntilTimeout)
    i.SVC_Handler                            0x08003b44   Section        0  stm32f1xx_it.o(i.SVC_Handler)
    i.SetMotor1ChannelHighLeaveTime_us       0x08003b48   Section        0  motor1tim1pwm.o(i.SetMotor1ChannelHighLeaveTime_us)
    i.SetMotor1Channel_FreqDuty              0x08003bc4   Section        0  motor1tim1pwm.o(i.SetMotor1Channel_FreqDuty)
    i.SpeedPIDControl                        0x08003c3c   Section        0  focmath.o(i.SpeedPIDControl)
    i.StartupMusic_Loop                      0x08003cd0   Section        0  startupmusic.o(i.StartupMusic_Loop)
    i.SvpwmCtrl                              0x08003d60   Section        0  focsvpwm.o(i.SvpwmCtrl)
    i.SvpwmGenerate                          0x08003d84   Section        0  focsvpwm.o(i.SvpwmGenerate)
    i.SvpwmSectorJudgment                    0x08003e18   Section        0  focsvpwm.o(i.SvpwmSectorJudgment)
    i.SysManage_Loop                         0x08003eb4   Section        0  sysmanage.o(i.SysManage_Loop)
    i.SysTick_Handler                        0x08003ee0   Section        0  stm32f1xx_it.o(i.SysTick_Handler)
    i.SystemClock_Config                     0x08003ef0   Section        0  main.o(i.SystemClock_Config)
    i.SystemInit                             0x08003f6a   Section        0  system_stm32f1xx.o(i.SystemInit)
    i.TIM1_UP_IRQHandler                     0x08003f6c   Section        0  stm32f1xx_it.o(i.TIM1_UP_IRQHandler)
    i.TIM_Base_SetConfig                     0x08003fb0   Section        0  stm32f1xx_hal_tim.o(i.TIM_Base_SetConfig)
    i.TIM_CCxChannelCmd                      0x0800401c   Section        0  stm32f1xx_hal_tim.o(i.TIM_CCxChannelCmd)
    i.TIM_ETR_SetConfig                      0x08004036   Section        0  stm32f1xx_hal_tim.o(i.TIM_ETR_SetConfig)
    i.TIM_ITRx_SetConfig                     0x0800404a   Section        0  stm32f1xx_hal_tim.o(i.TIM_ITRx_SetConfig)
    TIM_ITRx_SetConfig                       0x0800404b   Thumb Code    16  stm32f1xx_hal_tim.o(i.TIM_ITRx_SetConfig)
    i.TIM_OC1_SetConfig                      0x0800405c   Section        0  stm32f1xx_hal_tim.o(i.TIM_OC1_SetConfig)
    TIM_OC1_SetConfig                        0x0800405d   Thumb Code    90  stm32f1xx_hal_tim.o(i.TIM_OC1_SetConfig)
    i.TIM_OC2_SetConfig                      0x080040bc   Section        0  stm32f1xx_hal_tim.o(i.TIM_OC2_SetConfig)
    i.TIM_OC3_SetConfig                      0x08004120   Section        0  stm32f1xx_hal_tim.o(i.TIM_OC3_SetConfig)
    TIM_OC3_SetConfig                        0x08004121   Thumb Code    92  stm32f1xx_hal_tim.o(i.TIM_OC3_SetConfig)
    i.TIM_OC4_SetConfig                      0x08004180   Section        0  stm32f1xx_hal_tim.o(i.TIM_OC4_SetConfig)
    TIM_OC4_SetConfig                        0x08004181   Thumb Code    68  stm32f1xx_hal_tim.o(i.TIM_OC4_SetConfig)
    i.TIM_TI1_ConfigInputStage               0x080041c8   Section        0  stm32f1xx_hal_tim.o(i.TIM_TI1_ConfigInputStage)
    TIM_TI1_ConfigInputStage                 0x080041c9   Thumb Code    34  stm32f1xx_hal_tim.o(i.TIM_TI1_ConfigInputStage)
    i.TIM_TI2_ConfigInputStage               0x080041ea   Section        0  stm32f1xx_hal_tim.o(i.TIM_TI2_ConfigInputStage)
    TIM_TI2_ConfigInputStage                 0x080041eb   Thumb Code    36  stm32f1xx_hal_tim.o(i.TIM_TI2_ConfigInputStage)
    i.TouchDriver_Loop                       0x08004210   Section        0  touchdriver.o(i.TouchDriver_Loop)
    i.Touch_GetKey                           0x08004290   Section        0  touchdriver.o(i.Touch_GetKey)
    i.UART_DMAAbortOnError                   0x080042a0   Section        0  stm32f1xx_hal_uart.o(i.UART_DMAAbortOnError)
    UART_DMAAbortOnError                     0x080042a1   Thumb Code    16  stm32f1xx_hal_uart.o(i.UART_DMAAbortOnError)
    i.UART_DMAError                          0x080042b0   Section        0  stm32f1xx_hal_uart.o(i.UART_DMAError)
    UART_DMAError                            0x080042b1   Thumb Code    74  stm32f1xx_hal_uart.o(i.UART_DMAError)
    i.UART_DMAReceiveCplt                    0x080042fa   Section        0  stm32f1xx_hal_uart.o(i.UART_DMAReceiveCplt)
    UART_DMAReceiveCplt                      0x080042fb   Thumb Code    90  stm32f1xx_hal_uart.o(i.UART_DMAReceiveCplt)
    i.UART_DMARxHalfCplt                     0x08004354   Section        0  stm32f1xx_hal_uart.o(i.UART_DMARxHalfCplt)
    UART_DMARxHalfCplt                       0x08004355   Thumb Code    26  stm32f1xx_hal_uart.o(i.UART_DMARxHalfCplt)
    i.UART_DMATransmitCplt                   0x0800436e   Section        0  stm32f1xx_hal_uart.o(i.UART_DMATransmitCplt)
    UART_DMATransmitCplt                     0x0800436f   Thumb Code    46  stm32f1xx_hal_uart.o(i.UART_DMATransmitCplt)
    i.UART_DMATxHalfCplt                     0x0800439c   Section        0  stm32f1xx_hal_uart.o(i.UART_DMATxHalfCplt)
    UART_DMATxHalfCplt                       0x0800439d   Thumb Code    10  stm32f1xx_hal_uart.o(i.UART_DMATxHalfCplt)
    i.UART_EndRxTransfer                     0x080043a6   Section        0  stm32f1xx_hal_uart.o(i.UART_EndRxTransfer)
    UART_EndRxTransfer                       0x080043a7   Thumb Code    48  stm32f1xx_hal_uart.o(i.UART_EndRxTransfer)
    i.UART_EndTransmit_IT                    0x080043d6   Section        0  stm32f1xx_hal_uart.o(i.UART_EndTransmit_IT)
    UART_EndTransmit_IT                      0x080043d7   Thumb Code    26  stm32f1xx_hal_uart.o(i.UART_EndTransmit_IT)
    i.UART_EndTxTransfer                     0x080043f0   Section        0  stm32f1xx_hal_uart.o(i.UART_EndTxTransfer)
    UART_EndTxTransfer                       0x080043f1   Thumb Code    18  stm32f1xx_hal_uart.o(i.UART_EndTxTransfer)
    i.UART_Receive_IT                        0x08004402   Section        0  stm32f1xx_hal_uart.o(i.UART_Receive_IT)
    UART_Receive_IT                          0x08004403   Thumb Code   188  stm32f1xx_hal_uart.o(i.UART_Receive_IT)
    i.UART_SetConfig                         0x080044c0   Section        0  stm32f1xx_hal_uart.o(i.UART_SetConfig)
    UART_SetConfig                           0x080044c1   Thumb Code   178  stm32f1xx_hal_uart.o(i.UART_SetConfig)
    i.UART_Start_Receive_DMA                 0x08004578   Section        0  stm32f1xx_hal_uart.o(i.UART_Start_Receive_DMA)
    i.UART_Transmit_IT                       0x080045ec   Section        0  stm32f1xx_hal_uart.o(i.UART_Transmit_IT)
    UART_Transmit_IT                         0x080045ed   Thumb Code    94  stm32f1xx_hal_uart.o(i.UART_Transmit_IT)
    i.USART3_IRQHandler                      0x0800464c   Section        0  stm32f1xx_it.o(i.USART3_IRQHandler)
    i.USB_LP_CAN1_RX0_IRQHandler             0x080046b8   Section        0  stm32f1xx_it.o(i.USB_LP_CAN1_RX0_IRQHandler)
    i.UartBus_Init                           0x080046c4   Section        0  uartbus.o(i.UartBus_Init)
    i.UartBus_Loop                           0x080046e4   Section        0  uartbus.o(i.UartBus_Loop)
    i.UsageFault_Handler                     0x08004794   Section        0  stm32f1xx_it.o(i.UsageFault_Handler)
    i.__NVIC_SetPriority                     0x08004796   Section        0  stm32f1xx_hal_cortex.o(i.__NVIC_SetPriority)
    __NVIC_SetPriority                       0x08004797   Thumb Code    32  stm32f1xx_hal_cortex.o(i.__NVIC_SetPriority)
    i.__scatterload_copy                     0x080047b6   Section       14  handlers.o(i.__scatterload_copy)
    i.__scatterload_null                     0x080047c4   Section        2  handlers.o(i.__scatterload_null)
    i.__scatterload_zeroinit                 0x080047c6   Section       14  handlers.o(i.__scatterload_zeroinit)
    i.clarke_calc                            0x080047d4   Section        0  focmath.o(i.clarke_calc)
    i.ipark_calc                             0x080047f8   Section        0  focmath.o(i.ipark_calc)
    i.main                                   0x0800482e   Section        0  main.o(i.main)
    i.park_calc                              0x0800485c   Section        0  focmath.o(i.park_calc)
    sincos_table                             0x08004890   Section     2052  IQtables.o(sincos_table)
    .constdata                               0x08005094   Section       16  system_stm32f1xx.o(.constdata)
    .constdata                               0x080050a4   Section        8  system_stm32f1xx.o(.constdata)
    .data                                    0x20000000   Section        4  timer.o(.data)
    .data                                    0x20000004   Section       24  perdrivermain.o(.data)
    last_exec_ms                             0x20000008   Data           4  perdrivermain.o(.data)
    last_exec_ms                             0x2000000c   Data           4  perdrivermain.o(.data)
    last_exec_ms                             0x20000010   Data           4  perdrivermain.o(.data)
    last_exec_ms                             0x20000014   Data           4  perdrivermain.o(.data)
    last_exec_ms                             0x20000018   Data           4  perdrivermain.o(.data)
    .data                                    0x2000001c   Section        6  leddriver.o(.data)
    LastSysState                             0x2000001c   Data           1  leddriver.o(.data)
    RTickTimes                               0x2000001e   Data           2  leddriver.o(.data)
    BTickTimes                               0x20000020   Data           2  leddriver.o(.data)
    .data                                    0x20000022   Section        4  sysmanage.o(.data)
    Ticktime                                 0x20000024   Data           2  sysmanage.o(.data)
    .data                                    0x20000028   Section        8  functionmain.o(.data)
    last_exec_ms                             0x20000028   Data           4  functionmain.o(.data)
    last_exec_ms                             0x2000002c   Data           4  functionmain.o(.data)
    .data                                    0x20000030   Section        1  canbus.o(.data)
    .data                                    0x20000032   Section       11  uartbus.o(.data)
    PreAngle_B                               0x20000032   Data           1  uartbus.o(.data)
    PreAngle_S                               0x20000033   Data           1  uartbus.o(.data)
    PreAngle_G                               0x20000034   Data           1  uartbus.o(.data)
    PreAngle                                 0x20000036   Data           2  uartbus.o(.data)
    Tx_Data                                  0x20000038   Data           5  uartbus.o(.data)
    .data                                    0x2000003e   Section        2  startupmusic.o(.data)
    TickTime                                 0x2000003e   Data           2  startupmusic.o(.data)
    .data                                    0x20000040   Section      248  foccontrol.o(.data)
    .data                                    0x20000138   Section       12  angleencoder.o(.data)
    mAngle                                   0x20000138   Data           4  angleencoder.o(.data)
    lastmAngle                               0x2000013c   Data           4  angleencoder.o(.data)
    LastpreSpeed                             0x20000140   Data           4  angleencoder.o(.data)
    .data                                    0x20000144   Section       80  focsvpwm.o(.data)
    .data                                    0x20000194   Section        2  usart.o(.data)
    .data                                    0x20000196   Section        2  stm32f1xx_it.o(.data)
    Tick                                     0x20000196   Data           1  stm32f1xx_it.o(.data)
    Tick2                                    0x20000197   Data           1  stm32f1xx_it.o(.data)
    .data                                    0x20000198   Section       12  stm32f1xx_hal.o(.data)
    .data                                    0x200001a4   Section        4  system_stm32f1xx.o(.data)
    .bss                                     0x200001a8   Section       48  motor1adc1.o(.bss)
    .bss                                     0x200001d8   Section       16  touchdriver.o(.bss)
    .bss                                     0x200001e8   Section       72  canbus.o(.bss)
    .bss                                     0x20000230   Section       88  uartbus.o(.bss)
    .bss                                     0x20000288   Section      116  adc.o(.bss)
    .bss                                     0x200002fc   Section       40  can.o(.bss)
    .bss                                     0x20000324   Section       88  spi.o(.bss)
    .bss                                     0x2000037c   Section       72  tim.o(.bss)
    .bss                                     0x200003c4   Section      244  usart.o(.bss)
    STACK                                    0x200004b8   Section     1024  startup_stm32f103xb.o(STACK)

    Global Symbols

    Symbol Name                              Value     Ov Type        Size  Object(Section)

    BuildAttributes$$THM_ISAv4$P$D$K$B$S$PE$A:L22UL41UL21$X:L11$S22US41US21$IEEE1$IW$USESV6$~STKCKD$USESV7$~SHL$OTIME$ROPI$EBA8$MICROLIB$REQ8$PRES8$EABIv2 0x00000000   Number         0  anon$$obj.o ABSOLUTE
    __ARM_use_no_argv                        0x00000000   Number         0  main.o ABSOLUTE
    _printf_a                                0x00000000   Number         0  stubs.o ABSOLUTE
    _printf_c                                0x00000000   Number         0  stubs.o ABSOLUTE
    _printf_charcount                        0x00000000   Number         0  stubs.o ABSOLUTE
    _printf_d                                0x00000000   Number         0  stubs.o ABSOLUTE
    _printf_e                                0x00000000   Number         0  stubs.o ABSOLUTE
    _printf_f                                0x00000000   Number         0  stubs.o ABSOLUTE
    _printf_flags                            0x00000000   Number         0  stubs.o ABSOLUTE
    _printf_fp_dec                           0x00000000   Number         0  stubs.o ABSOLUTE
    _printf_fp_hex                           0x00000000   Number         0  stubs.o ABSOLUTE
    _printf_g                                0x00000000   Number         0  stubs.o ABSOLUTE
    _printf_i                                0x00000000   Number         0  stubs.o ABSOLUTE
    _printf_int_dec                          0x00000000   Number         0  stubs.o ABSOLUTE
    _printf_l                                0x00000000   Number         0  stubs.o ABSOLUTE
    _printf_lc                               0x00000000   Number         0  stubs.o ABSOLUTE
    _printf_ll                               0x00000000   Number         0  stubs.o ABSOLUTE
    _printf_lld                              0x00000000   Number         0  stubs.o ABSOLUTE
    _printf_lli                              0x00000000   Number         0  stubs.o ABSOLUTE
    _printf_llo                              0x00000000   Number         0  stubs.o ABSOLUTE
    _printf_llu                              0x00000000   Number         0  stubs.o ABSOLUTE
    _printf_llx                              0x00000000   Number         0  stubs.o ABSOLUTE
    _printf_longlong_dec                     0x00000000   Number         0  stubs.o ABSOLUTE
    _printf_longlong_hex                     0x00000000   Number         0  stubs.o ABSOLUTE
    _printf_longlong_oct                     0x00000000   Number         0  stubs.o ABSOLUTE
    _printf_ls                               0x00000000   Number         0  stubs.o ABSOLUTE
    _printf_mbtowc                           0x00000000   Number         0  stubs.o ABSOLUTE
    _printf_n                                0x00000000   Number         0  stubs.o ABSOLUTE
    _printf_o                                0x00000000   Number         0  stubs.o ABSOLUTE
    _printf_p                                0x00000000   Number         0  stubs.o ABSOLUTE
    _printf_percent                          0x00000000   Number         0  stubs.o ABSOLUTE
    _printf_pre_padding                      0x00000000   Number         0  stubs.o ABSOLUTE
    _printf_return_value                     0x00000000   Number         0  stubs.o ABSOLUTE
    _printf_s                                0x00000000   Number         0  stubs.o ABSOLUTE
    _printf_sizespec                         0x00000000   Number         0  stubs.o ABSOLUTE
    _printf_str                              0x00000000   Number         0  stubs.o ABSOLUTE
    _printf_truncate_signed                  0x00000000   Number         0  stubs.o ABSOLUTE
    _printf_truncate_unsigned                0x00000000   Number         0  stubs.o ABSOLUTE
    _printf_u                                0x00000000   Number         0  stubs.o ABSOLUTE
    _printf_wc                               0x00000000   Number         0  stubs.o ABSOLUTE
    _printf_wctomb                           0x00000000   Number         0  stubs.o ABSOLUTE
    _printf_widthprec                        0x00000000   Number         0  stubs.o ABSOLUTE
    _printf_x                                0x00000000   Number         0  stubs.o ABSOLUTE
    __cpp_initialize__aeabi_                  - Undefined Weak Reference
    __cxa_finalize                            - Undefined Weak Reference
    _clock_init                               - Undefined Weak Reference
    _microlib_exit                            - Undefined Weak Reference
    __Vectors_Size                           0x000000ec   Number         0  startup_stm32f103xb.o ABSOLUTE
    __Vectors                                0x08000000   Data           4  startup_stm32f103xb.o(RESET)
    __Vectors_End                            0x080000ec   Data           0  startup_stm32f103xb.o(RESET)
    __main                                   0x080000ed   Thumb Code     0  entry.o(.ARM.Collect$$$$00000000)
    _main_stk                                0x080000ed   Thumb Code     0  entry2.o(.ARM.Collect$$$$00000001)
    _main_scatterload                        0x080000f1   Thumb Code     0  entry5.o(.ARM.Collect$$$$00000004)
    __main_after_scatterload                 0x080000f5   Thumb Code     0  entry5.o(.ARM.Collect$$$$00000004)
    _main_clock                              0x080000f5   Thumb Code     0  entry7b.o(.ARM.Collect$$$$00000008)
    _main_cpp_init                           0x080000f5   Thumb Code     0  entry8b.o(.ARM.Collect$$$$0000000A)
    _main_init                               0x080000f5   Thumb Code     0  entry9a.o(.ARM.Collect$$$$0000000B)
    __rt_final_cpp                           0x080000fd   Thumb Code     0  entry10a.o(.ARM.Collect$$$$0000000D)
    __rt_final_exit                          0x080000fd   Thumb Code     0  entry11a.o(.ARM.Collect$$$$0000000F)
    Reset_Handler                            0x08000101   Thumb Code     8  startup_stm32f103xb.o(.text)
    ADC1_2_IRQHandler                        0x0800011b   Thumb Code     0  startup_stm32f103xb.o(.text)
    CAN1_SCE_IRQHandler                      0x0800011b   Thumb Code     0  startup_stm32f103xb.o(.text)
    DMA1_Channel4_IRQHandler                 0x0800011b   Thumb Code     0  startup_stm32f103xb.o(.text)
    DMA1_Channel5_IRQHandler                 0x0800011b   Thumb Code     0  startup_stm32f103xb.o(.text)
    DMA1_Channel6_IRQHandler                 0x0800011b   Thumb Code     0  startup_stm32f103xb.o(.text)
    DMA1_Channel7_IRQHandler                 0x0800011b   Thumb Code     0  startup_stm32f103xb.o(.text)
    EXTI0_IRQHandler                         0x0800011b   Thumb Code     0  startup_stm32f103xb.o(.text)
    EXTI15_10_IRQHandler                     0x0800011b   Thumb Code     0  startup_stm32f103xb.o(.text)
    EXTI1_IRQHandler                         0x0800011b   Thumb Code     0  startup_stm32f103xb.o(.text)
    EXTI2_IRQHandler                         0x0800011b   Thumb Code     0  startup_stm32f103xb.o(.text)
    EXTI3_IRQHandler                         0x0800011b   Thumb Code     0  startup_stm32f103xb.o(.text)
    EXTI4_IRQHandler                         0x0800011b   Thumb Code     0  startup_stm32f103xb.o(.text)
    EXTI9_5_IRQHandler                       0x0800011b   Thumb Code     0  startup_stm32f103xb.o(.text)
    FLASH_IRQHandler                         0x0800011b   Thumb Code     0  startup_stm32f103xb.o(.text)
    I2C1_ER_IRQHandler                       0x0800011b   Thumb Code     0  startup_stm32f103xb.o(.text)
    I2C1_EV_IRQHandler                       0x0800011b   Thumb Code     0  startup_stm32f103xb.o(.text)
    I2C2_ER_IRQHandler                       0x0800011b   Thumb Code     0  startup_stm32f103xb.o(.text)
    I2C2_EV_IRQHandler                       0x0800011b   Thumb Code     0  startup_stm32f103xb.o(.text)
    PVD_IRQHandler                           0x0800011b   Thumb Code     0  startup_stm32f103xb.o(.text)
    RCC_IRQHandler                           0x0800011b   Thumb Code     0  startup_stm32f103xb.o(.text)
    RTC_Alarm_IRQHandler                     0x0800011b   Thumb Code     0  startup_stm32f103xb.o(.text)
    RTC_IRQHandler                           0x0800011b   Thumb Code     0  startup_stm32f103xb.o(.text)
    SPI1_IRQHandler                          0x0800011b   Thumb Code     0  startup_stm32f103xb.o(.text)
    SPI2_IRQHandler                          0x0800011b   Thumb Code     0  startup_stm32f103xb.o(.text)
    TAMPER_IRQHandler                        0x0800011b   Thumb Code     0  startup_stm32f103xb.o(.text)
    TIM1_BRK_IRQHandler                      0x0800011b   Thumb Code     0  startup_stm32f103xb.o(.text)
    TIM1_CC_IRQHandler                       0x0800011b   Thumb Code     0  startup_stm32f103xb.o(.text)
    TIM1_TRG_COM_IRQHandler                  0x0800011b   Thumb Code     0  startup_stm32f103xb.o(.text)
    TIM2_IRQHandler                          0x0800011b   Thumb Code     0  startup_stm32f103xb.o(.text)
    TIM3_IRQHandler                          0x0800011b   Thumb Code     0  startup_stm32f103xb.o(.text)
    TIM4_IRQHandler                          0x0800011b   Thumb Code     0  startup_stm32f103xb.o(.text)
    USART1_IRQHandler                        0x0800011b   Thumb Code     0  startup_stm32f103xb.o(.text)
    USART2_IRQHandler                        0x0800011b   Thumb Code     0  startup_stm32f103xb.o(.text)
    USBWakeUp_IRQHandler                     0x0800011b   Thumb Code     0  startup_stm32f103xb.o(.text)
    USB_HP_CAN1_TX_IRQHandler                0x0800011b   Thumb Code     0  startup_stm32f103xb.o(.text)
    WWDG_IRQHandler                          0x0800011b   Thumb Code     0  startup_stm32f103xb.o(.text)
    __aeabi_memcpy                           0x08000125   Thumb Code    36  memcpya.o(.text)
    __aeabi_memcpy4                          0x08000125   Thumb Code     0  memcpya.o(.text)
    __aeabi_memcpy8                          0x08000125   Thumb Code     0  memcpya.o(.text)
    __aeabi_memset                           0x08000149   Thumb Code    14  memseta.o(.text)
    __aeabi_memset4                          0x08000149   Thumb Code     0  memseta.o(.text)
    __aeabi_memset8                          0x08000149   Thumb Code     0  memseta.o(.text)
    __aeabi_memclr                           0x08000157   Thumb Code     4  memseta.o(.text)
    __aeabi_memclr4                          0x08000157   Thumb Code     0  memseta.o(.text)
    __aeabi_memclr8                          0x08000157   Thumb Code     0  memseta.o(.text)
    _memset$wrapper                          0x0800015b   Thumb Code    18  memseta.o(.text)
    __aeabi_fmul                             0x0800016d   Thumb Code   100  fmul.o(.text)
    __ARM_scalbnf                            0x080001d1   Thumb Code    24  fscalb.o(.text)
    scalbnf                                  0x080001d1   Thumb Code     0  fscalb.o(.text)
    __aeabi_i2f                              0x080001e9   Thumb Code    18  fflti.o(.text)
    __aeabi_ui2f                             0x080001fb   Thumb Code    10  ffltui.o(.text)
    __aeabi_f2iz                             0x08000205   Thumb Code    50  ffixi.o(.text)
    __aeabi_f2uiz                            0x08000237   Thumb Code    40  ffixui.o(.text)
    __I$use$fp                               0x0800025f   Thumb Code     0  iusefp.o(.text)
    _float_round                             0x0800025f   Thumb Code    18  fepilogue.o(.text)
    _float_epilogue                          0x08000271   Thumb Code    92  fepilogue.o(.text)
    __scatterload                            0x080002cd   Thumb Code    28  init.o(.text)
    __scatterload_rt2                        0x080002cd   Thumb Code     0  init.o(.text)
    __decompress                             0x080002f1   Thumb Code     0  __dczerorl2.o(.text)
    __decompress1                            0x080002f1   Thumb Code    86  __dczerorl2.o(.text)
    _IQ16div                                 0x08000349   Thumb Code     0  IQNdiv.o(_IQ16div)
    _IQ19cos                                 0x080003d9   Thumb Code     0  IQNcos.o(_IQ19cos)
    _IQ19mpy                                 0x08000465   Thumb Code     0  IQNmpy.o(_IQ19mpy)
    _IQ19sin                                 0x08000475   Thumb Code     0  IQNsin.o(_IQ19sin)
    _IQ19toF                                 0x080004fd   Thumb Code     0  IQNtoF.o(_IQ19toF)
    _IQ24mpy                                 0x08000521   Thumb Code     0  IQNmpy.o(_IQ24mpy)
    _IQ24toF                                 0x08000531   Thumb Code     0  IQNtoF.o(_IQ24toF)
    ADC_ConversionStop_Disable               0x08000555   Thumb Code    84  stm32f1xx_hal_adc.o(i.ADC_ConversionStop_Disable)
    ADC_DMAConvCplt                          0x080005a9   Thumb Code    78  stm32f1xx_hal_adc.o(i.ADC_DMAConvCplt)
    ADC_DMAError                             0x080005f7   Thumb Code    26  stm32f1xx_hal_adc.o(i.ADC_DMAError)
    ADC_DMAHalfConvCplt                      0x08000611   Thumb Code    10  stm32f1xx_hal_adc.o(i.ADC_DMAHalfConvCplt)
    ADC_Enable                               0x0800061d   Thumb Code   118  stm32f1xx_hal_adc.o(i.ADC_Enable)
    APPMain_Init                             0x0800069d   Thumb Code    18  appmain.o(i.APPMain_Init)
    APPMain_Loop                             0x080006af   Thumb Code    18  appmain.o(i.APPMain_Loop)
    BLedRun_Loop                             0x080006c1   Thumb Code    82  leddriver.o(i.BLedRun_Loop)
    BusFault_Handler                         0x08000719   Thumb Code     2  stm32f1xx_it.o(i.BusFault_Handler)
    CAN1_Filter_Init                         0x0800071d   Thumb Code    50  canbus.o(i.CAN1_Filter_Init)
    CAN1_RX1_IRQHandler                      0x08000755   Thumb Code     6  stm32f1xx_it.o(i.CAN1_RX1_IRQHandler)
    CAN1_Send_Msg                            0x08000761   Thumb Code    56  canbus.o(i.CAN1_Send_Msg)
    CanBus_Init                              0x0800079d   Thumb Code    34  canbus.o(i.CanBus_Init)
    CanBus_Loop                              0x080007c5   Thumb Code    70  canbus.o(i.CanBus_Loop)
    CurrentPIControlID                       0x08000815   Thumb Code   108  focmath.o(i.CurrentPIControlID)
    CurrentPIControlIQ                       0x08000881   Thumb Code   118  focmath.o(i.CurrentPIControlIQ)
    CurrentReconstruction                    0x080008f7   Thumb Code   116  focmath.o(i.CurrentReconstruction)
    DMA1_Channel1_IRQHandler                 0x0800096d   Thumb Code    20  stm32f1xx_it.o(i.DMA1_Channel1_IRQHandler)
    DMA1_Channel2_IRQHandler                 0x08000985   Thumb Code     6  stm32f1xx_it.o(i.DMA1_Channel2_IRQHandler)
    DMA1_Channel3_IRQHandler                 0x08000991   Thumb Code     6  stm32f1xx_it.o(i.DMA1_Channel3_IRQHandler)
    DebugMon_Handler                         0x080009c9   Thumb Code     2  stm32f1xx_it.o(i.DebugMon_Handler)
    Error_Handler                            0x080009cb   Thumb Code     4  main.o(i.Error_Handler)
    FocControl_Init                          0x080009cf   Thumb Code    38  foccontrol.o(i.FocControl_Init)
    FocControl_Loop                          0x080009f5   Thumb Code    58  foccontrol.o(i.FocControl_Loop)
    FocMotor_Enable                          0x08000a35   Thumb Code    14  foccontrol.o(i.FocMotor_Enable)
    FocPID_Init                              0x08000a49   Thumb Code   118  foccontrol.o(i.FocPID_Init)
    FocSpeedControl_Loop                     0x08000ae1   Thumb Code     6  foccontrol.o(i.FocSpeedControl_Loop)
    FunctionMain_Init                        0x08000aed   Thumb Code    14  functionmain.o(i.FunctionMain_Init)
    FunctionMain_Loop                        0x08000afd   Thumb Code    54  functionmain.o(i.FunctionMain_Loop)
    GetMotor1ADC1PhaseXValue                 0x08000b3d   Thumb Code    68  motor1adc1.o(i.GetMotor1ADC1PhaseXValue)
    GetMotor1FOC_mAngle                      0x08000b89   Thumb Code     8  angleencoder.o(i.GetMotor1FOC_mAngle)
    GetMotor1PreCurrent                      0x08000b95   Thumb Code    90  focmath.o(i.GetMotor1PreCurrent)
    GetMotor1_ElectricalAngleMT6816          0x08000bef   Thumb Code   172  angleencoder.o(i.GetMotor1_ElectricalAngleMT6816)
    GetMotor1_preSpeed                       0x08000c9d   Thumb Code    66  angleencoder.o(i.GetMotor1_preSpeed)
    GetSVPWMSector                           0x08000ce9   Thumb Code     8  focsvpwm.o(i.GetSVPWMSector)
    GetVectorDuration                        0x08000cf5   Thumb Code   252  focsvpwm.o(i.GetVectorDuration)
    Get_SysState                             0x08000df1   Thumb Code     6  sysmanage.o(i.Get_SysState)
    HAL_ADC_ConfigChannel                    0x08000dfd   Thumb Code   250  stm32f1xx_hal_adc.o(i.HAL_ADC_ConfigChannel)
    HAL_ADC_ConvCpltCallback                 0x08000f05   Thumb Code     2  stm32f1xx_hal_adc.o(i.HAL_ADC_ConvCpltCallback)
    HAL_ADC_ConvHalfCpltCallback             0x08000f07   Thumb Code     2  stm32f1xx_hal_adc.o(i.HAL_ADC_ConvHalfCpltCallback)
    HAL_ADC_ErrorCallback                    0x08000f09   Thumb Code     2  stm32f1xx_hal_adc.o(i.HAL_ADC_ErrorCallback)
    HAL_ADC_Init                             0x08000f0d   Thumb Code   274  stm32f1xx_hal_adc.o(i.HAL_ADC_Init)
    HAL_ADC_MspInit                          0x08001029   Thumb Code   124  adc.o(i.HAL_ADC_MspInit)
    HAL_ADC_Start_DMA                        0x080010b9   Thumb Code   268  stm32f1xx_hal_adc.o(i.HAL_ADC_Start_DMA)
    HAL_CAN_ActivateNotification             0x080011d9   Thumb Code    36  stm32f1xx_hal_can.o(i.HAL_CAN_ActivateNotification)
    HAL_CAN_AddTxMessage                     0x080011fd   Thumb Code   242  stm32f1xx_hal_can.o(i.HAL_CAN_AddTxMessage)
    HAL_CAN_ConfigFilter                     0x080012ef   Thumb Code   248  stm32f1xx_hal_can.o(i.HAL_CAN_ConfigFilter)
    HAL_CAN_ErrorCallback                    0x080013e7   Thumb Code     2  stm32f1xx_hal_can.o(i.HAL_CAN_ErrorCallback)
    HAL_CAN_GetRxMessage                     0x080013e9   Thumb Code   262  stm32f1xx_hal_can.o(i.HAL_CAN_GetRxMessage)
    HAL_CAN_IRQHandler                       0x080014ef   Thumb Code   508  stm32f1xx_hal_can.o(i.HAL_CAN_IRQHandler)
    HAL_CAN_Init                             0x080016eb   Thumb Code   338  stm32f1xx_hal_can.o(i.HAL_CAN_Init)
    HAL_CAN_MspInit                          0x0800183d   Thumb Code   128  can.o(i.HAL_CAN_MspInit)
    HAL_CAN_RxFifo0FullCallback              0x080018c9   Thumb Code     2  stm32f1xx_hal_can.o(i.HAL_CAN_RxFifo0FullCallback)
    HAL_CAN_RxFifo0MsgPendingCallback        0x080018cd   Thumb Code    40  canbus.o(i.HAL_CAN_RxFifo0MsgPendingCallback)
    HAL_CAN_RxFifo1FullCallback              0x08001901   Thumb Code     2  stm32f1xx_hal_can.o(i.HAL_CAN_RxFifo1FullCallback)
    HAL_CAN_RxFifo1MsgPendingCallback        0x08001903   Thumb Code     2  stm32f1xx_hal_can.o(i.HAL_CAN_RxFifo1MsgPendingCallback)
    HAL_CAN_SleepCallback                    0x08001905   Thumb Code     2  stm32f1xx_hal_can.o(i.HAL_CAN_SleepCallback)
    HAL_CAN_Start                            0x08001907   Thumb Code    88  stm32f1xx_hal_can.o(i.HAL_CAN_Start)
    HAL_CAN_TxMailbox0AbortCallback          0x0800195f   Thumb Code     2  stm32f1xx_hal_can.o(i.HAL_CAN_TxMailbox0AbortCallback)
    HAL_CAN_TxMailbox0CompleteCallback       0x08001961   Thumb Code     2  stm32f1xx_hal_can.o(i.HAL_CAN_TxMailbox0CompleteCallback)
    HAL_CAN_TxMailbox1AbortCallback          0x08001963   Thumb Code     2  stm32f1xx_hal_can.o(i.HAL_CAN_TxMailbox1AbortCallback)
    HAL_CAN_TxMailbox1CompleteCallback       0x08001965   Thumb Code     2  stm32f1xx_hal_can.o(i.HAL_CAN_TxMailbox1CompleteCallback)
    HAL_CAN_TxMailbox2AbortCallback          0x08001967   Thumb Code     2  stm32f1xx_hal_can.o(i.HAL_CAN_TxMailbox2AbortCallback)
    HAL_CAN_TxMailbox2CompleteCallback       0x08001969   Thumb Code     2  stm32f1xx_hal_can.o(i.HAL_CAN_TxMailbox2CompleteCallback)
    HAL_CAN_WakeUpFromRxMsgCallback          0x0800196b   Thumb Code     2  stm32f1xx_hal_can.o(i.HAL_CAN_WakeUpFromRxMsgCallback)
    HAL_DMA_Abort                            0x0800196d   Thumb Code    70  stm32f1xx_hal_dma.o(i.HAL_DMA_Abort)
    HAL_DMA_Abort_IT                         0x080019b5   Thumb Code   148  stm32f1xx_hal_dma.o(i.HAL_DMA_Abort_IT)
    HAL_DMA_IRQHandler                       0x08001a4d   Thumb Code   336  stm32f1xx_hal_dma.o(i.HAL_DMA_IRQHandler)
    HAL_DMA_Init                             0x08001bb5   Thumb Code    90  stm32f1xx_hal_dma.o(i.HAL_DMA_Init)
    HAL_DMA_Start_IT                         0x08001c19   Thumb Code   116  stm32f1xx_hal_dma.o(i.HAL_DMA_Start_IT)
    HAL_GPIO_Init                            0x08001c8d   Thumb Code   464  stm32f1xx_hal_gpio.o(i.HAL_GPIO_Init)
    HAL_GPIO_ReadPin                         0x08001e7d   Thumb Code    14  stm32f1xx_hal_gpio.o(i.HAL_GPIO_ReadPin)
    HAL_GPIO_WritePin                        0x08001e8b   Thumb Code    14  stm32f1xx_hal_gpio.o(i.HAL_GPIO_WritePin)
    HAL_GetTick                              0x08001e99   Thumb Code     6  stm32f1xx_hal.o(i.HAL_GetTick)
    HAL_IncTick                              0x08001ea5   Thumb Code    12  stm32f1xx_hal.o(i.HAL_IncTick)
    HAL_Init                                 0x08001eb5   Thumb Code    32  stm32f1xx_hal.o(i.HAL_Init)
    HAL_InitTick                             0x08001ed9   Thumb Code    58  stm32f1xx_hal.o(i.HAL_InitTick)
    HAL_MspInit                              0x08001f1d   Thumb Code    54  stm32f1xx_hal_msp.o(i.HAL_MspInit)
    HAL_NVIC_EnableIRQ                       0x08001f5d   Thumb Code    26  stm32f1xx_hal_cortex.o(i.HAL_NVIC_EnableIRQ)
    HAL_NVIC_SetPriority                     0x08001f79   Thumb Code    60  stm32f1xx_hal_cortex.o(i.HAL_NVIC_SetPriority)
    HAL_NVIC_SetPriorityGrouping             0x08001fb9   Thumb Code    26  stm32f1xx_hal_cortex.o(i.HAL_NVIC_SetPriorityGrouping)
    HAL_RCCEx_PeriphCLKConfig                0x08001fdd   Thumb Code   256  stm32f1xx_hal_rcc_ex.o(i.HAL_RCCEx_PeriphCLKConfig)
    HAL_RCC_ClockConfig                      0x080020e9   Thumb Code   318  stm32f1xx_hal_rcc.o(i.HAL_RCC_ClockConfig)
    HAL_RCC_GetHCLKFreq                      0x0800223d   Thumb Code     6  stm32f1xx_hal_rcc.o(i.HAL_RCC_GetHCLKFreq)
    HAL_RCC_GetPCLK1Freq                     0x08002249   Thumb Code    22  stm32f1xx_hal_rcc.o(i.HAL_RCC_GetPCLK1Freq)
    HAL_RCC_GetPCLK2Freq                     0x08002269   Thumb Code    22  stm32f1xx_hal_rcc.o(i.HAL_RCC_GetPCLK2Freq)
    HAL_RCC_GetSysClockFreq                  0x08002289   Thumb Code    82  stm32f1xx_hal_rcc.o(i.HAL_RCC_GetSysClockFreq)
    HAL_RCC_OscConfig                        0x080022fd   Thumb Code   882  stm32f1xx_hal_rcc.o(i.HAL_RCC_OscConfig)
    HAL_SPI_Init                             0x08002681   Thumb Code   180  stm32f1xx_hal_spi.o(i.HAL_SPI_Init)
    HAL_SPI_MspInit                          0x08002735   Thumb Code    98  spi.o(i.HAL_SPI_MspInit)
    HAL_SPI_TransmitReceive                  0x080027a5   Thumb Code   484  stm32f1xx_hal_spi.o(i.HAL_SPI_TransmitReceive)
    HAL_SYSTICK_Config                       0x08002989   Thumb Code    40  stm32f1xx_hal_cortex.o(i.HAL_SYSTICK_Config)
    HAL_TIMEx_BreakCallback                  0x080029b1   Thumb Code     2  stm32f1xx_hal_tim_ex.o(i.HAL_TIMEx_BreakCallback)
    HAL_TIMEx_CommutCallback                 0x080029b3   Thumb Code     2  stm32f1xx_hal_tim_ex.o(i.HAL_TIMEx_CommutCallback)
    HAL_TIMEx_ConfigBreakDeadTime            0x080029b5   Thumb Code    84  stm32f1xx_hal_tim_ex.o(i.HAL_TIMEx_ConfigBreakDeadTime)
    HAL_TIMEx_MasterConfigSynchronization    0x08002a09   Thumb Code    90  stm32f1xx_hal_tim_ex.o(i.HAL_TIMEx_MasterConfigSynchronization)
    HAL_TIM_Base_Init                        0x08002a71   Thumb Code    74  stm32f1xx_hal_tim.o(i.HAL_TIM_Base_Init)
    HAL_TIM_Base_MspInit                     0x08002abd   Thumb Code    50  tim.o(i.HAL_TIM_Base_MspInit)
    HAL_TIM_Base_Start_IT                    0x08002af9   Thumb Code    86  stm32f1xx_hal_tim.o(i.HAL_TIM_Base_Start_IT)
    HAL_TIM_ConfigClockSource                0x08002b5d   Thumb Code   226  stm32f1xx_hal_tim.o(i.HAL_TIM_ConfigClockSource)
    HAL_TIM_IC_CaptureCallback               0x08002c3f   Thumb Code     2  stm32f1xx_hal_tim.o(i.HAL_TIM_IC_CaptureCallback)
    HAL_TIM_IRQHandler                       0x08002c41   Thumb Code   366  stm32f1xx_hal_tim.o(i.HAL_TIM_IRQHandler)
    HAL_TIM_MspPostInit                      0x08002db1   Thumb Code    64  tim.o(i.HAL_TIM_MspPostInit)
    HAL_TIM_OC_DelayElapsedCallback          0x08002dfd   Thumb Code     2  stm32f1xx_hal_tim.o(i.HAL_TIM_OC_DelayElapsedCallback)
    HAL_TIM_PWM_ConfigChannel                0x08002dff   Thumb Code   210  stm32f1xx_hal_tim.o(i.HAL_TIM_PWM_ConfigChannel)
    HAL_TIM_PWM_Init                         0x08002ed1   Thumb Code    74  stm32f1xx_hal_tim.o(i.HAL_TIM_PWM_Init)
    HAL_TIM_PWM_MspInit                      0x08002f1b   Thumb Code     2  stm32f1xx_hal_tim.o(i.HAL_TIM_PWM_MspInit)
    HAL_TIM_PWM_PulseFinishedCallback        0x08002f1d   Thumb Code     2  stm32f1xx_hal_tim.o(i.HAL_TIM_PWM_PulseFinishedCallback)
    HAL_TIM_PWM_Start                        0x08002f21   Thumb Code   160  stm32f1xx_hal_tim.o(i.HAL_TIM_PWM_Start)
    HAL_TIM_PeriodElapsedCallback            0x08002fcd   Thumb Code     2  stm32f1xx_hal_tim.o(i.HAL_TIM_PeriodElapsedCallback)
    HAL_TIM_TriggerCallback                  0x08002fcf   Thumb Code     2  stm32f1xx_hal_tim.o(i.HAL_TIM_TriggerCallback)
    HAL_UARTEx_RxEventCallback               0x08002fd1   Thumb Code     2  stm32f1xx_hal_uart.o(i.HAL_UARTEx_RxEventCallback)
    HAL_UART_DMAStop                         0x08002fd3   Thumb Code    88  stm32f1xx_hal_uart.o(i.HAL_UART_DMAStop)
    HAL_UART_ErrorCallback                   0x0800302b   Thumb Code     2  stm32f1xx_hal_uart.o(i.HAL_UART_ErrorCallback)
    HAL_UART_IRQHandler                      0x0800302d   Thumb Code   458  stm32f1xx_hal_uart.o(i.HAL_UART_IRQHandler)
    HAL_UART_Init                            0x080031fd   Thumb Code   100  stm32f1xx_hal_uart.o(i.HAL_UART_Init)
    HAL_UART_MspInit                         0x08003261   Thumb Code   220  usart.o(i.HAL_UART_MspInit)
    HAL_UART_Receive_DMA                     0x08003351   Thumb Code    46  stm32f1xx_hal_uart.o(i.HAL_UART_Receive_DMA)
    HAL_UART_RxCpltCallback                  0x0800337f   Thumb Code     2  stm32f1xx_hal_uart.o(i.HAL_UART_RxCpltCallback)
    HAL_UART_RxHalfCpltCallback              0x08003381   Thumb Code     2  stm32f1xx_hal_uart.o(i.HAL_UART_RxHalfCpltCallback)
    HAL_UART_Transmit_DMA                    0x08003385   Thumb Code   126  stm32f1xx_hal_uart.o(i.HAL_UART_Transmit_DMA)
    HAL_UART_TxCpltCallback                  0x08003411   Thumb Code     2  stm32f1xx_it.o(i.HAL_UART_TxCpltCallback)
    HAL_UART_TxHalfCpltCallback              0x08003413   Thumb Code     2  stm32f1xx_hal_uart.o(i.HAL_UART_TxHalfCpltCallback)
    HardFault_Handler                        0x08003415   Thumb Code     2  stm32f1xx_it.o(i.HardFault_Handler)
    Key_Function                             0x08003417   Thumb Code    36  perdrivermain.o(i.Key_Function)
    LedDriver_Loop                           0x0800343d   Thumb Code   194  leddriver.o(i.LedDriver_Loop)
    MCUDriverMain_Init                       0x08003509   Thumb Code     4  mcudrivermain.o(i.MCUDriverMain_Init)
    MCUDriverMain_Loop                       0x0800350d   Thumb Code     2  mcudrivermain.o(i.MCUDriverMain_Loop)
    MX_ADC1_Init                             0x08003511   Thumb Code   110  adc.o(i.MX_ADC1_Init)
    MX_CAN_Init                              0x08003589   Thumb Code    60  can.o(i.MX_CAN_Init)
    MX_DMA_Init                              0x080035cd   Thumb Code    72  dma.o(i.MX_DMA_Init)
    MX_GPIO_Init                             0x08003619   Thumb Code   206  gpio.o(i.MX_GPIO_Init)
    MX_SPI1_Init                             0x080036f5   Thumb Code    68  spi.o(i.MX_SPI1_Init)
    MX_TIM1_Init                             0x08003741   Thumb Code   226  tim.o(i.MX_TIM1_Init)
    MX_USART3_UART_Init                      0x0800382d   Thumb Code    54  usart.o(i.MX_USART3_UART_Init)
    MemManage_Handler                        0x0800386d   Thumb Code     2  stm32f1xx_it.o(i.MemManage_Handler)
    Motor1ADC1StartOnce                      0x08003871   Thumb Code    10  motor1adc1.o(i.Motor1ADC1StartOnce)
    Motor1ADC1ValueStorage                   0x08003885   Thumb Code    30  motor1adc1.o(i.Motor1ADC1ValueStorage)
    Motor1PosPIDSetTar                       0x080038a9   Thumb Code     6  foccontrol.o(i.Motor1PosPIDSetTar)
    Motor1SPI1SetCS                          0x080038b5   Thumb Code    10  motor1spi1.o(i.Motor1SPI1SetCS)
    Motor1SPI1WriteReadData                  0x080038c5   Thumb Code    32  motor1spi1.o(i.Motor1SPI1WriteReadData)
    Motor1SetEnable                          0x080038e9   Thumb Code    32  motor1gpio.o(i.Motor1SetEnable)
    Motor1SetTarIDIQ                         0x0800390d   Thumb Code     8  foccontrol.o(i.Motor1SetTarIDIQ)
    Motor1SpeedPIDSetTar                     0x08003919   Thumb Code     6  foccontrol.o(i.Motor1SpeedPIDSetTar)
    Motor1TIM1_Init                          0x08003925   Thumb Code    56  motor1tim1pwm.o(i.Motor1TIM1_Init)
    NMI_Handler                              0x08003961   Thumb Code     2  stm32f1xx_it.o(i.NMI_Handler)
    PendSV_Handler                           0x08003963   Thumb Code     2  stm32f1xx_it.o(i.PendSV_Handler)
    PerDriverMain_Init                       0x08003965   Thumb Code     4  perdrivermain.o(i.PerDriverMain_Init)
    PerDriverMain_Loop                       0x08003969   Thumb Code   112  perdrivermain.o(i.PerDriverMain_Loop)
    RLedRun_Loop                             0x08003a0d   Thumb Code    82  leddriver.o(i.RLedRun_Loop)
    SVC_Handler                              0x08003b45   Thumb Code     2  stm32f1xx_it.o(i.SVC_Handler)
    SetMotor1ChannelHighLeaveTime_us         0x08003b49   Thumb Code   116  motor1tim1pwm.o(i.SetMotor1ChannelHighLeaveTime_us)
    SetMotor1Channel_FreqDuty                0x08003bc5   Thumb Code   106  motor1tim1pwm.o(i.SetMotor1Channel_FreqDuty)
    SpeedPIDControl                          0x08003c3d   Thumb Code   148  focmath.o(i.SpeedPIDControl)
    StartupMusic_Loop                        0x08003cd1   Thumb Code   138  startupmusic.o(i.StartupMusic_Loop)
    SvpwmCtrl                                0x08003d61   Thumb Code    30  focsvpwm.o(i.SvpwmCtrl)
    SvpwmGenerate                            0x08003d85   Thumb Code   146  focsvpwm.o(i.SvpwmGenerate)
    SvpwmSectorJudgment                      0x08003e19   Thumb Code   152  focsvpwm.o(i.SvpwmSectorJudgment)
    SysManage_Loop                           0x08003eb5   Thumb Code    36  sysmanage.o(i.SysManage_Loop)
    SysTick_Handler                          0x08003ee1   Thumb Code    12  stm32f1xx_it.o(i.SysTick_Handler)
    SystemClock_Config                       0x08003ef1   Thumb Code   122  main.o(i.SystemClock_Config)
    SystemInit                               0x08003f6b   Thumb Code     2  system_stm32f1xx.o(i.SystemInit)
    TIM1_UP_IRQHandler                       0x08003f6d   Thumb Code    60  stm32f1xx_it.o(i.TIM1_UP_IRQHandler)
    TIM_Base_SetConfig                       0x08003fb1   Thumb Code    94  stm32f1xx_hal_tim.o(i.TIM_Base_SetConfig)
    TIM_CCxChannelCmd                        0x0800401d   Thumb Code    26  stm32f1xx_hal_tim.o(i.TIM_CCxChannelCmd)
    TIM_ETR_SetConfig                        0x08004037   Thumb Code    20  stm32f1xx_hal_tim.o(i.TIM_ETR_SetConfig)
    TIM_OC2_SetConfig                        0x080040bd   Thumb Code    94  stm32f1xx_hal_tim.o(i.TIM_OC2_SetConfig)
    TouchDriver_Loop                         0x08004211   Thumb Code   118  touchdriver.o(i.TouchDriver_Loop)
    Touch_GetKey                             0x08004291   Thumb Code    10  touchdriver.o(i.Touch_GetKey)
    UART_Start_Receive_DMA                   0x08004579   Thumb Code   102  stm32f1xx_hal_uart.o(i.UART_Start_Receive_DMA)
    USART3_IRQHandler                        0x0800464d   Thumb Code    86  stm32f1xx_it.o(i.USART3_IRQHandler)
    USB_LP_CAN1_RX0_IRQHandler               0x080046b9   Thumb Code     6  stm32f1xx_it.o(i.USB_LP_CAN1_RX0_IRQHandler)
    UartBus_Init                             0x080046c5   Thumb Code    26  uartbus.o(i.UartBus_Init)
    UartBus_Loop                             0x080046e5   Thumb Code   164  uartbus.o(i.UartBus_Loop)
    UsageFault_Handler                       0x08004795   Thumb Code     2  stm32f1xx_it.o(i.UsageFault_Handler)
    __scatterload_copy                       0x080047b7   Thumb Code    14  handlers.o(i.__scatterload_copy)
    __scatterload_null                       0x080047c5   Thumb Code     2  handlers.o(i.__scatterload_null)
    __scatterload_zeroinit                   0x080047c7   Thumb Code    14  handlers.o(i.__scatterload_zeroinit)
    clarke_calc                              0x080047d5   Thumb Code    32  focmath.o(i.clarke_calc)
    ipark_calc                               0x080047f9   Thumb Code    54  focmath.o(i.ipark_calc)
    main                                     0x0800482f   Thumb Code    46  main.o(i.main)
    park_calc                                0x0800485d   Thumb Code    50  focmath.o(i.park_calc)
    sincos_table                             0x08004890   Data           0  IQtables.o(sincos_table)
    AHBPrescTable                            0x08005094   Data          16  system_stm32f1xx.o(.constdata)
    APBPrescTable                            0x080050a4   Data           8  system_stm32f1xx.o(.constdata)
    Region$$Table$$Base                      0x080050ac   Number         0  anon$$obj.o(Region$$Table)
    Region$$Table$$Limit                     0x080050cc   Number         0  anon$$obj.o(Region$$Table)
    gMS_TimeCNT                              0x20000000   Data           4  timer.o(.data)
    currentflag                              0x20000004   Data           1  perdrivermain.o(.data)
    Sys                                      0x20000022   Data           1  sysmanage.o(.data)
    rcvdFlag                                 0x20000030   Data           1  canbus.o(.data)
    FOC_Mod                                  0x20000040   Data         248  foccontrol.o(.data)
    SVPWM_Mod                                0x20000144   Data          80  focsvpwm.o(.data)
    RxLen                                    0x20000194   Data           2  usart.o(.data)
    uwTickFreq                               0x20000198   Data           1  stm32f1xx_hal.o(.data)
    uwTickPrio                               0x2000019c   Data           4  stm32f1xx_hal.o(.data)
    uwTick                                   0x200001a0   Data           4  stm32f1xx_hal.o(.data)
    SystemCoreClock                          0x200001a4   Data           4  system_stm32f1xx.o(.data)
    gMotor1ADC1                              0x200001a8   Data          48  motor1adc1.o(.bss)
    Key                                      0x200001d8   Data          16  touchdriver.o(.bss)
    TxMsg                                    0x200001e8   Data          36  canbus.o(.bss)
    RxMsg                                    0x2000020c   Data          36  canbus.o(.bss)
    UartBus                                  0x20000230   Data          88  uartbus.o(.bss)
    hadc1                                    0x20000288   Data          48  adc.o(.bss)
    hdma_adc1                                0x200002b8   Data          68  adc.o(.bss)
    hcan                                     0x200002fc   Data          40  can.o(.bss)
    hspi1                                    0x20000324   Data          88  spi.o(.bss)
    htim1                                    0x2000037c   Data          72  tim.o(.bss)
    RxBuffer                                 0x200003c4   Data          40  usart.o(.bss)
    huart3                                   0x200003ec   Data          68  usart.o(.bss)
    hdma_usart3_rx                           0x20000430   Data          68  usart.o(.bss)
    hdma_usart3_tx                           0x20000474   Data          68  usart.o(.bss)
    __initial_sp                             0x200008b8   Data           0  startup_stm32f103xb.o(STACK)



==============================================================================

Memory Map of the image

  Image Entry point : 0x080000ed

  Load Region LR_IROM1 (Base: 0x08000000, Size: 0x00005274, Max: 0x00010000, ABSOLUTE, COMPRESSED[0x000050e8])

    Execution Region ER_IROM1 (Base: 0x08000000, Size: 0x000050cc, Max: 0x00010000, ABSOLUTE)

    Base Addr    Size         Type   Attr      Idx    E Section Name        Object

    0x08000000   0x000000ec   Data   RO         1716    RESET               startup_stm32f103xb.o
    0x080000ec   0x00000000   Code   RO         5441  * .ARM.Collect$$$$00000000  mc_w.l(entry.o)
    0x080000ec   0x00000004   Code   RO         5727    .ARM.Collect$$$$00000001  mc_w.l(entry2.o)
    0x080000f0   0x00000004   Code   RO         5730    .ARM.Collect$$$$00000004  mc_w.l(entry5.o)
    0x080000f4   0x00000000   Code   RO         5732    .ARM.Collect$$$$00000008  mc_w.l(entry7b.o)
    0x080000f4   0x00000000   Code   RO         5734    .ARM.Collect$$$$0000000A  mc_w.l(entry8b.o)
    0x080000f4   0x00000008   Code   RO         5735    .ARM.Collect$$$$0000000B  mc_w.l(entry9a.o)
    0x080000fc   0x00000000   Code   RO         5737    .ARM.Collect$$$$0000000D  mc_w.l(entry10a.o)
    0x080000fc   0x00000000   Code   RO         5739    .ARM.Collect$$$$0000000F  mc_w.l(entry11a.o)
    0x080000fc   0x00000004   Code   RO         5728    .ARM.Collect$$$$00002712  mc_w.l(entry2.o)
    0x08000100   0x00000024   Code   RO         1717    .text               startup_stm32f103xb.o
    0x08000124   0x00000024   Code   RO         5446    .text               mc_w.l(memcpya.o)
    0x08000148   0x00000024   Code   RO         5448    .text               mc_w.l(memseta.o)
    0x0800016c   0x00000064   Code   RO         5713    .text               mf_w.l(fmul.o)
    0x080001d0   0x00000018   Code   RO         5715    .text               mf_w.l(fscalb.o)
    0x080001e8   0x00000012   Code   RO         5717    .text               mf_w.l(fflti.o)
    0x080001fa   0x0000000a   Code   RO         5719    .text               mf_w.l(ffltui.o)
    0x08000204   0x00000032   Code   RO         5721    .text               mf_w.l(ffixi.o)
    0x08000236   0x00000028   Code   RO         5723    .text               mf_w.l(ffixui.o)
    0x0800025e   0x00000000   Code   RO         5746    .text               mc_w.l(iusefp.o)
    0x0800025e   0x0000006e   Code   RO         5747    .text               mf_w.l(fepilogue.o)
    0x080002cc   0x00000024   Code   RO         5759    .text               mc_w.l(init.o)
    0x080002f0   0x00000056   Code   RO         5775    .text               mc_w.l(__dczerorl2.o)
    0x08000346   0x00000002   PAD
    0x08000348   0x00000090   Code   RO         5081    _IQ16div            IQmathLib-cm3.lib(IQNdiv.o)
    0x080003d8   0x0000008c   Code   RO         4997    _IQ19cos            IQmathLib-cm3.lib(IQNcos.o)
    0x08000464   0x00000010   Code   RO         5174    _IQ19mpy            IQmathLib-cm3.lib(IQNmpy.o)
    0x08000474   0x00000088   Code   RO         5264    _IQ19sin            IQmathLib-cm3.lib(IQNsin.o)
    0x080004fc   0x00000024   Code   RO         5351    _IQ19toF            IQmathLib-cm3.lib(IQNtoF.o)
    0x08000520   0x00000010   Code   RO         5179    _IQ24mpy            IQmathLib-cm3.lib(IQNmpy.o)
    0x08000530   0x00000024   Code   RO         5356    _IQ24toF            IQmathLib-cm3.lib(IQNtoF.o)
    0x08000554   0x00000054   Code   RO         1760    i.ADC_ConversionStop_Disable  stm32f1xx_hal_adc.o
    0x080005a8   0x0000004e   Code   RO         1761    i.ADC_DMAConvCplt   stm32f1xx_hal_adc.o
    0x080005f6   0x0000001a   Code   RO         1762    i.ADC_DMAError      stm32f1xx_hal_adc.o
    0x08000610   0x0000000a   Code   RO         1763    i.ADC_DMAHalfConvCplt  stm32f1xx_hal_adc.o
    0x0800061a   0x00000002   PAD
    0x0800061c   0x00000080   Code   RO         1764    i.ADC_Enable        stm32f1xx_hal_adc.o
    0x0800069c   0x00000012   Code   RO            1    i.APPMain_Init      appmain.o
    0x080006ae   0x00000012   Code   RO            2    i.APPMain_Loop      appmain.o
    0x080006c0   0x00000058   Code   RO          505    i.BLedRun_Loop      leddriver.o
    0x08000718   0x00000002   Code   RO         1564    i.BusFault_Handler  stm32f1xx_it.o
    0x0800071a   0x00000002   PAD
    0x0800071c   0x00000038   Code   RO          720    i.CAN1_Filter_Init  canbus.o
    0x08000754   0x0000000c   Code   RO         1565    i.CAN1_RX1_IRQHandler  stm32f1xx_it.o
    0x08000760   0x0000003c   Code   RO          721    i.CAN1_Send_Msg     canbus.o
    0x0800079c   0x00000028   Code   RO          722    i.CanBus_Init       canbus.o
    0x080007c4   0x00000050   Code   RO          723    i.CanBus_Loop       canbus.o
    0x08000814   0x0000006c   Code   RO          938    i.CurrentPIControlID  focmath.o
    0x08000880   0x00000076   Code   RO          939    i.CurrentPIControlIQ  focmath.o
    0x080008f6   0x00000074   Code   RO          940    i.CurrentReconstruction  focmath.o
    0x0800096a   0x00000002   PAD
    0x0800096c   0x00000018   Code   RO         1566    i.DMA1_Channel1_IRQHandler  stm32f1xx_it.o
    0x08000984   0x0000000c   Code   RO         1567    i.DMA1_Channel2_IRQHandler  stm32f1xx_it.o
    0x08000990   0x0000000c   Code   RO         1568    i.DMA1_Channel3_IRQHandler  stm32f1xx_it.o
    0x0800099c   0x0000002c   Code   RO         2419    i.DMA_SetConfig     stm32f1xx_hal_dma.o
    0x080009c8   0x00000002   Code   RO         1569    i.DebugMon_Handler  stm32f1xx_it.o
    0x080009ca   0x00000004   Code   RO         1250    i.Error_Handler     main.o
    0x080009ce   0x00000026   Code   RO          843    i.FocControl_Init   foccontrol.o
    0x080009f4   0x00000040   Code   RO          844    i.FocControl_Loop   foccontrol.o
    0x08000a34   0x00000014   Code   RO          845    i.FocMotor_Enable   foccontrol.o
    0x08000a48   0x00000098   Code   RO          846    i.FocPID_Init       foccontrol.o
    0x08000ae0   0x0000000c   Code   RO          848    i.FocSpeedControl_Loop  foccontrol.o
    0x08000aec   0x0000000e   Code   RO          667    i.FunctionMain_Init  functionmain.o
    0x08000afa   0x00000002   PAD
    0x08000afc   0x00000040   Code   RO          668    i.FunctionMain_Loop  functionmain.o
    0x08000b3c   0x0000004c   Code   RO          192    i.GetMotor1ADC1PhaseXValue  motor1adc1.o
    0x08000b88   0x0000000c   Code   RO         1019    i.GetMotor1FOC_mAngle  angleencoder.o
    0x08000b94   0x0000005a   Code   RO          941    i.GetMotor1PreCurrent  focmath.o
    0x08000bee   0x000000ac   Code   RO         1020    i.GetMotor1_ElectricalAngleMT6816  angleencoder.o
    0x08000c9a   0x00000002   PAD
    0x08000c9c   0x0000004c   Code   RO         1024    i.GetMotor1_preSpeed  angleencoder.o
    0x08000ce8   0x0000000c   Code   RO         1074    i.GetSVPWMSector    focsvpwm.o
    0x08000cf4   0x000000fc   Code   RO         1075    i.GetVectorDuration  focsvpwm.o
    0x08000df0   0x0000000c   Code   RO          542    i.Get_SysState      sysmanage.o
    0x08000dfc   0x00000108   Code   RO         1766    i.HAL_ADC_ConfigChannel  stm32f1xx_hal_adc.o
    0x08000f04   0x00000002   Code   RO         1767    i.HAL_ADC_ConvCpltCallback  stm32f1xx_hal_adc.o
    0x08000f06   0x00000002   Code   RO         1768    i.HAL_ADC_ConvHalfCpltCallback  stm32f1xx_hal_adc.o
    0x08000f08   0x00000002   Code   RO         1770    i.HAL_ADC_ErrorCallback  stm32f1xx_hal_adc.o
    0x08000f0a   0x00000002   PAD
    0x08000f0c   0x0000011c   Code   RO         1775    i.HAL_ADC_Init      stm32f1xx_hal_adc.o
    0x08001028   0x00000090   Code   RO         1324    i.HAL_ADC_MspInit   adc.o
    0x080010b8   0x00000120   Code   RO         1782    i.HAL_ADC_Start_DMA  stm32f1xx_hal_adc.o
    0x080011d8   0x00000024   Code   RO         3038    i.HAL_CAN_ActivateNotification  stm32f1xx_hal_can.o
    0x080011fc   0x000000f2   Code   RO         3039    i.HAL_CAN_AddTxMessage  stm32f1xx_hal_can.o
    0x080012ee   0x000000f8   Code   RO         3040    i.HAL_CAN_ConfigFilter  stm32f1xx_hal_can.o
    0x080013e6   0x00000002   Code   RO         3043    i.HAL_CAN_ErrorCallback  stm32f1xx_hal_can.o
    0x080013e8   0x00000106   Code   RO         3046    i.HAL_CAN_GetRxMessage  stm32f1xx_hal_can.o
    0x080014ee   0x000001fc   Code   RO         3050    i.HAL_CAN_IRQHandler  stm32f1xx_hal_can.o
    0x080016ea   0x00000152   Code   RO         3051    i.HAL_CAN_Init      stm32f1xx_hal_can.o
    0x0800183c   0x0000008c   Code   RO         1366    i.HAL_CAN_MspInit   can.o
    0x080018c8   0x00000002   Code   RO         3058    i.HAL_CAN_RxFifo0FullCallback  stm32f1xx_hal_can.o
    0x080018ca   0x00000002   PAD
    0x080018cc   0x00000034   Code   RO          724    i.HAL_CAN_RxFifo0MsgPendingCallback  canbus.o
    0x08001900   0x00000002   Code   RO         3060    i.HAL_CAN_RxFifo1FullCallback  stm32f1xx_hal_can.o
    0x08001902   0x00000002   Code   RO         3061    i.HAL_CAN_RxFifo1MsgPendingCallback  stm32f1xx_hal_can.o
    0x08001904   0x00000002   Code   RO         3062    i.HAL_CAN_SleepCallback  stm32f1xx_hal_can.o
    0x08001906   0x00000058   Code   RO         3063    i.HAL_CAN_Start     stm32f1xx_hal_can.o
    0x0800195e   0x00000002   Code   RO         3065    i.HAL_CAN_TxMailbox0AbortCallback  stm32f1xx_hal_can.o
    0x08001960   0x00000002   Code   RO         3066    i.HAL_CAN_TxMailbox0CompleteCallback  stm32f1xx_hal_can.o
    0x08001962   0x00000002   Code   RO         3067    i.HAL_CAN_TxMailbox1AbortCallback  stm32f1xx_hal_can.o
    0x08001964   0x00000002   Code   RO         3068    i.HAL_CAN_TxMailbox1CompleteCallback  stm32f1xx_hal_can.o
    0x08001966   0x00000002   Code   RO         3069    i.HAL_CAN_TxMailbox2AbortCallback  stm32f1xx_hal_can.o
    0x08001968   0x00000002   Code   RO         3070    i.HAL_CAN_TxMailbox2CompleteCallback  stm32f1xx_hal_can.o
    0x0800196a   0x00000002   Code   RO         3072    i.HAL_CAN_WakeUpFromRxMsgCallback  stm32f1xx_hal_can.o
    0x0800196c   0x00000046   Code   RO         2420    i.HAL_DMA_Abort     stm32f1xx_hal_dma.o
    0x080019b2   0x00000002   PAD
    0x080019b4   0x00000098   Code   RO         2421    i.HAL_DMA_Abort_IT  stm32f1xx_hal_dma.o
    0x08001a4c   0x00000168   Code   RO         2425    i.HAL_DMA_IRQHandler  stm32f1xx_hal_dma.o
    0x08001bb4   0x00000064   Code   RO         2426    i.HAL_DMA_Init      stm32f1xx_hal_dma.o
    0x08001c18   0x00000074   Code   RO         2430    i.HAL_DMA_Start_IT  stm32f1xx_hal_dma.o
    0x08001c8c   0x000001f0   Code   RO         2356    i.HAL_GPIO_Init     stm32f1xx_hal_gpio.o
    0x08001e7c   0x0000000e   Code   RO         2358    i.HAL_GPIO_ReadPin  stm32f1xx_hal_gpio.o
    0x08001e8a   0x0000000e   Code   RO         2360    i.HAL_GPIO_WritePin  stm32f1xx_hal_gpio.o
    0x08001e98   0x0000000c   Code   RO         2047    i.HAL_GetTick       stm32f1xx_hal.o
    0x08001ea4   0x00000010   Code   RO         2053    i.HAL_IncTick       stm32f1xx_hal.o
    0x08001eb4   0x00000024   Code   RO         2054    i.HAL_Init          stm32f1xx_hal.o
    0x08001ed8   0x00000044   Code   RO         2055    i.HAL_InitTick      stm32f1xx_hal.o
    0x08001f1c   0x00000040   Code   RO         1693    i.HAL_MspInit       stm32f1xx_hal_msp.o
    0x08001f5c   0x0000001a   Code   RO         2516    i.HAL_NVIC_EnableIRQ  stm32f1xx_hal_cortex.o
    0x08001f76   0x00000002   PAD
    0x08001f78   0x00000040   Code   RO         2522    i.HAL_NVIC_SetPriority  stm32f1xx_hal_cortex.o
    0x08001fb8   0x00000024   Code   RO         2523    i.HAL_NVIC_SetPriorityGrouping  stm32f1xx_hal_cortex.o
    0x08001fdc   0x0000010c   Code   RO         2319    i.HAL_RCCEx_PeriphCLKConfig  stm32f1xx_hal_rcc_ex.o
    0x080020e8   0x00000154   Code   RO         2211    i.HAL_RCC_ClockConfig  stm32f1xx_hal_rcc.o
    0x0800223c   0x0000000c   Code   RO         2216    i.HAL_RCC_GetHCLKFreq  stm32f1xx_hal_rcc.o
    0x08002248   0x00000020   Code   RO         2218    i.HAL_RCC_GetPCLK1Freq  stm32f1xx_hal_rcc.o
    0x08002268   0x00000020   Code   RO         2219    i.HAL_RCC_GetPCLK2Freq  stm32f1xx_hal_rcc.o
    0x08002288   0x00000074   Code   RO         2220    i.HAL_RCC_GetSysClockFreq  stm32f1xx_hal_rcc.o
    0x080022fc   0x00000384   Code   RO         2223    i.HAL_RCC_OscConfig  stm32f1xx_hal_rcc.o
    0x08002680   0x000000b4   Code   RO         3282    i.HAL_SPI_Init      stm32f1xx_hal_spi.o
    0x08002734   0x00000070   Code   RO         1432    i.HAL_SPI_MspInit   spi.o
    0x080027a4   0x000001e4   Code   RO         3291    i.HAL_SPI_TransmitReceive  stm32f1xx_hal_spi.o
    0x08002988   0x00000028   Code   RO         2527    i.HAL_SYSTICK_Config  stm32f1xx_hal_cortex.o
    0x080029b0   0x00000002   Code   RO         4310    i.HAL_TIMEx_BreakCallback  stm32f1xx_hal_tim_ex.o
    0x080029b2   0x00000002   Code   RO         4311    i.HAL_TIMEx_CommutCallback  stm32f1xx_hal_tim_ex.o
    0x080029b4   0x00000054   Code   RO         4313    i.HAL_TIMEx_ConfigBreakDeadTime  stm32f1xx_hal_tim_ex.o
    0x08002a08   0x00000068   Code   RO         4329    i.HAL_TIMEx_MasterConfigSynchronization  stm32f1xx_hal_tim_ex.o
    0x08002a70   0x0000004a   Code   RO         3595    i.HAL_TIM_Base_Init  stm32f1xx_hal_tim.o
    0x08002aba   0x00000002   PAD
    0x08002abc   0x0000003c   Code   RO         1474    i.HAL_TIM_Base_MspInit  tim.o
    0x08002af8   0x00000064   Code   RO         3600    i.HAL_TIM_Base_Start_IT  stm32f1xx_hal_tim.o
    0x08002b5c   0x000000e2   Code   RO         3604    i.HAL_TIM_ConfigClockSource  stm32f1xx_hal_tim.o
    0x08002c3e   0x00000002   Code   RO         3629    i.HAL_TIM_IC_CaptureCallback  stm32f1xx_hal_tim.o
    0x08002c40   0x0000016e   Code   RO         3643    i.HAL_TIM_IRQHandler  stm32f1xx_hal_tim.o
    0x08002dae   0x00000002   PAD
    0x08002db0   0x0000004c   Code   RO         1475    i.HAL_TIM_MspPostInit  tim.o
    0x08002dfc   0x00000002   Code   RO         3646    i.HAL_TIM_OC_DelayElapsedCallback  stm32f1xx_hal_tim.o
    0x08002dfe   0x000000d2   Code   RO         3667    i.HAL_TIM_PWM_ConfigChannel  stm32f1xx_hal_tim.o
    0x08002ed0   0x0000004a   Code   RO         3670    i.HAL_TIM_PWM_Init  stm32f1xx_hal_tim.o
    0x08002f1a   0x00000002   Code   RO         3672    i.HAL_TIM_PWM_MspInit  stm32f1xx_hal_tim.o
    0x08002f1c   0x00000002   Code   RO         3673    i.HAL_TIM_PWM_PulseFinishedCallback  stm32f1xx_hal_tim.o
    0x08002f1e   0x00000002   PAD
    0x08002f20   0x000000ac   Code   RO         3675    i.HAL_TIM_PWM_Start  stm32f1xx_hal_tim.o
    0x08002fcc   0x00000002   Code   RO         3681    i.HAL_TIM_PeriodElapsedCallback  stm32f1xx_hal_tim.o
    0x08002fce   0x00000002   Code   RO         3686    i.HAL_TIM_TriggerCallback  stm32f1xx_hal_tim.o
    0x08002fd0   0x00000002   Code   RO         4588    i.HAL_UARTEx_RxEventCallback  stm32f1xx_hal_uart.o
    0x08002fd2   0x00000058   Code   RO         4600    i.HAL_UART_DMAStop  stm32f1xx_hal_uart.o
    0x0800302a   0x00000002   Code   RO         4602    i.HAL_UART_ErrorCallback  stm32f1xx_hal_uart.o
    0x0800302c   0x000001d0   Code   RO         4605    i.HAL_UART_IRQHandler  stm32f1xx_hal_uart.o
    0x080031fc   0x00000064   Code   RO         4606    i.HAL_UART_Init     stm32f1xx_hal_uart.o
    0x08003260   0x000000f0   Code   RO         1522    i.HAL_UART_MspInit  usart.o
    0x08003350   0x0000002e   Code   RO         4610    i.HAL_UART_Receive_DMA  stm32f1xx_hal_uart.o
    0x0800337e   0x00000002   Code   RO         4612    i.HAL_UART_RxCpltCallback  stm32f1xx_hal_uart.o
    0x08003380   0x00000002   Code   RO         4613    i.HAL_UART_RxHalfCpltCallback  stm32f1xx_hal_uart.o
    0x08003382   0x00000002   PAD
    0x08003384   0x0000008c   Code   RO         4615    i.HAL_UART_Transmit_DMA  stm32f1xx_hal_uart.o
    0x08003410   0x00000002   Code   RO         1570    i.HAL_UART_TxCpltCallback  stm32f1xx_it.o
    0x08003412   0x00000002   Code   RO         4618    i.HAL_UART_TxHalfCpltCallback  stm32f1xx_hal_uart.o
    0x08003414   0x00000002   Code   RO         1571    i.HardFault_Handler  stm32f1xx_it.o
    0x08003416   0x00000024   Code   RO          405    i.Key_Function      perdrivermain.o
    0x0800343a   0x00000002   PAD
    0x0800343c   0x000000cc   Code   RO          506    i.LedDriver_Loop    leddriver.o
    0x08003508   0x00000004   Code   RO           46    i.MCUDriverMain_Init  mcudrivermain.o
    0x0800350c   0x00000002   Code   RO           47    i.MCUDriverMain_Loop  mcudrivermain.o
    0x0800350e   0x00000002   PAD
    0x08003510   0x00000078   Code   RO         1325    i.MX_ADC1_Init      adc.o
    0x08003588   0x00000044   Code   RO         1367    i.MX_CAN_Init       can.o
    0x080035cc   0x0000004c   Code   RO         1407    i.MX_DMA_Init       dma.o
    0x08003618   0x000000dc   Code   RO         1299    i.MX_GPIO_Init      gpio.o
    0x080036f4   0x0000004c   Code   RO         1433    i.MX_SPI1_Init      spi.o
    0x08003740   0x000000ec   Code   RO         1476    i.MX_TIM1_Init      tim.o
    0x0800382c   0x00000040   Code   RO         1523    i.MX_USART3_UART_Init  usart.o
    0x0800386c   0x00000002   Code   RO         1572    i.MemManage_Handler  stm32f1xx_it.o
    0x0800386e   0x00000002   PAD
    0x08003870   0x00000014   Code   RO          193    i.Motor1ADC1StartOnce  motor1adc1.o
    0x08003884   0x00000024   Code   RO          194    i.Motor1ADC1ValueStorage  motor1adc1.o
    0x080038a8   0x0000000c   Code   RO          851    i.Motor1PosPIDSetTar  foccontrol.o
    0x080038b4   0x00000010   Code   RO          286    i.Motor1SPI1SetCS   motor1spi1.o
    0x080038c4   0x00000024   Code   RO          288    i.Motor1SPI1WriteReadData  motor1spi1.o
    0x080038e8   0x00000024   Code   RO          255    i.Motor1SetEnable   motor1gpio.o
    0x0800390c   0x0000000c   Code   RO          852    i.Motor1SetTarIDIQ  foccontrol.o
    0x08003918   0x0000000c   Code   RO          853    i.Motor1SpeedPIDSetTar  foccontrol.o
    0x08003924   0x0000003c   Code   RO          331    i.Motor1TIM1_Init   motor1tim1pwm.o
    0x08003960   0x00000002   Code   RO         1573    i.NMI_Handler       stm32f1xx_it.o
    0x08003962   0x00000002   Code   RO         1574    i.PendSV_Handler    stm32f1xx_it.o
    0x08003964   0x00000004   Code   RO          406    i.PerDriverMain_Init  perdrivermain.o
    0x08003968   0x00000080   Code   RO          407    i.PerDriverMain_Loop  perdrivermain.o
    0x080039e8   0x00000024   Code   RO         2224    i.RCC_Delay         stm32f1xx_hal_rcc.o
    0x08003a0c   0x00000058   Code   RO          507    i.RLedRun_Loop      leddriver.o
    0x08003a64   0x00000024   Code   RO         3320    i.SPI_EndRxTxTransaction  stm32f1xx_hal_spi.o
    0x08003a88   0x000000bc   Code   RO         3325    i.SPI_WaitFlagStateUntilTimeout  stm32f1xx_hal_spi.o
    0x08003b44   0x00000002   Code   RO         1575    i.SVC_Handler       stm32f1xx_it.o
    0x08003b46   0x00000002   PAD
    0x08003b48   0x0000007c   Code   RO          332    i.SetMotor1ChannelHighLeaveTime_us  motor1tim1pwm.o
    0x08003bc4   0x00000078   Code   RO          333    i.SetMotor1Channel_FreqDuty  motor1tim1pwm.o
    0x08003c3c   0x00000094   Code   RO          943    i.SpeedPIDControl   focmath.o
    0x08003cd0   0x00000090   Code   RO          815    i.StartupMusic_Loop  startupmusic.o
    0x08003d60   0x00000024   Code   RO         1076    i.SvpwmCtrl         focsvpwm.o
    0x08003d84   0x00000092   Code   RO         1077    i.SvpwmGenerate     focsvpwm.o
    0x08003e16   0x00000002   PAD
    0x08003e18   0x0000009c   Code   RO         1078    i.SvpwmSectorJudgment  focsvpwm.o
    0x08003eb4   0x0000002c   Code   RO          544    i.SysManage_Loop    sysmanage.o
    0x08003ee0   0x00000010   Code   RO         1576    i.SysTick_Handler   stm32f1xx_it.o
    0x08003ef0   0x0000007a   Code   RO         1251    i.SystemClock_Config  main.o
    0x08003f6a   0x00000002   Code   RO         4945    i.SystemInit        system_stm32f1xx.o
    0x08003f6c   0x00000044   Code   RO         1577    i.TIM1_UP_IRQHandler  stm32f1xx_it.o
    0x08003fb0   0x0000006c   Code   RO         3688    i.TIM_Base_SetConfig  stm32f1xx_hal_tim.o
    0x0800401c   0x0000001a   Code   RO         3689    i.TIM_CCxChannelCmd  stm32f1xx_hal_tim.o
    0x08004036   0x00000014   Code   RO         3699    i.TIM_ETR_SetConfig  stm32f1xx_hal_tim.o
    0x0800404a   0x00000010   Code   RO         3700    i.TIM_ITRx_SetConfig  stm32f1xx_hal_tim.o
    0x0800405a   0x00000002   PAD
    0x0800405c   0x00000060   Code   RO         3701    i.TIM_OC1_SetConfig  stm32f1xx_hal_tim.o
    0x080040bc   0x00000064   Code   RO         3702    i.TIM_OC2_SetConfig  stm32f1xx_hal_tim.o
    0x08004120   0x00000060   Code   RO         3703    i.TIM_OC3_SetConfig  stm32f1xx_hal_tim.o
    0x08004180   0x00000048   Code   RO         3704    i.TIM_OC4_SetConfig  stm32f1xx_hal_tim.o
    0x080041c8   0x00000022   Code   RO         3706    i.TIM_TI1_ConfigInputStage  stm32f1xx_hal_tim.o
    0x080041ea   0x00000024   Code   RO         3708    i.TIM_TI2_ConfigInputStage  stm32f1xx_hal_tim.o
    0x0800420e   0x00000002   PAD
    0x08004210   0x00000080   Code   RO          472    i.TouchDriver_Loop  touchdriver.o
    0x08004290   0x00000010   Code   RO          473    i.Touch_GetKey      touchdriver.o
    0x080042a0   0x00000010   Code   RO         4619    i.UART_DMAAbortOnError  stm32f1xx_hal_uart.o
    0x080042b0   0x0000004a   Code   RO         4620    i.UART_DMAError     stm32f1xx_hal_uart.o
    0x080042fa   0x0000005a   Code   RO         4621    i.UART_DMAReceiveCplt  stm32f1xx_hal_uart.o
    0x08004354   0x0000001a   Code   RO         4623    i.UART_DMARxHalfCplt  stm32f1xx_hal_uart.o
    0x0800436e   0x0000002e   Code   RO         4625    i.UART_DMATransmitCplt  stm32f1xx_hal_uart.o
    0x0800439c   0x0000000a   Code   RO         4627    i.UART_DMATxHalfCplt  stm32f1xx_hal_uart.o
    0x080043a6   0x00000030   Code   RO         4629    i.UART_EndRxTransfer  stm32f1xx_hal_uart.o
    0x080043d6   0x0000001a   Code   RO         4630    i.UART_EndTransmit_IT  stm32f1xx_hal_uart.o
    0x080043f0   0x00000012   Code   RO         4631    i.UART_EndTxTransfer  stm32f1xx_hal_uart.o
    0x08004402   0x000000bc   Code   RO         4632    i.UART_Receive_IT   stm32f1xx_hal_uart.o
    0x080044be   0x00000002   PAD
    0x080044c0   0x000000b8   Code   RO         4633    i.UART_SetConfig    stm32f1xx_hal_uart.o
    0x08004578   0x00000074   Code   RO         4634    i.UART_Start_Receive_DMA  stm32f1xx_hal_uart.o
    0x080045ec   0x0000005e   Code   RO         4636    i.UART_Transmit_IT  stm32f1xx_hal_uart.o
    0x0800464a   0x00000002   PAD
    0x0800464c   0x0000006c   Code   RO         1578    i.USART3_IRQHandler  stm32f1xx_it.o
    0x080046b8   0x0000000c   Code   RO         1579    i.USB_LP_CAN1_RX0_IRQHandler  stm32f1xx_it.o
    0x080046c4   0x00000020   Code   RO          775    i.UartBus_Init      uartbus.o
    0x080046e4   0x000000b0   Code   RO          776    i.UartBus_Loop      uartbus.o
    0x08004794   0x00000002   Code   RO         1580    i.UsageFault_Handler  stm32f1xx_it.o
    0x08004796   0x00000020   Code   RO         2529    i.__NVIC_SetPriority  stm32f1xx_hal_cortex.o
    0x080047b6   0x0000000e   Code   RO         5769    i.__scatterload_copy  mc_w.l(handlers.o)
    0x080047c4   0x00000002   Code   RO         5770    i.__scatterload_null  mc_w.l(handlers.o)
    0x080047c6   0x0000000e   Code   RO         5771    i.__scatterload_zeroinit  mc_w.l(handlers.o)
    0x080047d4   0x00000024   Code   RO          944    i.clarke_calc       focmath.o
    0x080047f8   0x00000036   Code   RO          945    i.ipark_calc        focmath.o
    0x0800482e   0x0000002e   Code   RO         1252    i.main              main.o
    0x0800485c   0x00000032   Code   RO          946    i.park_calc         focmath.o
    0x0800488e   0x00000002   PAD
    0x08004890   0x00000804   Code   RO         5428    sincos_table        IQmathLib-cm3.lib(IQtables.o)
    0x08005094   0x00000010   Data   RO         4946    .constdata          system_stm32f1xx.o
    0x080050a4   0x00000008   Data   RO         4947    .constdata          system_stm32f1xx.o
    0x080050ac   0x00000020   Data   RO         5767    Region$$Table       anon$$obj.o


    Execution Region RW_IRAM1 (Base: 0x20000000, Size: 0x000008b8, Max: 0x00005000, ABSOLUTE, COMPRESSED[0x0000001c])

    Base Addr    Size         Type   Attr      Idx    E Section Name        Object

    0x20000000   0x00000004   Data   RW          375    .data               timer.o
    0x20000004   0x00000018   Data   RW          410    .data               perdrivermain.o
    0x2000001c   0x00000006   Data   RW          508    .data               leddriver.o
    0x20000022   0x00000004   Data   RW          545    .data               sysmanage.o
    0x20000026   0x00000002   PAD
    0x20000028   0x00000008   Data   RW          669    .data               functionmain.o
    0x20000030   0x00000001   Data   RW          726    .data               canbus.o
    0x20000031   0x00000001   PAD
    0x20000032   0x0000000b   Data   RW          778    .data               uartbus.o
    0x2000003d   0x00000001   PAD
    0x2000003e   0x00000002   Data   RW          816    .data               startupmusic.o
    0x20000040   0x000000f8   Data   RW          854    .data               foccontrol.o
    0x20000138   0x0000000c   Data   RW         1025    .data               angleencoder.o
    0x20000144   0x00000050   Data   RW         1079    .data               focsvpwm.o
    0x20000194   0x00000002   Data   RW         1525    .data               usart.o
    0x20000196   0x00000002   Data   RW         1581    .data               stm32f1xx_it.o
    0x20000198   0x0000000c   Data   RW         2061    .data               stm32f1xx_hal.o
    0x200001a4   0x00000004   Data   RW         4948    .data               system_stm32f1xx.o
    0x200001a8   0x00000030   Zero   RW          195    .bss                motor1adc1.o
    0x200001d8   0x00000010   Zero   RW          474    .bss                touchdriver.o
    0x200001e8   0x00000048   Zero   RW          725    .bss                canbus.o
    0x20000230   0x00000058   Zero   RW          777    .bss                uartbus.o
    0x20000288   0x00000074   Zero   RW         1326    .bss                adc.o
    0x200002fc   0x00000028   Zero   RW         1368    .bss                can.o
    0x20000324   0x00000058   Zero   RW         1434    .bss                spi.o
    0x2000037c   0x00000048   Zero   RW         1477    .bss                tim.o
    0x200003c4   0x000000f4   Zero   RW         1524    .bss                usart.o
    0x200004b8   0x00000400   Zero   RW         1714    STACK               startup_stm32f103xb.o


==============================================================================

Image component sizes


      Code (inc. data)   RO Data    RW Data    ZI Data      Debug   Object Name

       264         30          0          0        116       1771   adc.o
       260         14          0         12          0       2453   angleencoder.o
        36          0          0          0          0       5430   appmain.o
       208         20          0          0         40       1663   can.o
       288         38          0          1         72       4082   canbus.o
        76          4          0          0          0        770   dma.o
       322         68          0        248          0       5520   foccontrol.o
       720         12          0          0          0       5061   focmath.o
       602         38          0         80          0       4351   focsvpwm.o
        78         10          0          8          0       1148   functionmain.o
       220         14          0          0          0        963   gpio.o
       380         28          0          6          0       2867   leddriver.o
       172          0          0          0          0       1544   main.o
         6          0          0          0          0     471130   mcudrivermain.o
       132         24          0          0         48       3546   motor1adc1.o
        36          4          0          0          0        546   motor1gpio.o
        52         10          0          0          0       1032   motor1spi1.o
       304         26          0          0          0       2033   motor1tim1pwm.o
       168         16          0         24          0       3173   perdrivermain.o
       188         22          0          0         88       1665   spi.o
        36          8        236          0       1024        772   startup_stm32f103xb.o
       144          6          0          2          0        776   startupmusic.o
       132         24          0         12          0       5301   stm32f1xx_hal.o
      1168         54          0          0          0       8546   stm32f1xx_hal_adc.o
      1746          0          0          0          0      14027   stm32f1xx_hal_can.o
       198         14          0          0          0      29043   stm32f1xx_hal_cortex.o
       842         38          0          0          0       5046   stm32f1xx_hal_dma.o
       524         32          0          0          0       3467   stm32f1xx_hal_gpio.o
        64         10          0          0          0        890   stm32f1xx_hal_msp.o
      1468        106          0          0          0       6660   stm32f1xx_hal_rcc.o
       268         12          0          0          0       1456   stm32f1xx_hal_rcc_ex.o
       888          4          0          0          0       4529   stm32f1xx_hal_spi.o
      1838         60          0          0          0      16484   stm32f1xx_hal_tim.o
       192         14          0          0          0       3233   stm32f1xx_hal_tim_ex.o
      1784         40          0          0          0      15917   stm32f1xx_hal_uart.o
       282         62          0          2          0       8490   stm32f1xx_it.o
        56         14          0          4          0       1778   sysmanage.o
         2          0         24          4          0       1119   system_stm32f1xx.o
       372         32          0          0         72       2420   tim.o
         0          0          0          4          0        234   timer.o
       144         16          0          0         16       1356   touchdriver.o
       208         18          0         11         88       1940   uartbus.o
       304         30          0          2        244       1907   usart.o

    ----------------------------------------------------------------------
     17218        972        292        424       1808     656139   Object Totals
         0          0         32          0          0          0   (incl. Generated)
        46          0          0          4          0          0   (incl. Padding)

    ----------------------------------------------------------------------

      Code (inc. data)   RO Data    RW Data    ZI Data      Debug   Library Member Name

       140         16          0          0          0        244   IQNcos.o
       144          2          0          0          0        256   IQNdiv.o
        32          4          0          0          0        392   IQNmpy.o
       136         16          0          0          0        244   IQNsin.o
        72          0          0          0          0        424   IQNtoF.o
      2052       2052          0          0          0        164   IQtables.o
        86          0          0          0          0          0   __dczerorl2.o
         0          0          0          0          0          0   entry.o
         0          0          0          0          0          0   entry10a.o
         0          0          0          0          0          0   entry11a.o
         8          4          0          0          0          0   entry2.o
         4          0          0          0          0          0   entry5.o
         0          0          0          0          0          0   entry7b.o
         0          0          0          0          0          0   entry8b.o
         8          4          0          0          0          0   entry9a.o
        30          0          0          0          0          0   handlers.o
        36          8          0          0          0         68   init.o
         0          0          0          0          0          0   iusefp.o
        36          0          0          0          0         68   memcpya.o
        36          0          0          0          0        108   memseta.o
       110          0          0          0          0        168   fepilogue.o
        50          0          0          0          0         68   ffixi.o
        40          0          0          0          0         68   ffixui.o
        18          0          0          0          0         68   fflti.o
        10          0          0          0          0         68   ffltui.o
       100          0          0          0          0         76   fmul.o
        24          0          0          0          0         68   fscalb.o

    ----------------------------------------------------------------------
      3174       2106          0          0          0       2552   Library Totals
         2          0          0          0          0          0   (incl. Padding)

    ----------------------------------------------------------------------

      Code (inc. data)   RO Data    RW Data    ZI Data      Debug   Library Name

      2576       2090          0          0          0       1724   IQmathLib-cm3.lib
       244         16          0          0          0        244   mc_w.l
       352          0          0          0          0        584   mf_w.l

    ----------------------------------------------------------------------
      3174       2106          0          0          0       2552   Library Totals

    ----------------------------------------------------------------------

==============================================================================


      Code (inc. data)   RO Data    RW Data    ZI Data      Debug   

     20392       3078        292        424       1808     648315   Grand Totals
     20392       3078        292         28       1808     648315   ELF Image Totals (compressed)
     20392       3078        292         28          0          0   ROM Totals

==============================================================================

    Total RO  Size (Code + RO Data)                20684 (  20.20kB)
    Total RW  Size (RW Data + ZI Data)              2232 (   2.18kB)
    Total ROM Size (Code + RO Data + RW Data)      20712 (  20.23kB)

==============================================================================

