../Drivers/CMSIS/Include/core_cm4.h:1939:34:__NVIC_SystemReset	4	static,ignoring_inline_asm
../Core/Hardware/connect.c:15:6:Connect_Init	8	static
../Core/Hardware/connect.c:23:6:printBinary	24	static
../Core/Hardware/connect.c:31:6:printBinary_8	24	static
../Core/Hardware/connect.c:40:6:restartDMA	16	static
../Core/Hardware/connect.c:47:6:HAL_UARTEx_RxEventCallback	16	static
../Core/Hardware/connect.c:68:6:processSerialData	1032	static
../Core/Hardware/connect.c:200:6:vofa_JustFloat_output	16	static
../Core/Hardware/connect.c:220:1:__io_putchar	16	static
E:\stm32cubeide_cdh\STM32CubeIDE_1.13.1\STM32CubeIDE\plugins\com.st.stm32cube.ide.mcu.externaltools.gnu-tools-for-stm32.11.3.rel1.win32_1.1.0.202305231506\tools\bin/../lib/gcc/arm-none-eabi/11.3.1/../../../../arm-none-eabi/include/stdio.h:222:5:fgetc	24	static
