../Core/Hardware/oled.c:12:10:OLED_GET_FPS	4	static
../Core/Hardware/oled.c:19:6:OLED_DrawUpperLowerBorder	32	static
../Core/Hardware/oled.c:52:6:OLED_ShowImage	40	static
../Core/Hardware/oled.c:82:6:OLED_ShowImageWithFadeIn	56	static
../Core/Hardware/oled.c:122:6:OLED_Printf	132	static
../Core/Hardware/oled.c:140:6:OLED_Printf_Centered	128	static
../Core/Hardware/oled.c:170:6:OLED_Printf_Wrap	132	static
../Core/Hardware/oled.c:208:6:OLED_Show_Chinese	24	static
../Core/Hardware/oled.c:251:6:OLED_ShowChar	24	static
../Core/Hardware/oled.c:328:6:OLED_Draw_Auto_Rounded_Rectangle	48	static
../Core/Hardware/oled.c:383:6:OLED_Draw_Rounded_Rect	40	static
../Core/Hardware/oled.c:438:6:OLED_Draw_Clear_Rectangle	32	static
../Core/Hardware/oled.c:462:6:OLED_Draw_Clear_Circle	32	static
../Core/Hardware/oled.c:490:6:OLED_Draw_Clear_Line	48	static
../Core/Hardware/oled.c:544:6:OLED_Draw_Clear_Point	24	static
../Core/Hardware/oled.c:561:9:OLED_Get_Clear_Point	24	static
../Core/Hardware/oled.c:577:6:OLED_Reflash	16	static
../Core/Hardware/oled.c:644:6:OLED_GRAM_CLR	16	static
../Core/Hardware/oled.c:656:6:OLED_Set_Pos	16	static
../Core/Hardware/oled.c:664:6:OLED_Display_On	8	static
../Core/Hardware/oled.c:671:6:OLED_Display_Off	8	static
../Core/Hardware/oled.c:679:6:OLED_Init	8	static
../Core/Hardware/oled.c:743:6:OLED_WriteCmd	16	static
../Core/Hardware/oled.c:757:6:OLED_WriteData	16	static
../Core/Hardware/oled.c:771:6:Software_SPI_Write	24	static
../Core/Hardware/oled.c:783:6:Hardware_SPI_Write	16	static
